ARM Linker, 5.03 [Build 76] [MDK-ARM Standard]

==============================================================================

Section Cross References

    startup_lpc17xx.o(STACK) refers (Special) to heapauxi.o(.text) for __use_two_region_memory
    startup_lpc17xx.o(HEAP) refers (Special) to heapauxi.o(.text) for __use_two_region_memory
    startup_lpc17xx.o(RESET) refers (Special) to heapauxi.o(.text) for __use_two_region_memory
    startup_lpc17xx.o(RESET) refers to startup_lpc17xx.o(STACK) for __initial_sp
    startup_lpc17xx.o(RESET) refers to startup_lpc17xx.o(.text) for Reset_Handler
    startup_lpc17xx.o(RESET) refers to os_cpu_a.o(.text) for OS_CPU_PendSVHandler
    startup_lpc17xx.o(RESET) refers to os_cpu_c.o(.text) for OS_CPU_SysTickHandler
    startup_lpc17xx.o(RESET) refers to times.o(.text) for TIMER0_IRQHandler
    startup_lpc17xx.o(RESET) refers to porttimer.o(.text) for TIMER3_IRQHandler
    startup_lpc17xx.o(RESET) refers to uarts.o(.text) for UART0_IRQHandler
    startup_lpc17xx.o(RESET) refers to i2c.o(.text) for I2C1_IRQHandler
    startup_lpc17xx.o(RESET) refers to rtc.o(.text) for RTC_IRQHandler
    startup_lpc17xx.o(.ARM.__at_0x02FC) refers (Special) to heapauxi.o(.text) for __use_two_region_memory
    startup_lpc17xx.o(.text) refers (Special) to heapauxi.o(.text) for __use_two_region_memory
    startup_lpc17xx.o(.text) refers to system_lpc17xx.o(.text) for SystemInit
    startup_lpc17xx.o(.text) refers to __main.o(!!!main) for __main
    startup_lpc17xx.o(.text) refers to startup_lpc17xx.o(HEAP) for Heap_Mem
    startup_lpc17xx.o(.text) refers to startup_lpc17xx.o(STACK) for Stack_Mem
    system_lpc17xx.o(.text) refers to system_lpc17xx.o(.data) for SystemCoreClock
    lpc17xx_adc.o(.text) refers to main.o(.text) for check_failed
    lpc17xx_adc.o(.text) refers to lpc17xx_clkpwr.o(.text) for CLKPWR_ConfigPPWR
    lpc17xx_clkpwr.o(.text) refers to system_lpc17xx.o(.data) for SystemCoreClock
    lpc17xx_i2c.o(.text) refers to main.o(.text) for check_failed
    lpc17xx_i2c.o(.text) refers to lpc17xx_clkpwr.o(.text) for CLKPWR_GetPCLK
    lpc17xx_i2c.o(.text) refers to lpc17xx_i2c.o(.bss) for i2cdat
    lpc17xx_i2c.o(.text) refers to lpc17xx_i2c.o(.data) for I2C_MonitorBufferIndex
    lpc17xx_i2s.o(.text) refers to main.o(.text) for check_failed
    lpc17xx_i2s.o(.text) refers to lpc17xx_clkpwr.o(.text) for CLKPWR_ConfigPPWR
    lpc17xx_rtc.o(.text) refers to main.o(.text) for check_failed
    lpc17xx_rtc.o(.text) refers to lpc17xx_clkpwr.o(.text) for CLKPWR_ConfigPPWR
    lpc17xx_timer.o(.text) refers to lpc17xx_clkpwr.o(.text) for CLKPWR_GetPCLK
    lpc17xx_timer.o(.text) refers to lludivv7m.o(.text) for __aeabi_uldivmod
    lpc17xx_timer.o(.text) refers to main.o(.text) for check_failed
    lpc17xx_uart.o(.text) refers to lpc17xx_clkpwr.o(.text) for CLKPWR_GetPCLK
    lpc17xx_uart.o(.text) refers to main.o(.text) for check_failed
    cpu_c.o(.text) refers to cpu_a.o(.text) for CPU_SR_Save
    os_core.o(.text) refers to os_cpu_a.o(.text) for OS_CPU_SR_Save
    os_core.o(.text) refers to os_core.o(.data) for OSIntNesting
    os_core.o(.text) refers to os_core.o(.constdata) for OSUnMapTbl
    os_core.o(.text) refers to os_core.o(.bss) for OSTCBPrioTbl
    os_core.o(.text) refers to os_task.o(.text) for OSTaskStkChk
    os_core.o(.text) refers to os_time.o(.text) for OSTimeDly
    os_core.o(.text) refers to os_cpu_c.o(.text) for OSTaskStatHook
    os_core.o(.text) refers to os_flag.o(.text) for OS_FlagInit
    os_core.o(.text) refers to os_mem.o(.text) for OS_MemInit
    os_core.o(.text) refers to os_q.o(.text) for OS_QInit
    os_core.o(.text) refers to os_tmr.o(.text) for OSTmr_Init
    os_core.o(.text) refers to os_dbg.o(.text) for OSDebugInit
    os_flag.o(.text) refers to os_cpu_a.o(.text) for OS_CPU_SR_Save
    os_flag.o(.text) refers to os_core.o(.text) for OS_Sched
    os_flag.o(.text) refers to os_core.o(.data) for OSIntNesting
    os_flag.o(.text) refers to os_core.o(.bss) for OSFlagTbl
    os_mbox.o(.text) refers to os_cpu_a.o(.text) for OS_CPU_SR_Save
    os_mbox.o(.text) refers to os_core.o(.text) for OS_EventWaitListInit
    os_mbox.o(.text) refers to os_core.o(.data) for OSIntNesting
    os_mem.o(.text) refers to os_cpu_a.o(.text) for OS_CPU_SR_Save
    os_mem.o(.text) refers to os_core.o(.text) for OS_StrLen
    os_mem.o(.text) refers to os_core.o(.data) for OSMemFreeList
    os_mem.o(.text) refers to os_core.o(.bss) for OSMemTbl
    os_mutex.o(.text) refers to os_cpu_a.o(.text) for OS_CPU_SR_Save
    os_mutex.o(.text) refers to os_core.o(.text) for OS_EventWaitListInit
    os_mutex.o(.text) refers to os_core.o(.data) for OSIntNesting
    os_mutex.o(.text) refers to os_core.o(.bss) for OSTCBPrioTbl
    os_q.o(.text) refers to os_cpu_a.o(.text) for OS_CPU_SR_Save
    os_q.o(.text) refers to os_core.o(.text) for OS_EventWaitListInit
    os_q.o(.text) refers to os_core.o(.data) for OSIntNesting
    os_q.o(.text) refers to os_core.o(.bss) for OSQTbl
[...]
    _btod_d2e                                0x00020b37   Thumb Code    62  btod.o(CL$$btod_d2e)
    _d2e_denorm_low                          0x00020b75   Thumb Code    70  btod.o(CL$$btod_d2e_denorm_low)
    _d2e_norm_op1                            0x00020bbb   Thumb Code    96  btod.o(CL$$btod_d2e_norm_op1)
    __btod_div_common                        0x00020c1b   Thumb Code   696  btod.o(CL$$btod_div_common)
    _e2e                                     0x00020f53   Thumb Code   198  btod.o(CL$$btod_e2e)
    _btod_ediv                               0x00021019   Thumb Code    40  btod.o(CL$$btod_ediv)
    _btod_emul                               0x00021041   Thumb Code    40  btod.o(CL$$btod_emul)
    __btod_mult_common                       0x00021069   Thumb Code   580  btod.o(CL$$btod_mult_common)
    __ARM_fpclassify                         0x000212ad   Thumb Code    40  fpclassify.o(i.__ARM_fpclassify)
    __kernel_poly                            0x000212d5   Thumb Code   170  poly.o(i.__kernel_poly)
    log                                      0x00021381   Thumb Code   822  log.o(i.log)
    sqrt                                     0x000216f1   Thumb Code    76  sqrt.o(i.sqrt)
    _get_lc_numeric                          0x0002173d   Thumb Code    44  lc_numeric_c.o(locale$$code)
    __aeabi_d2f                              0x00021769   Thumb Code     0  d2f.o(x$fpl$d2f)
    _d2f                                     0x00021769   Thumb Code    98  d2f.o(x$fpl$d2f)
    __aeabi_dadd                             0x000217cd   Thumb Code     0  daddsub_clz.o(x$fpl$dadd)
    _dadd                                    0x000217cd   Thumb Code   332  daddsub_clz.o(x$fpl$dadd)
    __fpl_dcheck_NaN1                        0x0002191d   Thumb Code    10  dcheck1.o(x$fpl$dcheck1)
    __fpl_dcmp_Inf                           0x0002192d   Thumb Code    24  dcmpi.o(x$fpl$dcmpinf)
    __aeabi_ddiv                             0x00021945   Thumb Code     0  ddiv.o(x$fpl$ddiv)
    _ddiv                                    0x00021945   Thumb Code   552  ddiv.o(x$fpl$ddiv)
    __aeabi_cdcmpeq                          0x00021bf5   Thumb Code     0  deqf.o(x$fpl$deqf)
    _dcmpeq                                  0x00021bf5   Thumb Code   120  deqf.o(x$fpl$deqf)
    __aeabi_d2iz                             0x00021c6d   Thumb Code     0  dfix.o(x$fpl$dfix)
    _dfix                                    0x00021c6d   Thumb Code    94  dfix.o(x$fpl$dfix)
    __aeabi_d2uiz                            0x00021ccd   Thumb Code     0  dfixu.o(x$fpl$dfixu)
    _dfixu                                   0x00021ccd   Thumb Code    90  dfixu.o(x$fpl$dfixu)
    __aeabi_i2d                              0x00021d27   Thumb Code     0  dflt_clz.o(x$fpl$dflt)
    _dflt                                    0x00021d27   Thumb Code    46  dflt_clz.o(x$fpl$dflt)
    __aeabi_ui2d                             0x00021d55   Thumb Code     0  dflt_clz.o(x$fpl$dfltu)
    _dfltu                                   0x00021d55   Thumb Code    38  dflt_clz.o(x$fpl$dfltu)
    __aeabi_cdcmple                          0x00021d7d   Thumb Code     0  dleqf.o(x$fpl$dleqf)
    _dcmple                                  0x00021d7d   Thumb Code   120  dleqf.o(x$fpl$dleqf)
    __fpl_dcmple_InfNaN                      0x00021ddf   Thumb Code     0  dleqf.o(x$fpl$dleqf)
    __aeabi_dmul                             0x00021df5   Thumb Code     0  dmul.o(x$fpl$dmul)
    _dmul                                    0x00021df5   Thumb Code   332  dmul.o(x$fpl$dmul)
    __fpl_dnaninf                            0x00021f49   Thumb Code   156  dnaninf.o(x$fpl$dnaninf)
    __fpl_dretinf                            0x00021fe5   Thumb Code    12  dretinf.o(x$fpl$dretinf)
    __aeabi_cdrcmple                         0x00021ff1   Thumb Code     0  drleqf.o(x$fpl$drleqf)
    _drcmple                                 0x00021ff1   Thumb Code   108  drleqf.o(x$fpl$drleqf)
    __aeabi_drsub                            0x0002205d   Thumb Code     0  daddsub_clz.o(x$fpl$drsb)
    _drsb                                    0x0002205d   Thumb Code    22  daddsub_clz.o(x$fpl$drsb)
    _dsqrt                                   0x00022075   Thumb Code   456  dsqrt_noumaal.o(x$fpl$dsqrt)
    __aeabi_dsub                             0x00022241   Thumb Code     0  daddsub_clz.o(x$fpl$dsub)
    _dsub                                    0x00022241   Thumb Code   464  daddsub_clz.o(x$fpl$dsub)
    __aeabi_f2d                              0x00022415   Thumb Code     0  f2d.o(x$fpl$f2d)
    _f2d                                     0x00022415   Thumb Code    86  f2d.o(x$fpl$f2d)
    __aeabi_fadd                             0x0002246d   Thumb Code     0  faddsub_clz.o(x$fpl$fadd)
    _fadd                                    0x0002246d   Thumb Code   196  faddsub_clz.o(x$fpl$fadd)
    __fpl_fcmp_Inf                           0x00022531   Thumb Code    24  fcmpi.o(x$fpl$fcmpinf)
    __aeabi_fdiv                             0x00022549   Thumb Code     0  fdiv.o(x$fpl$fdiv)
    _fdiv                                    0x00022549   Thumb Code   384  fdiv.o(x$fpl$fdiv)
    __aeabi_cfcmpeq                          0x000226cd   Thumb Code     0  feqf.o(x$fpl$feqf)
    _fcmpeq                                  0x000226cd   Thumb Code   104  feqf.o(x$fpl$feqf)
    __aeabi_f2iz                             0x00022735   Thumb Code     0  ffix.o(x$fpl$ffix)
    _ffix                                    0x00022735   Thumb Code    54  ffix.o(x$fpl$ffix)
    __aeabi_f2uiz                            0x0002276d   Thumb Code     0  ffixu.o(x$fpl$ffixu)
    _ffixu                                   0x0002276d   Thumb Code    62  ffixu.o(x$fpl$ffixu)
    __aeabi_i2f                              0x000227ad   Thumb Code     0  fflt_clz.o(x$fpl$fflt)
    _fflt                                    0x000227ad   Thumb Code    48  fflt_clz.o(x$fpl$fflt)
    __aeabi_ui2f                             0x000227dd   Thumb Code     0  fflt_clz.o(x$fpl$ffltu)
    _ffltu                                   0x000227dd   Thumb Code    38  fflt_clz.o(x$fpl$ffltu)
    __aeabi_cfcmple                          0x00022805   Thumb Code     0  fleqf.o(x$fpl$fleqf)
    _fcmple                                  0x00022805   Thumb Code   104  fleqf.o(x$fpl$fleqf)
    __fpl_fcmple_InfNaN                      0x00022857   Thumb Code     0  fleqf.o(x$fpl$fleqf)
    __aeabi_fmul                             0x0002286d   Thumb Code     0  fmul.o(x$fpl$fmul)
    _fmul                                    0x0002286d   Thumb Code   258  fmul.o(x$fpl$fmul)
    __fpl_fnaninf                            0x0002296f   Thumb Code   140  fnaninf.o(x$fpl$fnaninf)
    __fpl_fretinf                            0x000229fb   Thumb Code    10  fretinf.o(x$fpl$fretinf)
    __aeabi_cfrcmple                         0x00022a05   Thumb Code     0  frleqf.o(x$fpl$frleqf)
    _frcmple                                 0x00022a05   Thumb Code    98  frleqf.o(x$fpl$frleqf)
    __aeabi_fsub                             0x00022a69   Thumb Code     0  faddsub_clz.o(x$fpl$fsub)
    _fsub                                    0x00022a69   Thumb Code   234  faddsub_clz.o(x$fpl$fsub)
    __fpl_return_NaN                         0x00022b53   Thumb Code   100  retnan.o(x$fpl$retnan)
    __ARM_scalbn                             0x00022bb7   Thumb Code    92  scalbn.o(x$fpl$scalbn)
    __fpl_cmpreturn                          0x00022c13   Thumb Code    48  trapv.o(x$fpl$trapveneer)
    OSUnMapTbl                               0x00022c42   Data         256  os_core.o(.constdata)
    __I$use$fp                               0x00022c42   Number         0  usenofp.o(x$fpl$usenofp)
    OSDebugEn                                0x00022d44   Data           2  os_dbg.o(.constdata)
    OSEndiannessTest                         0x00022d48   Data           4  os_dbg.o(.constdata)
    OSEventEn                                0x00022d4c   Data           2  os_dbg.o(.constdata)
    OSEventMax                               0x00022d4e   Data           2  os_dbg.o(.constdata)
    OSEventNameEn                            0x00022d50   Data           2  os_dbg.o(.constdata)
    OSEventSize                              0x00022d52   Data           2  os_dbg.o(.constdata)
    OSEventTblSize                           0x00022d54   Data           2  os_dbg.o(.constdata)
    OSEventMultiEn                           0x00022d56   Data           2  os_dbg.o(.constdata)
    OSFlagEn                                 0x00022d58   Data           2  os_dbg.o(.constdata)
    OSFlagGrpSize                            0x00022d5a   Data           2  os_dbg.o(.constdata)
    OSFlagNodeSize                           0x00022d5c   Data           2  os_dbg.o(.constdata)
    OSFlagWidth                              0x00022d5e   Data           2  os_dbg.o(.constdata)
    OSFlagMax                                0x00022d60   Data           2  os_dbg.o(.constdata)
    OSFlagNameEn                             0x00022d62   Data           2  os_dbg.o(.constdata)
    OSLowestPrio                             0x00022d64   Data           2  os_dbg.o(.constdata)
    OSMboxEn                                 0x00022d66   Data           2  os_dbg.o(.constdata)
    OSMemEn                                  0x00022d68   Data           2  os_dbg.o(.constdata)
    OSMemMax                                 0x00022d6a   Data           2  os_dbg.o(.constdata)
    OSMemNameEn                              0x00022d6c   Data           2  os_dbg.o(.constdata)
    OSMemSize                                0x00022d6e   Data           2  os_dbg.o(.constdata)
    OSMemTblSize                             0x00022d70   Data           2  os_dbg.o(.constdata)
    OSMutexEn                                0x00022d72   Data           2  os_dbg.o(.constdata)
    OSPtrSize                                0x00022d74   Data           2  os_dbg.o(.constdata)
    OSQEn                                    0x00022d76   Data           2  os_dbg.o(.constdata)
    OSQMax                                   0x00022d78   Data           2  os_dbg.o(.constdata)
    OSQSize                                  0x00022d7a   Data           2  os_dbg.o(.constdata)
    OSRdyTblSize                             0x00022d7c   Data           2  os_dbg.o(.constdata)
    OSSemEn                                  0x00022d7e   Data           2  os_dbg.o(.constdata)
    OSStkWidth                               0x00022d80   Data           2  os_dbg.o(.constdata)
    OSTaskCreateEn                           0x00022d82   Data           2  os_dbg.o(.constdata)
    OSTaskCreateExtEn                        0x00022d84   Data           2  os_dbg.o(.constdata)
    OSTaskDelEn                              0x00022d86   Data           2  os_dbg.o(.constdata)
    OSTaskIdleStkSize                        0x00022d88   Data           2  os_dbg.o(.constdata)
    OSTaskProfileEn                          0x00022d8a   Data           2  os_dbg.o(.constdata)
    OSTaskMax                                0x00022d8c   Data           2  os_dbg.o(.constdata)
    OSTaskNameEn                             0x00022d8e   Data           2  os_dbg.o(.constdata)
    OSTaskStatEn                             0x00022d90   Data           2  os_dbg.o(.constdata)
    OSTaskStatStkSize                        0x00022d92   Data           2  os_dbg.o(.constdata)
    OSTaskStatStkChkEn                       0x00022d94   Data           2  os_dbg.o(.constdata)
    OSTaskSwHookEn                           0x00022d96   Data           2  os_dbg.o(.constdata)
    OSTCBPrioTblMax                          0x00022d98   Data           2  os_dbg.o(.constdata)
    OSTCBSize                                0x00022d9a   Data           2  os_dbg.o(.constdata)
    OSTicksPerSec                            0x00022d9c   Data           2  os_dbg.o(.constdata)
    OSTimeTickHookEn                         0x00022d9e   Data           2  os_dbg.o(.constdata)
    OSVersionNbr                             0x00022da0   Data           2  os_dbg.o(.constdata)
    OSTmrEn                                  0x00022da2   Data           2  os_dbg.o(.constdata)
    OSTmrCfgMax                              0x00022da4   Data           2  os_dbg.o(.constdata)
    OSTmrCfgNameEn                           0x00022da6   Data           2  os_dbg.o(.constdata)
    OSTmrCfgWheelSize                        0x00022da8   Data           2  os_dbg.o(.constdata)
    OSTmrCfgTicksPerSec                      0x00022daa   Data           2  os_dbg.o(.constdata)
    OSTmrSize                                0x00022dac   Data           2  os_dbg.o(.constdata)
    OSTmrTblSize                             0x00022dae   Data           2  os_dbg.o(.constdata)
    OSTmrWheelSize                           0x00022db0   Data           2  os_dbg.o(.constdata)
    OSTmrWheelTblSize                        0x00022db2   Data           2  os_dbg.o(.constdata)
    OSDataSize                               0x00022db4   Data           2  os_dbg.o(.constdata)
    hzk126k1                                 0x00022db6   Data        1548  zk.o(.constdata)
    hzk2412k1                                0x000233c2   Data        4428  zk.o(.constdata)
    hzk168k1                                 0x0002450e   Data        2048  zk.o(.constdata)
    hzk1212k2                                0x00024d0e   Data        3096  zk.o(.constdata)
    hanzi1616                                0x00025926   Data          32  zk.o(.constdata)
    hanzi2412                                0x00025946   Data          36  zk.o(.constdata)
    hanzi2424                                0x0002596a   Data         144  zk.o(.constdata)
    hanzi816                                 0x000259fa   Data          32  zk.o(.constdata)
    pic_240x160                              0x00025a1a   Data        4800  picture.o(.constdata)
    pic_240x160_en                           0x00026cda   Data        4800  picture.o(.constdata)
    pic                                      0x00027f9a   Data        2744  picture.o(.constdata)
    picCell                                  0x00028a52   Data         400  picture.o(.constdata)
    areaMenu                                 0x00028c0c   Data          28  menu.o(.constdata)
    prompt_inf                               0x00028c28   Data         640  menu.o(.constdata)
    NextPrompt                               0x00028ea8   Data        4560  menu.o(.constdata)
    LocPrompt                                0x0002a078   Data         200  menu.o(.constdata)
    MenuFormat                               0x0002a140   Data         101  menu.o(.constdata)
    DisDat2                                  0x0002a1a5   Data         150  menu.o(.constdata)
    SysPro                                   0x0002a250   Data         400  keyshow.o(.constdata)
    __mathlib_zero                           0x0002a638   Data           8  qnan.o(.constdata)
    Region$$Table$$Base                      0x0002a6d4   Number         0  anon$$obj.o(Region$$Table)
    Region$$Table$$Limit                     0x0002a714   Number         0  anon$$obj.o(Region$$Table)
    OSCtxSwCtr                               0x10000000   Data           4  os_core.o(.data)
    OSEventFreeList                          0x10000004   Data           4  os_core.o(.data)
    OSFlagFreeList                           0x10000008   Data           4  os_core.o(.data)
    OSCPUUsage                               0x1000000c   Data           1  os_core.o(.data)
    OSIdleCtrMax                             0x10000010   Data           4  os_core.o(.data)
    OSIdleCtrRun                             0x10000014   Data           4  os_core.o(.data)
    OSStatRdy                                0x10000018   Data           1  os_core.o(.data)
    OSIntNesting                             0x10000019   Data           1  os_core.o(.data)
    OSLockNesting                            0x1000001a   Data           1  os_core.o(.data)
    OSPrioCur                                0x1000001b   Data           1  os_core.o(.data)
    OSPrioHighRdy                            0x1000001c   Data           1  os_core.o(.data)
    OSRdyGrp                                 0x1000001d   Data           1  os_core.o(.data)
    OSRdyTbl                                 0x1000001e   Data           8  os_core.o(.data)
    OSRunning                                0x10000026   Data           1  os_core.o(.data)
    OSTaskCtr                                0x10000027   Data           1  os_core.o(.data)
    OSIdleCtr                                0x10000028   Data           4  os_core.o(.data)
    OSTCBCur                                 0x1000002c   Data           4  os_core.o(.data)
    OSTCBFreeList                            0x10000030   Data           4  os_core.o(.data)
    OSTCBHighRdy                             0x10000034   Data           4  os_core.o(.data)
    OSTCBList                                0x10000038   Data           4  os_core.o(.data)
    OSTickStepState                          0x1000003c   Data           1  os_core.o(.data)
    OSMemFreeList                            0x10000040   Data           4  os_core.o(.data)
    OSQFreeList                              0x10000044   Data           4  os_core.o(.data)
    OSTime                                   0x10000048   Data           4  os_core.o(.data)
    OSTmrFree                                0x1000004c   Data           2  os_core.o(.data)
    OSTmrUsed                                0x1000004e   Data           2  os_core.o(.data)
    OSTmrTime                                0x10000050   Data           4  os_core.o(.data)
    OSTmrSem                                 0x10000054   Data           4  os_core.o(.data)
    OSTmrSemSignal                           0x10000058   Data           4  os_core.o(.data)
    OSTmrFreeList                            0x1000005c   Data           4  os_core.o(.data)
    Tx0IntStat                               0x10000062   Data           1  uarts.o(.data)
    Tx1IntStat                               0x10000063   Data           1  uarts.o(.data)
    Tx2IntStat                               0x10000064   Data           1  uarts.o(.data)
    Tx3IntStat                               0x10000065   Data           1  uarts.o(.data)
    iCountTime2                              0x10000068   Data           4  times.o(.data)
    BPtimer                                  0x1000006c   Data           2  times.o(.data)
    BPcount                                  0x1000006e   Data           2  times.o(.data)
    BPoffTime                                0x10000070   Data           2  times.o(.data)
    BPonTime                                 0x10000072   Data           2  times.o(.data)
    delayMsCnt                               0x10000074   Data           4  times.o(.data)
    V_for_I_max                              0x10000078   Data           2  public.o(.data)
    GB_16                                    0x1000007a   Data          52  zk.o(.data)
    errtimemax                               0x100000b0   Data           1  fpga_contorl.o(.data)
    errtimemax0                              0x100000b1   Data           1  fpga_contorl.o(.data)
    UseFor                                   0x100000b2   Data           1  fpga_contorl.o(.data)
    UseFor0                                  0x100000b3   Data           1  fpga_contorl.o(.data)
    ACKFlg                                   0x100000b4   Data           1  fpga_contorl.o(.data)
    C14MotMoveTime                           0x100000b5   Data           1  fpga_contorl.o(.data)
    PM25_GS_M                                0x100000b8   Data           4  fpga_contorl.o(.data)
    PM10_GS_M                                0x100000bc   Data           4  fpga_contorl.o(.data)
    TSP_GS_M                                 0x100000c0   Data           4  fpga_contorl.o(.data)
    PM25_GS_H                                0x100000c4   Data           4  fpga_contorl.o(.data)
    PM10_GS_H                                0x100000c8   Data           4  fpga_contorl.o(.data)
    TSP_GS_H                                 0x100000cc   Data           4  fpga_contorl.o(.data)
    GS_Cnt                                   0x100000d0   Data           2  fpga_contorl.o(.data)
    Parg_k                                   0x100000d4   Data           4  fpga_contorl.o(.data)
    Parg_k0                                  0x100000d8   Data           4  fpga_contorl.o(.data)
    TSP_GS_k                                 0x100000dc   Data           4  fpga_contorl.o(.data)
    PM10_GS_k                                0x100000e0   Data           4  fpga_contorl.o(.data)
    PM25_GS_k                                0x100000e4   Data           4  fpga_contorl.o(.data)
    Parg_b                                   0x100000e8   Data           1  fpga_contorl.o(.data)
    Parg_b0                                  0x100000e9   Data           1  fpga_contorl.o(.data)
    Sent_Buffer                              0x100000eb   Data          50  fpga_contorl.o(.data)
    TTLOutPut                                0x1000011d   Data           8  fpga_contorl.o(.data)
    ADRangesel                               0x10000125   Data           1  fpga_contorl.o(.data)
    AvrT                                     0x10000126   Data           8  fpga_contorl.o(.data)
    AvrP                                     0x1000012e   Data           8  fpga_contorl.o(.data)
    AvrHR                                    0x10000136   Data           8  fpga_contorl.o(.data)
    ComminiStyle                             0x10000140   Data           4  fpga_contorl.o(.data)
    ComminiStyle0                            0x10000144   Data           4  fpga_contorl.o(.data)
    ErrorDat                                 0x10000148   Data           4  fpga_contorl.o(.data)
    cheak                                    0x1000014c   Data           4  fpga_contorl.o(.data)
    CUpdateFlg                               0x10000150   Data           1  fpga_contorl.o(.data)
    ADBufferDatReadFlg2                      0x10000151   Data           1  fpga_contorl.o(.data)
    ADBufferDatReadFlg                       0x10000152   Data           1  fpga_contorl.o(.data)
    ADRead1                                  0x10000153   Data           1  fpga_contorl.o(.data)
    ADRead2                                  0x10000154   Data           1  fpga_contorl.o(.data)
    TTLReciveFlg                             0x10000155   Data           1  fpga_contorl.o(.data)
    Parg_I                                   0x10000158   Data           4  fpga_contorl.o(.data)
    Parg_I_ReCnt                             0x1000015c   Data           4  fpga_contorl.o(.data)
    Parg_x                                   0x10000160   Data           4  fpga_contorl.o(.data)
    Parg_x_Recnt                             0x10000164   Data           4  fpga_contorl.o(.data)
    Parg_m                                   0x10000168   Data           4  fpga_contorl.o(.data)
    Parg_v_BK                                0x1000016c   Data           4  fpga_contorl.o(.data)
    Parg_v_GK                                0x10000170   Data           4  fpga_contorl.o(.data)
    Parg_I0                                  0x10000174   Data           4  fpga_contorl.o(.data)
    Parg_I0_Upload                           0x10000178   Data           4  fpga_contorl.o(.data)
    Parg_I0_ReCnt                            0x1000017c   Data           4  fpga_contorl.o(.data)
    Parg_PM25_GK                             0x10000180   Data           4  fpga_contorl.o(.data)
    Parg_PM25                                0x10000184   Data           4  fpga_contorl.o(.data)
    Parg_u                                   0x10000188   Data           4  fpga_contorl.o(.data)
    GS_Cycle                                 0x1000018c   Data           4  fpga_contorl.o(.data)
    kaijiTime                                0x10000190   Data           1  fpga_contorl.o(.data)
    FilterErrTimes                           0x10000191   Data           1  fpga_contorl.o(.data)
    DACChanMap                               0x10000192   Data           1  fpga_contorl.o(.data)
    ADreadErr                                0x10000193   Data           1  fpga_contorl.o(.data)
    ADreadErr2                               0x10000194   Data           1  fpga_contorl.o(.data)
    ADStatBusyFlg                            0x10000195   Data           1  fpga_contorl.o(.data)
    ADBufferStart1                           0x10000196   Data           1  fpga_contorl.o(.data)
    ADBufferStart2                           0x10000197   Data           1  fpga_contorl.o(.data)
    ReadBegain                               0x10000198   Data           1  fpga_contorl.o(.data)
    ReadBuffer                               0x10000199   Data           1  fpga_contorl.o(.data)
    CheakDat                                 0x1000019a   Data           1  fpga_contorl.o(.data)
    ReadNum                                  0x1000019c   Data           2  fpga_contorl.o(.data)
    MeasureTs                                0x100001a0   Data           4  fpga_contorl.o(.data)
    MeasureTe                                0x100001a4   Data           4  fpga_contorl.o(.data)
    MeasureTsS                               0x100001a8   Data           4  fpga_contorl.o(.data)
    MeasureTsE                               0x100001ac   Data           4  fpga_contorl.o(.data)
    ADDat2                                   0x100001b0   Data           2  fpga_contorl.o(.data)
    NumOfI                                   0x100001b4   Data           4  fpga_contorl.o(.data)
    TTLDat                                   0x100001b8   Data           1  fpga_contorl.o(.data)
    StopFlg                                  0x100001b9   Data           1  fpga_contorl.o(.data)
    StartKeyFlg                              0x100001ba   Data           1  fpga_contorl.o(.data)
    ADBufeerCleanFlg                         0x100001bb   Data           1  fpga_contorl.o(.data)
    StatuErrorFlg                            0x100001bc   Data           1  fpga_contorl.o(.data)
    TimeType                                 0x100001bd   Data           1  fpga_contorl.o(.data)
    MeasureStepFlg                           0x100001be   Data           1  fpga_contorl.o(.data)
    Vcc_5                                    0x100001c0   Data           4  fpga_contorl.o(.data)
    CountReadFlg                             0x100001c4   Data           4  fpga_contorl.o(.data)
    CountReaderr                             0x100001c8   Data           4  fpga_contorl.o(.data)
    CountStartFlg                            0x100001cc   Data           4  fpga_contorl.o(.data)
    CountTimer                               0x100001d0   Data           4  fpga_contorl.o(.data)
    CountNow                                 0x100001d4   Data           4  fpga_contorl.o(.data)
    CountAver                                0x100001d8   Data           4  fpga_contorl.o(.data)
    CountTotal                               0x100001dc   Data           4  fpga_contorl.o(.data)
    CountTimes                               0x100001e0   Data           4  fpga_contorl.o(.data)
    PaperTime                                0x100001e4   Data           4  fpga_contorl.o(.data)
    PaperOverFlg                             0x100001e8   Data           1  fpga_contorl.o(.data)
    AvrL                                     0x100001ea   Data           8  fpga_contorl.o(.data)
    pdata_T                                  0x100001f2   Data           1  fpga_contorl.o(.data)
    pdata_P                                  0x100001f3   Data           1  fpga_contorl.o(.data)
    pdata_L                                  0x100001f4   Data           1  fpga_contorl.o(.data)
    CountCodeSendFlg                         0x100001f5   Data           1  fpga_contorl.o(.data)
    pdata_HR                                 0x100001f6   Data           1  fpga_contorl.o(.data)
    EEORStuationOld                          0x100001f8   Data           2  fpga_contorl.o(.data)
    TV_GK                                    0x100001fc   Data           4  fpga_contorl.o(.data)
    TV_BK                                    0x10000200   Data           4  fpga_contorl.o(.data)
    Gateway_IP                               0x10000204   Data           4  tcpip.o(.data)
    Sub_Mask                                 0x10000208   Data           4  tcpip.o(.data)
    Phy_Addr                                 0x1000020c   Data           6  tcpip.o(.data)
    IP_Addr                                  0x10000212   Data           4  tcpip.o(.data)
    S0_Port                                  0x10000216   Data           2  tcpip.o(.data)
    S0_DIP                                   0x10000218   Data           4  tcpip.o(.data)
    S0_DPort                                 0x1000021c   Data           2  tcpip.o(.data)
    S0_State                                 0x1000021e   Data           1  tcpip.o(.data)
    BUF                                      0x1000021f   Data           9  tcpip.o(.data)
    Close_Flg                                0x10000228   Data           1  tcpip.o(.data)
    S0_Data                                  0x10000229   Data           1  tcpip.o(.data)
    LastResDataLen                           0x1000022a   Data           2  tcpip.o(.data)
    W5100_Interrupt                          0x1000022c   Data           1  tcpip.o(.data)
    UDP_DIPR                                 0x1000022d   Data           4  tcpip.o(.data)
    UDP_DPORT                                0x10000231   Data           2  tcpip.o(.data)
    ip                                       0x10000234   Data           8  keyshow.o(.data)
    ipdat                                    0x1000023c   Data          13  keyshow.o(.data)
    IpArea                                   0x10000249   Data          48  keyshow.o(.data)
    __stdout                                 0x1000027c   Data           4  retarget.o(.data)
    __stdin                                  0x10000280   Data           4  retarget.o(.data)
    auchCRCLo                                0x10000284   Data         256  mb_rtu.o(.data)
    auchCRCHi                                0x10000384   Data         256  mb_rtu.o(.data)
    PDUData                                  0x10000484   Data           8  mbcommon.o(.data)
    g_10mS_count                             0x1000048c   Data           4  mbcommon.o(.data)
    g_TimeEnd                                0x10000490   Data           1  mbcommon.o(.data)
    FunPDUPackHanlde                         0x10000494   Data          88  mb_mfunction.o(.data)
    FunParRepAndStData                       0x100004ec   Data          88  mb_mfunction.o(.data)
    T35Flag                                  0x10000544   Data           1  syshal.o(.data)
    T15Flag                                  0x10000545   Data           1  syshal.o(.data)
    T10msFlag                                0x10000546   Data           1  syshal.o(.data)
    T15CountEn                               0x10000547   Data           1  syshal.o(.data)
    T35CountEn                               0x10000548   Data           1  syshal.o(.data)
    T10msCountEn                             0x10000549   Data           1  syshal.o(.data)
    OSEventTbl                               0x1000055c   Data         240  os_core.o(.bss)
    OSFlagTbl                                0x1000064c   Data          80  os_core.o(.bss)
    OSTaskStatStk                            0x1000069c   Data         512  os_core.o(.bss)
    OSTaskIdleStk                            0x1000089c   Data         512  os_core.o(.bss)
    OSTCBPrioTbl                             0x10000a9c   Data         256  os_core.o(.bss)
    OSTCBTbl                                 0x10000b9c   Data        1848  os_core.o(.bss)
    OSMemTbl                                 0x100012d4   Data         120  os_core.o(.bss)
    OSQTbl                                   0x1000134c   Data          96  os_core.o(.bss)
    OSTmrTbl                                 0x100013ac   Data         640  os_core.o(.bss)
    OSTmrTaskStk                             0x1000162c   Data         512  os_core.o(.bss)
    OSTmrWheelTbl                            0x1000182c   Data          64  os_core.o(.bss)
    DisBuf                                   0x10003a8c   Data        5040  lcd.o(.bss)
    Cnt_Record                               0x10004e3c   Data        2400  fpga_contorl.o(.bss)
    DACChanValue                             0x1000579c   Data          16  fpga_contorl.o(.bss)
    ADDat                                    0x100057ac   Data          32  fpga_contorl.o(.bss)
    ADDat_1                                  0x100057cc   Data          16  fpga_contorl.o(.bss)
    ADDat_2                                  0x100057dc   Data          16  fpga_contorl.o(.bss)
    PargRealI                                0x100057ec   Data          64  fpga_contorl.o(.bss)
    PargRealTv2                              0x1000582c   Data          64  fpga_contorl.o(.bss)
    PargRealTv1                              0x1000586c   Data          64  fpga_contorl.o(.bss)
    addat                                    0x100058ac   Data          64  fpga_contorl.o(.bss)
    CmErrorState                             0x100058ec   Data          16  fpga_contorl.o(.bss)
    usRegInputBuf                            0x100058fc   Data          32  modbus.o(.bss)
    usRegHoldingBuf                          0x1000591c   Data        1024  modbus.o(.bss)
    CalParam_I1                              0x10005d1c   Data          12  measure.o(.bss)
    CalParam_I2                              0x10005d28   Data          12  measure.o(.bss)
    CalParam_U                               0x10005d34   Data          12  measure.o(.bss)
    CheParam_I1                              0x10005d40   Data          40  measure.o(.bss)
    CheParam_I2                              0x10005d68   Data          40  measure.o(.bss)
    CheParam_U                               0x10005d90   Data          40  measure.o(.bss)
    ADUBuffer                                0x10005db8   Data         256  mbmaster.o(.bss)
    MB_Master                                0x10005eb8   Data          24  mbmaster.o(.bss)
    __libspace_start                         0x10005ef0   Data          96  libspace.o(.bss)
    __temporary_stack_top$libspace           0x10005f50   Data           0  libspace.o(.bss)
    SystemCoreClock                          0x2007c000   Data           4  system_lpc17xx.o(.data)
    Wait_Flg                                 0x2007c008   Data           4  main.o(.data)
    OSLcdUsedMutex                           0x2007c00c   Data           4  main.o(.data)
    OSI2CUsedMutex                           0x2007c010   Data           4  main.o(.data)
    OSUart0UsedMutex                         0x2007c014   Data           4  main.o(.data)
    OSFlashUsedMutex                         0x2007c018   Data           4  main.o(.data)
    complete_M                               0x2007c020   Data           1  i2c.o(.data)
    measResult                               0x2007c024   Data           4  init.o(.data)
    recordPoint                              0x2007c028   Data           4  init.o(.data)
    SysrecordPoint                           0x2007c02c   Data           4  init.o(.data)
    keyBuzzerBitFlg                          0x2007c030   Data           1  init.o(.data)
    LCDContrast                              0x2007c031   Data           1  init.o(.data)
    SensorSel                                0x2007c032   Data           1  init.o(.data)
    MotorTime                                0x2007c034   Data           4  init.o(.data)
    TimeMeasCount                            0x2007c038   Data           4  init.o(.data)
    TimeKeyCount                             0x2007c03c   Data           4  init.o(.data)
    TimeDate                                 0x2007c040   Data           8  init.o(.data)
    recordOutput                             0x2007c048   Data           4  init.o(.data)
    FujiStartFlg                             0x2007c04c   Data           1  init.o(.data)
    TimeCount1s                              0x2007c050   Data           4  init.o(.data)
    TimeMotoCount                            0x2007c054   Data           4  init.o(.data)
    MeaserStartTime                          0x2007c058   Data           8  init.o(.data)
    MeaserEndTime                            0x2007c060   Data           8  init.o(.data)
    menui                                    0x2007c068   Data           1  key.o(.data)
    areaBar                                  0x2007c069   Data           4  key.o(.data)
    OnlineFlg                                0x2007c06d   Data           1  key.o(.data)
    NoBuzzry                                 0x2007c06e   Data           1  key.o(.data)
    firstlook                                0x2007c06f   Data           1  key.o(.data)
    keyBuzzerBitFlg1                         0x2007c070   Data           1  key.o(.data)
    KeyLockFlg                               0x2007c071   Data           1  key.o(.data)
    KeyLockFlg1                              0x2007c072   Data           1  key.o(.data)
    LCDContrast1                             0x2007c073   Data           1  key.o(.data)
    recordShowFlg                            0x2007c074   Data           4  key.o(.data)
    recordShowBlg                            0x2007c078   Data           1  key.o(.data)
    measAgainFlg                             0x2007c079   Data           1  key.o(.data)
    blankMeasFlg                             0x2007c07a   Data           1  key.o(.data)
    standardMeasFlg                          0x2007c07b   Data           1  key.o(.data)
    rangeFlg                                 0x2007c07c   Data           1  key.o(.data)
    rangeNum                                 0x2007c07d   Data           1  key.o(.data)
    rangeBlg                                 0x2007c07e   Data           1  key.o(.data)
    keyFlg                                   0x2007c07f   Data           1  key.o(.data)
    keyEnterFlg                              0x2007c080   Data           1  key.o(.data)
    OffsetFlg                                0x2007c081   Data           1  key.o(.data)
    CheckCount                               0x2007c082   Data           1  key.o(.data)
    StandardMeasFlg                          0x2007c084   Data           4  key.o(.data)
    KeyTimer                                 0x2007c088   Data           2  key.o(.data)
    KeyUpRepeat                              0x2007c08a   Data           1  key.o(.data)
    KeyDownRepeat                            0x2007c08b   Data           1  key.o(.data)
    KeyLeftRepeat                            0x2007c08c   Data           1  key.o(.data)
    KeyRightRepeat                           0x2007c08d   Data           1  key.o(.data)
    KeyDRRepeat                              0x2007c08e   Data           1  key.o(.data)
    KeyDRWait                                0x2007c08f   Data           1  key.o(.data)
    sign                                     0x2007c090   Data           1  key.o(.data)
    ReturnMenu0Time                          0x2007c092   Data           2  key.o(.data)
    NePrOffset                               0x2007c094   Data           1  key.o(.data)
    button                                   0x2007c095   Data           1  key.o(.data)
    SysRecordFlg                             0x2007c096   Data           1  key.o(.data)
    SysRecordWHflg                           0x2007c097   Data           1  key.o(.data)
    counterr                                 0x2007c098   Data           1  key.o(.data)
    RestErr                                  0x2007c099   Data           1  key.o(.data)
    FilterRemain                             0x2007c09a   Data           2  key.o(.data)
    rRecordFlg                               0x2007c09c   Data           2  key.o(.data)
    rRecordShowFlg                           0x2007c09e   Data           2  key.o(.data)
    ConfChange                               0x2007c0a0   Data           1  key.o(.data)
    CaliTimeDate                             0x2007c0a2   Data           8  key.o(.data)
    TimeDateKey                              0x2007c0aa   Data           8  key.o(.data)
    OldAction                                0x2007c0b2   Data           1  key.o(.data)
    CaliParT1                                0x2007c0b4   Data           4  key.o(.data)
    CaliParT3                                0x2007c0b8   Data           4  key.o(.data)
    CaliParRH                                0x2007c0bc   Data           4  key.o(.data)
    CaliParP                                 0x2007c0c0   Data           4  key.o(.data)
    CaliParF1                                0x2007c0c4   Data           4  key.o(.data)
    CaliParF2                                0x2007c0c8   Data           4  key.o(.data)
    CaliParPump                              0x2007c0cc   Data           4  key.o(.data)
    CaliParT4                                0x2007c0d0   Data           4  key.o(.data)
    CaliParRH2                               0x2007c0d4   Data           4  key.o(.data)
    CaliSetT1                                0x2007c0d8   Data           4  key.o(.data)
    CaliSetT3                                0x2007c0dc   Data           4  key.o(.data)
    CaliSetRH                                0x2007c0e0   Data           4  key.o(.data)
    CaliSetP                                 0x2007c0e4   Data           4  key.o(.data)
    CaliSetF1                                0x2007c0e8   Data           4  key.o(.data)
    CaliSetF2                                0x2007c0ec   Data           4  key.o(.data)
    CaliSetPump                              0x2007c0f0   Data           4  key.o(.data)
    CaliSetT4                                0x2007c0f4   Data           4  key.o(.data)
    CaliSetRH2                               0x2007c0f8   Data           4  key.o(.data)
    MenuOffset                               0x2007c0fc   Data           1  key.o(.data)
    SensorDat                                0x2007c100   Data           4  key.o(.data)
    WEBxintiao                               0x2007c104   Data           4  rtc.o(.data)
    PumpFlg                                  0x2007c108   Data           1  lcd.o(.data)
    HeatFlg                                  0x2007c109   Data           1  lcd.o(.data)
    FlowOfSampOut                            0x2007c10c   Data           4  lcd.o(.data)
    FlowOfSampOut2                           0x2007c110   Data           4  lcd.o(.data)
    PowerV1                                  0x2007c114   Data           4  lcd.o(.data)
    PowerV2                                  0x2007c118   Data           4  lcd.o(.data)
    PowerV3                                  0x2007c11c   Data           4  lcd.o(.data)
    PowerV4                                  0x2007c120   Data           4  lcd.o(.data)
    TestTimes                                0x2007c124   Data           4  lcd.o(.data)
    RunStyleFlg                              0x2007c128   Data           1  lcd.o(.data)
    HeatOn                                   0x2007c129   Data           1  lcd.o(.data)
    TempCompensateFlag                       0x2007c12a   Data           1  lcd.o(.data)
    ClampMotor                               0x2007c12b   Data           1  lcd.o(.data)
    ClampRadio                               0x2007c12c   Data           1  lcd.o(.data)
    ClampMotorFlg                            0x2007c12d   Data           1  lcd.o(.data)
    RunMotor                                 0x2007c12e   Data           1  lcd.o(.data)
    MeasureFlg                               0x2007c12f   Data           1  lcd.o(.data)
    Humidity                                 0x2007c130   Data           4  lcd.o(.data)
    HumiditySample                           0x2007c134   Data           4  lcd.o(.data)
    CycleOfSampSet                           0x2007c138   Data           4  lcd.o(.data)
    MaxHeatTemp                              0x2007c13c   Data           4  lcd.o(.data)
    MinHeatPower                             0x2007c140   Data           4  lcd.o(.data)
    FlowOfSamp_B                             0x2007c144   Data           4  lcd.o(.data)
    FlowOfSamp_B_Set                         0x2007c148   Data           4  lcd.o(.data)
    FlowOfSamp                               0x2007c14c   Data           4  lcd.o(.data)
    HighV                                    0x2007c150   Data           4  lcd.o(.data)
    CycleOfSamp                              0x2007c154   Data           4  lcd.o(.data)
    BiaoPianTest                             0x2007c158   Data           4  lcd.o(.data)
    BiaoPian                                 0x2007c15c   Data           4  lcd.o(.data)
    WenDuT1                                  0x2007c160   Data           4  lcd.o(.data)
    WenDuT3                                  0x2007c164   Data           4  lcd.o(.data)
    WenDuT2                                  0x2007c168   Data           4  lcd.o(.data)
    ShiDu                                    0x2007c16c   Data           4  lcd.o(.data)
    QiYa                                     0x2007c170   Data           4  lcd.o(.data)
    LiuLiang_GK                              0x2007c174   Data           4  lcd.o(.data)
    LiuLiang_BK                              0x2007c178   Data           4  lcd.o(.data)
    Pump                                     0x2007c17c   Data           4  lcd.o(.data)
    Mass                                     0x2007c180   Data           4  lcd.o(.data)
    TCQWenDuT4                               0x2007c184   Data           4  lcd.o(.data)
    CYCShiDu                                 0x2007c188   Data           4  lcd.o(.data)
    MoniTongDao                              0x2007c18c   Data           4  lcd.o(.data)
    ShuzhiTongDao                            0x2007c190   Data           4  lcd.o(.data)
    MoniZhi                                  0x2007c194   Data           4  lcd.o(.data)
    ShuzhiZhi                                0x2007c198   Data           4  lcd.o(.data)
    DisDat                                   0x2007c19c   Data           5  lcd.o(.data)
    DatLength                                0x2007c1a1   Data           1  lcd.o(.data)
    MenuId                                   0x2007c1a4   Data           4  menu.o(.data)
    MenuIdBak                                0x2007c1a8   Data           4  menu.o(.data)
    MenuHistory                              0x2007c1ac   Data           4  menu.o(.data)
    language                                 0x2007c1b0   Data           1  menu.o(.data)
    language1                                0x2007c1b1   Data           1  menu.o(.data)
    showFlg                                  0x2007c1b2   Data           1  menu.o(.data)
    DisUnits                                 0x2007c1b3   Data           1  menu.o(.data)
    UserPassword                             0x2007c1b4   Data           4  menu.o(.data)
    KeyUpRun                                 0x2007c1b8   Data           1  menu.o(.data)
    KeyDownRun                               0x2007c1b9   Data           1  menu.o(.data)
    KeyLeftRun                               0x2007c1ba   Data           1  menu.o(.data)
    KeyRightRun                              0x2007c1bb   Data           1  menu.o(.data)
    KeyMenuRun                               0x2007c1bc   Data           1  menu.o(.data)
    KeyEnterRun                              0x2007c1bd   Data           1  menu.o(.data)
    KeyDRRun                                 0x2007c1be   Data           1  menu.o(.data)
    GetNumSign                               0x2007c1bf   Data           1  menu.o(.data)
    GetInNum                                 0x2007c1c0   Data           4  menu.o(.data)
    GetNumMenu                               0x2007c1c4   Data           4  menu.o(.data)
    areaMiddleEE                             0x2007c1c8   Data           4  menu.o(.data)
    areaMiddle                               0x2007c1cc   Data           4  menu.o(.data)
    MenuTab                                  0x2007c1d0   Data        7268  menu.o(.data)
    MainMeauFlg                              0x2007de34   Data           4  menu.o(.data)
    RunStuation                              0x2007de38   Data           1  menu.o(.data)
    WarnStuation                             0x2007de39   Data           1  menu.o(.data)
    EeorT                                    0x2007de3a   Data           1  menu.o(.data)
    EeorH                                    0x2007de3b   Data           1  menu.o(.data)
    EeorL                                    0x2007de3c   Data           1  menu.o(.data)
    EeorP                                    0x2007de3d   Data           1  menu.o(.data)
    EeorMear                                 0x2007de3e   Data           1  menu.o(.data)
    EeorMenmory                              0x2007de3f   Data           1  menu.o(.data)
    EEORStuation1                            0x2007de40   Data           2  menu.o(.data)
    TimeOverFlg                              0x2007de42   Data           1  menu.o(.data)
    CountReadTime                            0x2007de43   Data           1  menu.o(.data)
    area                                     0x2007de44   Data           4  menu.o(.data)
    usDiscreteInputStart                     0x2007de48   Data           2  modbus.o(.data)
    usCoilStart                              0x2007de4a   Data           2  modbus.o(.data)
    usRegInputStart                          0x2007de4c   Data           2  modbus.o(.data)
    usRegHoldingStart                        0x2007de4e   Data           2  modbus.o(.data)
    usDiscreteInputBuf                       0x2007de50   Data           1  modbus.o(.data)
    usCoilBuf                                0x2007de51   Data           1  modbus.o(.data)
    DAStructTable                            0x2007de54   Data          80  measure.o(.data)
    ADStructTable                            0x2007dea4   Data         160  measure.o(.data)
    CaliFlg                                  0x2007e020   Data           4  measure.o(.data)
    CalParam_avr_U                           0x2007e024   Data           4  measure.o(.data)
    CalParam_max_U                           0x2007e028   Data           4  measure.o(.data)
    CalParam_min_U                           0x2007e02c   Data           4  measure.o(.data)
    CalParam_AARD                            0x2007e030   Data           4  measure.o(.data)
    CheParam_avr_U                           0x2007e034   Data           4  measure.o(.data)
    CheParam_AARD                            0x2007e038   Data           4  measure.o(.data)
    mb_handle_event_ptr                      0x2007e040   Data           4  mbmaster.o(.data)
    mb_reply_event_ptr                       0x2007e044   Data           4  mbmaster.o(.data)
    mb_idle_event_ptr                        0x2007e048   Data           4  mbmaster.o(.data)
    OutPutFlg                                0x2007e04c   Data           1  output.o(.data)
    SysrecordReadFlg                         0x2007e04d   Data           1  output.o(.data)
    pxMBFrameCBByteReceived                  0x2007e0f4   Data           4  mb.o(.data)
    pxMBFrameCBTransmitterEmpty              0x2007e0f8   Data           4  mb.o(.data)
    pxMBPortCBTimerExpired                   0x2007e0fc   Data           4  mb.o(.data)
    pxMBFrameCBReceiveFSMCur                 0x2007e100   Data           4  mb.o(.data)
    pxMBFrameCBTransmitFSMCur                0x2007e104   Data           4  mb.o(.data)
    rb                                       0x2007e13c   Data         528  uarts.o(.bss)
    uart1RingBuffer                          0x2007e34c   Data         528  uarts.o(.bss)
    uart2RingBuffer                          0x2007e55c   Data         528  uarts.o(.bss)
    uart3RingBuffer                          0x2007e76c   Data         528  uarts.o(.bss)
    strKey                                   0x2007e97c   Data          30  key.o(.bss)
    DatForRecord                             0x2007e99a   Data          64  key.o(.bss)
    DatForSysRecord                          0x2007e9da   Data          11  key.o(.bss)
    rRecord                                  0x2007e9e8   Data         416  key.o(.bss)
    measRecord                               0x2007eb88   Data          52  key.o(.bss)
    SensorDatS                               0x2007ebbc   Data          10  key.o(.bss)
    RTCFullTimeData                          0x2007ebc8   Data          32  rtc.o(.bss)
    Rx_Buffer                                0x2007ebe8   Data         256  tcpip.o(.bss)
    Tx_Buffer                                0x2007ece8   Data         256  tcpip.o(.bss)
    ADUData                                  0x2007ede8   Data          12  mbcommon.o(.bss)
    outputstruct1                            0x2007edf4   Data          32  output.o(.bss)
    goSysRecor                               0x2007ee14   Data          12  output.o(.bss)
    inputDat                                 0x2007ee20   Data          32  output.o(.bss)
    outputDat                                0x2007ee40   Data          16  output.o(.bss)
    ucRTUBuf                                 0x2007ee50   Data         256  mbrtu.o(.bss)



==============================================================================

Memory Map of the image

  Image Entry point : 0x000000cd

  Load Region LR_IROM1 (Base: 0x00000000, Size: 0x0002cd98, Max: 0x00040000, ABSOLUTE, COMPRESSED[0x0002b2f8])

    Execution Region ER_IROM1 (Base: 0x00000000, Size: 0x0002a730, Max: 0x00040000, ABSOLUTE)

    Base Addr    Size         Type   Attr      Idx    E Section Name        Object

    0x00000000   0x000000cc   Data   RO            3    RESET               startup_lpc17xx.o
    0x000000cc   0x00000008   Code   RO         2703  * !!!main             c_w.l(__main.o)
    0x000000d4   0x00000034   Code   RO         3078    !!!scatter          c_w.l(__scatter.o)
    0x00000108   0x00000064   Code   RO         3076    !!dclz77c           c_w.l(__dclz77c.o)
    0x0000016c   0x0000001c   Code   RO         3080    !!handler_zi        c_w.l(__scatter_zi.o)
    0x00000188   0x00000000   Code   RO         2692    .ARM.Collect$$_printf_percent$$00000000  c_w.l(_printf_percent.o)
    0x00000188   0x00000006   Code   RO         2691    .ARM.Collect$$_printf_percent$$00000003  c_w.l(_printf_f.o)
    0x0000018e   0x00000004   Code   RO         2831    .ARM.Collect$$_printf_percent$$00000017  c_w.l(_printf_percent_end.o)
    0x00000192   0x00000002   Code   RO         3016    .ARM.Collect$$libinit$$00000000  c_w.l(libinit.o)
    0x00000194   0x00000000   Code   RO         2835    .ARM.Collect$$libinit$$00000002  c_w.l(libinit2.o)
    0x00000194   0x00000008   Code   RO         2836    .ARM.Collect$$libinit$$00000003  c_w.l(libinit2.o)
    0x0000019c   0x00000000   Code   RO         2838    .ARM.Collect$$libinit$$00000008  c_w.l(libinit2.o)
    0x0000019c   0x00000000   Code   RO         2840    .ARM.Collect$$libinit$$0000000A  c_w.l(libinit2.o)
    0x0000019c   0x00000000   Code   RO         2842    .ARM.Collect$$libinit$$0000000C  c_w.l(libinit2.o)
    0x0000019c   0x00000006   Code   RO         2843    .ARM.Collect$$libinit$$0000000D  c_w.l(libinit2.o)
    0x000001a2   0x00000000   Code   RO         2845    .ARM.Collect$$libinit$$0000000F  c_w.l(libinit2.o)
    0x000001a2   0x00000000   Code   RO         2847    .ARM.Collect$$libinit$$00000011  c_w.l(libinit2.o)
    0x000001a2   0x00000000   Code   RO         2849    .ARM.Collect$$libinit$$00000013  c_w.l(libinit2.o)
    0x000001a2   0x0000000a   Code   RO         2850    .ARM.Collect$$libinit$$00000014  c_w.l(libinit2.o)
    0x000001ac   0x00000000   Code   RO         2851    .ARM.Collect$$libinit$$00000015  c_w.l(libinit2.o)
    0x000001ac   0x00000000   Code   RO         2853    .ARM.Collect$$libinit$$00000017  c_w.l(libinit2.o)
    0x000001ac   0x00000000   Code   RO         2855    .ARM.Collect$$libinit$$00000019  c_w.l(libinit2.o)
    0x000001ac   0x00000000   Code   RO         2857    .ARM.Collect$$libinit$$0000001B  c_w.l(libinit2.o)
    0x000001ac   0x00000000   Code   RO         2859    .ARM.Collect$$libinit$$0000001D  c_w.l(libinit2.o)
    0x000001ac   0x00000000   Code   RO         2861    .ARM.Collect$$libinit$$0000001F  c_w.l(libinit2.o)
    0x000001ac   0x00000000   Code   RO         2863    .ARM.Collect$$libinit$$00000021  c_w.l(libinit2.o)
    0x000001ac   0x00000000   Code   RO         2865    .ARM.Collect$$libinit$$00000023  c_w.l(libinit2.o)
    0x000001ac   0x00000000   Code   RO         2869    .ARM.Collect$$libinit$$0000002A  c_w.l(libinit2.o)
    0x000001ac   0x00000000   Code   RO         2871    .ARM.Collect$$libinit$$0000002C  c_w.l(libinit2.o)
    0x000001ac   0x00000000   Code   RO         2873    .ARM.Collect$$libinit$$0000002E  c_w.l(libinit2.o)
    0x000001ac   0x00000000   Code   RO         2875    .ARM.Collect$$libinit$$00000030  c_w.l(libinit2.o)
    0x000001ac   0x00000002   Code   RO         2876    .ARM.Collect$$libinit$$00000031  c_w.l(libinit2.o)
    0x000001ae   0x00000002   Code   RO         3073    .ARM.Collect$$libshutdown$$00000000  c_w.l(libshutdown.o)
    0x000001b0   0x00000000   Code   RO         3033    .ARM.Collect$$libshutdown$$00000003  c_w.l(libshutdown2.o)
    0x000001b0   0x00000000   Code   RO         3036    .ARM.Collect$$libshutdown$$00000006  c_w.l(libshutdown2.o)
    0x000001b0   0x00000000   Code   RO         3039    .ARM.Collect$$libshutdown$$00000009  c_w.l(libshutdown2.o)
    0x000001b0   0x00000000   Code   RO         3041    .ARM.Collect$$libshutdown$$0000000B  c_w.l(libshutdown2.o)
    0x000001b0   0x00000000   Code   RO         3044    .ARM.Collect$$libshutdown$$0000000E  c_w.l(libshutdown2.o)
    0x000001b0   0x00000002   Code   RO         3045    .ARM.Collect$$libshutdown$$0000000F  c_w.l(libshutdown2.o)
    0x000001b2   0x00000000   Code   RO         2795    .ARM.Collect$$rtentry$$00000000  c_w.l(rtentry.o)
    0x000001b2   0x00000000   Code   RO         2903    .ARM.Collect$$rtentry$$00000002  c_w.l(rtentry2.o)
    0x000001b2   0x00000006   Code   RO         2915    .ARM.Collect$$rtentry$$00000004  c_w.l(rtentry4.o)
    0x000001b8   0x00000000   Code   RO         2905    .ARM.Collect$$rtentry$$00000009  c_w.l(rtentry2.o)
    0x000001b8   0x00000004   Code   RO         2906    .ARM.Collect$$rtentry$$0000000A  c_w.l(rtentry2.o)
    0x000001bc   0x00000000   Code   RO         2908    .ARM.Collect$$rtentry$$0000000C  c_w.l(rtentry2.o)
    0x000001bc   0x00000008   Code   RO         2909    .ARM.Collect$$rtentry$$0000000D  c_w.l(rtentry2.o)
    0x000001c4   0x00000002   Code   RO         3019    .ARM.Collect$$rtexit$$00000000  c_w.l(rtexit.o)
    0x000001c6   0x00000000   Code   RO         3049    .ARM.Collect$$rtexit$$00000002  c_w.l(rtexit2.o)
    0x000001c6   0x00000004   Code   RO         3050    .ARM.Collect$$rtexit$$00000003  c_w.l(rtexit2.o)
    0x000001ca   0x00000006   Code   RO         3051    .ARM.Collect$$rtexit$$00000004  c_w.l(rtexit2.o)
    0x000001d0   0x00000000   Code   RO         2931    .emb_text           c_w.l(maybetermalloc1.o)
    0x000001d0   0x00000040   Code   RO            5    .text               startup_lpc17xx.o
    0x00000210   0x0000002a   Code   RO          492    .text               cpu_a.o
    0x0000023a   0x00000002   PAD
    0x0000023c   0x000000a4   Code   RO          636    .text               os_cpu_a.o
    0x000002e0   0x00000004   Code   RO         2418    .text               port.o
    0x000002e4   0x00000002   Code   RO         2599    .text               c_w.l(use_no_semi.o)
    0x000002e6   0x00000006   Code   RO         2701    .text               c_w.l(heapauxi.o)
    0x000002ec   0x00000008   Code   RO         2803    .text               c_w.l(rt_heap_descriptor_intlibspace.o)
    0x000002f4   0x00000004   Code   RO         2805    .text               c_w.l(hguard.o)
    0x000002f8   0x00000004   Code   RO         2773    x$fpl$printf1       fz_ws.l(printf1.o)
    0x000002fc   0x00000004   Code   RO            4    .ARM.__at_0x02FC    startup_lpc17xx.o
    0x00000300   0x00000238   Code   RO           24    .text               system_lpc17xx.o
    0x00000538   0x00000150   Code   RO          131    .text               lpc17xx_clkpwr.o
    0x00000688   0x00000440   Code   RO          206    .text               lpc17xx_gpio.o
    0x00000ac8   0x00000b80   Code   RO          225    .text               lpc17xx_i2c.o
    0x00001648   0x00000100   Code   RO          311    .text               lpc17xx_pinsel.o
    0x00001748   0x000009a4   Code   RO          366    .text               lpc17xx_rtc.o
    0x000020ec   0x0000066c   Code   RO          424    .text               lpc17xx_timer.o
    0x00002758   0x00000dde   Code   RO          443    .text               lpc17xx_uart.o
    0x00003536   0x00000002   PAD
    0x00003538   0x00000c78   Code   RO          495    .text               os_core.o
    0x000041b0   0x0000080c   Code   RO          524    .text               os_flag.o
    0x000049bc   0x000003e4   Code   RO          540    .text               os_mbox.o
    0x00004da0   0x000001d4   Code   RO          552    .text               os_mem.o
    0x00004f74   0x0000061c   Code   RO          564    .text               os_mutex.o
    0x00005590   0x000005e4   Code   RO          576    .text               os_q.o
    0x00005b74   0x000003a8   Code   RO          588    .text               os_sem.o
    0x00005f1c   0x00000750   Code   RO          600    .text               os_task.o
    0x0000666c   0x000001a0   Code   RO          612    .text               os_time.o
    0x0000680c   0x00000640   Code   RO          624    .text               os_tmr.o
    0x00006e4c   0x0000012c   Code   RO          639    .text               os_cpu_c.o
    0x00006f78   0x0000015c   Code   RO          660    .text               os_dbg.o
    0x000070d4   0x00000a98   Code   RO          726    .text               main.o
    0x00007b6c   0x00000a74   Code   RO          929    .text               uarts.o
    0x000085e0   0x00000364   Code   RO         1036    .text               times.o
    0x00008944   0x000002d0   Code   RO         1063    .text               dio.o
    0x00008c14   0x00000260   Code   RO         1079    .text               i2c.o
    0x00008e74   0x00000584   Code   RO         1102    .text               public.o
    0x000093f8   0x000008e8   Code   RO         1124    .text               init.o
    0x00009ce0   0x00005f90   Code   RO         1164    .text               key.o
    0x0000fc70   0x00000190   Code   RO         1216    .text               rtc.o
    0x0000fe00   0x000036c8   Code   RO         1243    .text               lcd.o
    0x000134c8   0x000015ec   Code   RO         1272    .text               menu.o
    0x00014ab4   0x00002d2c   Code   RO         1300    .text               fpga_contorl.o
    0x000177e0   0x00000ae0   Code   RO         1530    .text               spi.o
    0x000182c0   0x00000288   Code   RO         1550    .text               modbus.o
    0x00018548   0x0000259c   Code   RO         1701    .text               measure.o
    0x0001aae4   0x00000914   Code   RO         1724    .text               tcpip.o
    0x0001b3f8   0x00000420   Code   RO         1753    .text               store.o
    0x0001b818   0x00002278   Code   RO         1769    .text               keyshow.o
    0x0001da90   0x00000060   Code   RO         1832    .text               retarget.o
    0x0001daf0   0x00000038   Code   RO         1858    .text               mb_rtu.o
    0x0001db28   0x00000174   Code   RO         1985    .text               mbcommon.o
    0x0001dc9c   0x00000164   Code   RO         2010    .text               osfunfile.o
    0x0001de00   0x000002fa   Code   RO         2026    .text               mb_mfunction.o
    0x0001e0fa   0x00000002   PAD
    0x0001e0fc   0x00000254   Code   RO         2045    .text               mbmaster.o
    0x0001e350   0x000000fc   Code   RO         2066    .text               syshal.o
    0x0001e44c   0x00000abc   Code   RO         2089    .text               output.o
    0x0001ef08   0x00000354   Code   RO         2196    .text               mb.o
    0x0001f25c   0x000001ae   Code   RO         2250    .text               mbfunccoils.o
    0x0001f40a   0x000000ac   Code   RO         2273    .text               mbfuncdisc.o
    0x0001f4b6   0x00000210   Code   RO         2289    .text               mbfuncholding.o
    0x0001f6c6   0x0000008c   Code   RO         2305    .text               mbfuncinput.o
    0x0001f752   0x00000002   PAD
    0x0001f754   0x00000094   Code   RO         2321    .text               mbfuncother.o
    0x0001f7e8   0x000000d8   Code   RO         2340    .text               mbutils.o
    0x0001f8c0   0x00000096   Code   RO         2356    .text               mbtcp.o
    0x0001f956   0x00000002   PAD
    0x0001f958   0x00000050   Code   RO         2375    .text               porttcp.o
    0x0001f9a8   0x000000e4   Code   RO         2398    .text               porttimer.o
    0x0001fa8c   0x0000003c   Code   RO         2437    .text               portevent.o
    0x0001fac8   0x00000118   Code   RO         2537    .text               portserial.o
    0x0001fbe0   0x000002f4   Code   RO         2554    .text               mbrtu.o
    0x0001fed4   0x00000038   Code   RO         2580    .text               mbcrc.o
    0x0001ff0c   0x0000005e   Code   RO         2605    .text               c_w.l(h1_alloc.o)
    0x0001ff6a   0x0000004e   Code   RO         2607    .text               c_w.l(h1_free.o)
    0x0001ffb8   0x000000ee   Code   RO         2663    .text               c_w.l(lludivv7m.o)
    0x000200a6   0x00000002   PAD
    0x000200a8   0x00000018   Code   RO         2667    .text               c_w.l(noretval__2printf.o)
    0x000200c0   0x00000068   Code   RO         2669    .text               c_w.l(__printf.o)
    0x00020128   0x0000008a   Code   RO         2693    .text               c_w.l(rt_memcpy_v6.o)
    0x000201b2   0x00000064   Code   RO         2695    .text               c_w.l(rt_memcpy_w.o)
    0x00020216   0x0000004e   Code   RO         2697    .text               c_w.l(rt_memclr_w.o)
    0x00020264   0x00000080   Code   RO         2699    .text               c_w.l(strcmpv7m.o)
    0x000202e4   0x0000008a   Code   RO         2807    .text               c_w.l(init_alloc.o)
    0x0002036e   0x0000000e   Code   RO         2811    .text               c_w.l(h1_init.o)
    0x0002037c   0x00000016   Code   RO         2825    .text               c_w.l(_rserrno.o)
    0x00020392   0x00000420   Code   RO         2827    .text               c_w.l(_printf_fp_dec.o)
    0x000207b2   0x00000002   PAD
    0x000207b4   0x00000024   Code   RO         2829    .text               c_w.l(_printf_char_file.o)
    0x000207d8   0x00000008   Code   RO         2899    .text               c_w.l(libspace.o)
    0x000207e0   0x00000008   Code   RO         2922    .text               c_w.l(rt_locale_intlibspace.o)
    0x000207e8   0x00000008   Code   RO         2927    .text               c_w.l(rt_errno_addr_intlibspace.o)
    0x000207f0   0x00000034   Code   RO         2933    .text               c_w.l(h1_extend.o)
    0x00020824   0x0000008a   Code   RO         2937    .text               c_w.l(lludiv10.o)
    0x000208ae   0x00000002   PAD
    0x000208b0   0x00000030   Code   RO         2939    .text               c_w.l(_printf_char_common.o)
    0x000208e0   0x00000080   Code   RO         2941    .text               c_w.l(_printf_fp_infnan.o)
    0x00020960   0x000000e4   Code   RO         2943    .text               c_w.l(bigflt0.o)
    0x00020a44   0x0000000e   Code   RO         2971    .text               c_w.l(defsig_rtmem_outer.o)
    0x00020a52   0x0000004a   Code   RO         2989    .text               c_w.l(sys_stackheap_outer.o)
    0x00020a9c   0x0000000c   Code   RO         2997    .text               c_w.l(exit.o)
    0x00020aa8   0x0000000a   Code   RO         2999    .text               c_w.l(defsig_exit.o)
    0x00020ab2   0x00000002   PAD
    0x00020ab4   0x00000050   Code   RO         3005    .text               c_w.l(defsig_rtmem_inner.o)
    0x00020b04   0x00000032   Code   RO         3027    .text               c_w.l(defsig_general.o)
    0x00020b36   0x0000003e   Code   RO         2946    CL$$btod_d2e        c_w.l(btod.o)
    0x00020b74   0x00000046   Code   RO         2948    CL$$btod_d2e_denorm_low  c_w.l(btod.o)
    0x00020bba   0x00000060   Code   RO         2947    CL$$btod_d2e_norm_op1  c_w.l(btod.o)
    0x00020c1a   0x00000338   Code   RO         2956    CL$$btod_div_common  c_w.l(btod.o)
    0x00020f52   0x000000c6   Code   RO         2953    CL$$btod_e2e        c_w.l(btod.o)
    0x00021018   0x00000028   Code   RO         2950    CL$$btod_ediv       c_w.l(btod.o)
    0x00021040   0x00000028   Code   RO         2949    CL$$btod_emul       c_w.l(btod.o)
    0x00021068   0x00000244   Code   RO         2955    CL$$btod_mult_common  c_w.l(btod.o)
    0x000212ac   0x00000028   Code   RO         2986    i.__ARM_fpclassify  m_ws.l(fpclassify.o)
    0x000212d4   0x000000aa   Code   RO         2894    i.__kernel_poly     m_ws.l(poly.o)
    0x0002137e   0x00000002   PAD
    0x00021380   0x00000370   Code   RO         2776    i.log               m_ws.l(log.o)
    0x000216f0   0x0000004c   Code   RO         2786    i.sqrt              m_ws.l(sqrt.o)
    0x0002173c   0x0000002c   Code   RO         2969    locale$$code        c_w.l(lc_numeric_c.o)
    0x00021768   0x00000062   Code   RO         2705    x$fpl$d2f           fz_ws.l(d2f.o)
    0x000217ca   0x00000002   PAD
    0x000217cc   0x00000150   Code   RO         2707    x$fpl$dadd          fz_ws.l(daddsub_clz.o)
    0x0002191c   0x00000010   Code   RO         2980    x$fpl$dcheck1       fz_ws.l(dcheck1.o)
    0x0002192c   0x00000018   Code   RO         2877    x$fpl$dcmpinf       fz_ws.l(dcmpi.o)
    0x00021944   0x000002b0   Code   RO         2714    x$fpl$ddiv          fz_ws.l(ddiv.o)
    0x00021bf4   0x00000078   Code   RO         2717    x$fpl$deqf          fz_ws.l(deqf.o)
    0x00021c6c   0x0000005e   Code   RO         2719    x$fpl$dfix          fz_ws.l(dfix.o)
    0x00021cca   0x00000002   PAD
    0x00021ccc   0x0000005a   Code   RO         2723    x$fpl$dfixu         fz_ws.l(dfixu.o)
    0x00021d26   0x0000002e   Code   RO         2728    x$fpl$dflt          fz_ws.l(dflt_clz.o)
    0x00021d54   0x00000026   Code   RO         2727    x$fpl$dfltu         fz_ws.l(dflt_clz.o)
    0x00021d7a   0x00000002   PAD
    0x00021d7c   0x00000078   Code   RO         2733    x$fpl$dleqf         fz_ws.l(dleqf.o)
    0x00021df4   0x00000154   Code   RO         2735    x$fpl$dmul          fz_ws.l(dmul.o)
    0x00021f48   0x0000009c   Code   RO         2879    x$fpl$dnaninf       fz_ws.l(dnaninf.o)
    0x00021fe4   0x0000000c   Code   RO         2881    x$fpl$dretinf       fz_ws.l(dretinf.o)
    0x00021ff0   0x0000006c   Code   RO         2737    x$fpl$drleqf        fz_ws.l(drleqf.o)
    0x0002205c   0x00000016   Code   RO         2708    x$fpl$drsb          fz_ws.l(daddsub_clz.o)
    0x00022072   0x00000002   PAD
    0x00022074   0x000001cc   Code   RO         2883    x$fpl$dsqrt         fz_ws.l(dsqrt_noumaal.o)
    0x00022240   0x000001d4   Code   RO         2709    x$fpl$dsub          fz_ws.l(daddsub_clz.o)
    0x00022414   0x00000056   Code   RO         2739    x$fpl$f2d           fz_ws.l(f2d.o)
    0x0002246a   0x00000002   PAD
    0x0002246c   0x000000c4   Code   RO         2741    x$fpl$fadd          fz_ws.l(faddsub_clz.o)
    0x00022530   0x00000018   Code   RO         2885    x$fpl$fcmpinf       fz_ws.l(fcmpi.o)
    0x00022548   0x00000184   Code   RO         2748    x$fpl$fdiv          fz_ws.l(fdiv.o)
    0x000226cc   0x00000068   Code   RO         2751    x$fpl$feqf          fz_ws.l(feqf.o)
    0x00022734   0x00000036   Code   RO         2753    x$fpl$ffix          fz_ws.l(ffix.o)
    0x0002276a   0x00000002   PAD
    0x0002276c   0x0000003e   Code   RO         2757    x$fpl$ffixu         fz_ws.l(ffixu.o)
    0x000227aa   0x00000002   PAD
    0x000227ac   0x00000030   Code   RO         2762    x$fpl$fflt          fz_ws.l(fflt_clz.o)
    0x000227dc   0x00000026   Code   RO         2761    x$fpl$ffltu         fz_ws.l(fflt_clz.o)
    0x00022802   0x00000002   PAD
    0x00022804   0x00000068   Code   RO         2767    x$fpl$fleqf         fz_ws.l(fleqf.o)
    0x0002286c   0x00000102   Code   RO         2769    x$fpl$fmul          fz_ws.l(fmul.o)
    0x0002296e   0x0000008c   Code   RO         2887    x$fpl$fnaninf       fz_ws.l(fnaninf.o)
    0x000229fa   0x0000000a   Code   RO         2889    x$fpl$fretinf       fz_ws.l(fretinf.o)
    0x00022a04   0x00000062   Code   RO         2771    x$fpl$frleqf        fz_ws.l(frleqf.o)
    0x00022a66   0x00000002   PAD
    0x00022a68   0x000000ea   Code   RO         2743    x$fpl$fsub          fz_ws.l(faddsub_clz.o)
    0x00022b52   0x00000064   Code   RO         3017    x$fpl$retnan        fz_ws.l(retnan.o)
    0x00022bb6   0x0000005c   Code   RO         2891    x$fpl$scalbn        fz_ws.l(scalbn.o)
    0x00022c12   0x00000030   Code   RO         3046    x$fpl$trapveneer    fz_ws.l(trapv.o)
    0x00022c42   0x00000000   Code   RO         2893    x$fpl$usenofp       fz_ws.l(usenofp.o)
    0x00022c42   0x00000100   Data   RO          497    .constdata          os_core.o
    0x00022d42   0x00000002   PAD
    0x00022d44   0x00000072   Data   RO          661    .constdata          os_dbg.o
    0x00022db6   0x00002c64   Data   RO         1146    .constdata          zk.o
    0x00025a1a   0x000031c8   Data   RO         1200    .constdata          picture.o
    0x00028be2   0x00000002   PAD
    0x00028be4   0x00000028   Data   RO         1245    .constdata          lcd.o
    0x00028c0c   0x00001644   Data   RO         1273    .constdata          menu.o
    0x0002a250   0x000001b0   Data   RO         1770    .constdata          keyshow.o
    0x0002a400   0x00000200   Data   RO         2581    .constdata          mbcrc.o
    0x0002a600   0x00000038   Data   RO         2777    .constdata          m_ws.l(log.o)
    0x0002a638   0x00000008   Data   RO         2896    .constdata          m_ws.l(qnan.o)
    0x0002a640   0x00000094   Data   RO         2944    .constdata          c_w.l(bigflt0.o)
    0x0002a6d4   0x00000040   Data   RO         3074    Region$$Table       anon$$obj.o
    0x0002a714   0x0000001c   Data   RO         2968    locale$$data        c_w.l(lc_numeric_c.o)


    Execution Region RW_IRAM1 (Base: 0x10000000, Size: 0x00005f50, Max: 0x00008000, ABSOLUTE, COMPRESSED[0x00000264])

    Base Addr    Size         Type   Attr      Idx    E Section Name        Object

    0x10000000   0x00000060   Data   RW          498    .data               os_core.o
    0x10000060   0x00000002   Data   RW          640    .data               os_cpu_c.o
    0x10000062   0x00000004   Data   RW          931    .data               uarts.o
    0x10000066   0x00000002   PAD
    0x10000068   0x00000010   Data   RW         1037    .data               times.o
    0x10000078   0x00000002   Data   RW         1103    .data               public.o
    0x1000007a   0x00000034   Data   RW         1147    .data               zk.o
    0x100000ae   0x00000002   PAD
    0x100000b0   0x00000154   Data   RW         1302    .data               fpga_contorl.o
    0x10000204   0x0000002f   Data   RW         1726    .data               tcpip.o
    0x10000233   0x00000001   PAD
    0x10000234   0x00000045   Data   RW         1771    .data               keyshow.o
    0x10000279   0x00000003   PAD
    0x1000027c   0x00000008   Data   RW         1833    .data               retarget.o
    0x10000284   0x00000200   Data   RW         1859    .data               mb_rtu.o
    0x10000484   0x0000000d   Data   RW         1987    .data               mbcommon.o
    0x10000491   0x00000003   PAD
    0x10000494   0x000000b0   Data   RW         2027    .data               mb_mfunction.o
    0x10000544   0x00000006   Data   RW         2067    .data               syshal.o
    0x1000054a   0x00000002   Data   RW         2323    .data               mbfuncother.o
    0x1000054c   0x00000002   Data   RW         2538    .data               portserial.o
    0x1000054e   0x00000002   PAD
    0x10000550   0x0000000c   Data   RW         2556    .data               mbrtu.o
    0x1000055c   0x00001310   Zero   RW          496    .bss                os_core.o
    0x1000186c   0x00002220   Zero   RW          727    .bss                main.o
    0x10003a8c   0x000013b0   Zero   RW         1244    .bss                lcd.o
    0x10004e3c   0x00000ac0   Zero   RW         1301    .bss                fpga_contorl.o
    0x100058fc   0x00000420   Zero   RW         1551    .bss                modbus.o
    0x10005d1c   0x0000009c   Zero   RW         1702    .bss                measure.o
    0x10005db8   0x00000118   Zero   RW         2046    .bss                mbmaster.o
    0x10005ed0   0x00000020   Zero   RW         2322    .bss                mbfuncother.o
    0x10005ef0   0x00000060   Zero   RW         2900    .bss                c_w.l(libspace.o)


    Execution Region RW_IRAM2 (Base: 0x2007c000, Size: 0x00005f50, Max: 0x00008000, ABSOLUTE, COMPRESSED[0x00000964])

    Base Addr    Size         Type   Attr      Idx    E Section Name        Object

    0x2007c000   0x00000004   Data   RW           25    .data               system_lpc17xx.o
    0x2007c004   0x00000004   Data   RW          227    .data               lpc17xx_i2c.o
    0x2007c008   0x00000018   Data   RW          728    .data               main.o
    0x2007c020   0x00000001   Data   RW         1080    .data               i2c.o
    0x2007c021   0x00000003   PAD
    0x2007c024   0x00000044   Data   RW         1125    .data               init.o
    0x2007c068   0x0000009c   Data   RW         1166    .data               key.o
    0x2007c104   0x00000004   Data   RW         1218    .data               rtc.o
    0x2007c108   0x0000009a   Data   RW         1246    .data               lcd.o
    0x2007c1a2   0x00000002   PAD
    0x2007c1a4   0x00001ca4   Data   RW         1274    .data               menu.o
    0x2007de48   0x0000000a   Data   RW         1552    .data               modbus.o
    0x2007de52   0x00000002   PAD
    0x2007de54   0x000001e8   Data   RW         1703    .data               measure.o
    0x2007e03c   0x00000010   Data   RW         2047    .data               mbmaster.o
    0x2007e04c   0x00000002   Data   RW         2091    .data               output.o
    0x2007e04e   0x00000002   PAD
    0x2007e050   0x000000b8   Data   RW         2197    .data               mb.o
    0x2007e108   0x00000002   Data   RW         2438    .data               portevent.o
    0x2007e10a   0x00000002   PAD
    0x2007e10c   0x00000030   Zero   RW          226    .bss                lpc17xx_i2c.o
    0x2007e13c   0x00000840   Zero   RW          930    .bss                uarts.o
    0x2007e97c   0x0000024a   Zero   RW         1165    .bss                key.o
    0x2007ebc6   0x00000002   PAD
    0x2007ebc8   0x00000020   Zero   RW         1217    .bss                rtc.o
    0x2007ebe8   0x00000200   Zero   RW         1725    .bss                tcpip.o
    0x2007ede8   0x0000000c   Zero   RW         1986    .bss                mbcommon.o
    0x2007edf4   0x0000005c   Zero   RW         2090    .bss                output.o
    0x2007ee50   0x00000100   Zero   RW         2555    .bss                mbrtu.o
    0x2007ef50   0x00001000   Zero   RW            2    HEAP                startup_lpc17xx.o
    0x2007ff50   0x00002000   Zero   RW            1    STACK               startup_lpc17xx.o


==============================================================================

Image component sizes


      Code (inc. data)   RO Data    RW Data    ZI Data      Debug   Object Name

         0          0          0          0          0       4212   core_cm3.o
        42          0          0          0          0        300   cpu_a.o
         0          0          0          0          0       7560   cpu_c.o
         0          0          0          0          0      29124   debug_frmwrk.o
       720         26          0          0          0       2548   dio.o
     11564       1362          0        340       2752      42626   fpga_contorl.o
       608         18          0          1          0      19587   i2c.o
      2280        310          0         68          0       3247   init.o
     24464       2696          0        156        586      20781   key.o
      8824        496        432         69          0       8727   keyshow.o
     14024        914         40        154       5040      23584   lcd.o
       336         32          0          0          0       1779   lpc17xx_clkpwr.o
      1088         62          0          0          0       9623   lpc17xx_gpio.o
      2944        134          0          4         48      27878   lpc17xx_i2c.o
       256          4          0          0          0       2169   lpc17xx_pinsel.o
      2468        112          0          0          0       9223   lpc17xx_rtc.o
      1644         62          0          0          0       8807   lpc17xx_timer.o
      3550         92          0          0          0      10109   lpc17xx_uart.o
      2712        382          0         24       8736      28275   main.o
       852        114          0        184          0       6961   mb.o
       762          0          0        176          0       4857   mb_mfunction.o
        56          8          0        512          0       6348   mb_rtu.o
       372         22          0         13         12       3509   mbcommon.o
        56          8        512          0          0       1144   mbcrc.o
       430          0          0          0          0       3599   mbfunccoils.o
       172          0          0          0          0       1536   mbfuncdisc.o
       528          0          0          0          0       3773   mbfuncholding.o
       140          0          0          0          0       1491   mbfuncinput.o
       148          8          0          2         32       1697   mbfuncother.o
       596         48          0         16        280       2801   mbmaster.o
       756         62          0         12        256       3713   mbrtu.o
       150          0          0          0          0       2119   mbtcp.o
       216         38          0          0          0       1830   mbutils.o
      9628       1150          0        488        156       6823   measure.o
      5612        966       5700       7332          0      10501   menu.o
       648         32          0         10       1056       3781   modbus.o
      3192        232        256         96       4880      20963   os_core.o
       164         32          0          0          0        372   os_cpu_a.o
       300          8          0          2          0      14166   os_cpu_c.o
       348        230        114          0          0       3469   os_dbg.o
      2060         42          0          0          0      16919   os_flag.o
       996         20          0          0          0       4098   os_mbox.o
       468         18          0          0          0       3040   os_mem.o
      1564         50          0          0          0       4438   os_mutex.o
      1508         34          0          0          0       5457   os_q.o
       936         20          0          0          0       3846   os_sem.o
      1872         62          0          0          0       6665   os_task.o
       416         24          0          0          0       1734   os_time.o
      1600        120          0          0          0       5437   os_tmr.o
       356          0          0          0          0       4096   osfunfile.o
      2748        232          0          2         92       9646   output.o
         0          0      12744          0          0        641   picture.o
         4          0          0          0          0        515   port.o
        60          8          0          2          0       1432   portevent.o
       280         16          0          2          0       2200   portserial.o
        80         14          0          0          0       1767   porttcp.o
       228         18          0          0          0      17638   porttimer.o
      1412         20          0          2          0       6502   public.o
        96          6          0          8          0       3206   retarget.o
       400         62          0          4         32      17525   rtc.o
      2784          0          0          0          0       5376   spi.o
        68         30        204          0      12288       1124   startup_lpc17xx.o
      1056          8          0          0          0       2250   store.o
       252         34          0          6          0       2228   syshal.o
       568         66          0          4          0       1013   system_lpc17xx.o
      2324         64          0         47        512      11030   tcpip.o
       868         78          0         16          0       3003   times.o
      2676         76          0          4       2112      31976   uarts.o
         0          0      11364         52          0       2838   zk.o

    ----------------------------------------------------------------------
    130340      10782      31434       9832      38872     543252   Object Totals
         0          0         64          0          0          0   (incl. Generated)
        10          0          4         24          2          0   (incl. Padding)

    ----------------------------------------------------------------------

      Code (inc. data)   RO Data    RW Data    ZI Data      Debug   Library Member Name

       100          0          0          0          0          0   __dclz77c.o
         8          0          0          0          0         68   __main.o
       104          0          0          0          0         84   __printf.o
        52          8          0          0          0          0   __scatter.o
        28          0          0          0          0          0   __scatter_zi.o
        48          6          0          0          0         96   _printf_char_common.o
        36          4          0          0          0         80   _printf_char_file.o
         6          0          0          0          0          0   _printf_f.o
      1056          0          0          0          0        216   _printf_fp_dec.o
       128         16          0          0          0         84   _printf_fp_infnan.o
         0          0          0          0          0          0   _printf_percent.o
         4          0          0          0          0          0   _printf_percent_end.o
        22          0          0          0          0        100   _rserrno.o
       228          6        148          0          0         96   bigflt0.o
      1910        128          0          0          0        672   btod.o
        10          0          0          0          0         68   defsig_exit.o
        50          0          0          0          0         88   defsig_general.o
        80         58          0          0          0         76   defsig_rtmem_inner.o
        14          0          0          0          0         80   defsig_rtmem_outer.o
        12          0          0          0          0         72   exit.o
        94          0          0          0          0         80   h1_alloc.o
        52          0          0          0          0         68   h1_extend.o
        78          0          0          0          0         80   h1_free.o
        14          0          0          0          0         84   h1_init.o
         6          0          0          0          0        152   heapauxi.o
         4          0          0          0          0        136   hguard.o
       138          0          0          0          0        168   init_alloc.o
        44         10         28          0          0         76   lc_numeric_c.o
         2          0          0          0          0          0   libinit.o
        26          0          0          0          0          0   libinit2.o
         2          0          0          0          0          0   libshutdown.o
         2          0          0          0          0          0   libshutdown2.o
         8          4          0          0         96         68   libspace.o
       138          0          0          0          0         80   lludiv10.o
       238          0          0          0          0        100   lludivv7m.o
         0          0          0          0          0          0   maybetermalloc1.o
        24          4          0          0          0         84   noretval__2printf.o
         8          4          0          0          0         68   rt_errno_addr_intlibspace.o
         8          4          0          0          0         68   rt_heap_descriptor_intlibspace.o
         8          4          0          0          0         68   rt_locale_intlibspace.o
        78          0          0          0          0         80   rt_memclr_w.o
       138          0          0          0          0         68   rt_memcpy_v6.o
       100          0          0          0          0         80   rt_memcpy_w.o
         0          0          0          0          0          0   rtentry.o
        12          0          0          0          0          0   rtentry2.o
         6          0          0          0          0          0   rtentry4.o
         2          0          0          0          0          0   rtexit.o
        10          0          0          0          0          0   rtexit2.o
       128          0          0          0          0         68   strcmpv7m.o
        74          0          0          0          0         80   sys_stackheap_outer.o
         2          0          0          0          0         68   use_no_semi.o
        98          4          0          0          0         92   d2f.o
       826         16          0          0          0        348   daddsub_clz.o
        16          4          0          0          0         68   dcheck1.o
        24          0          0          0          0         68   dcmpi.o
       688        140          0          0          0        208   ddiv.o
       120          4          0          0          0         92   deqf.o
        94          4          0          0          0         92   dfix.o
        90          4          0          0          0         92   dfixu.o
        84          0          0          0          0        136   dflt_clz.o
       120          4          0          0          0         92   dleqf.o
       340         12          0          0          0        104   dmul.o
       156          4          0          0          0         92   dnaninf.o
        12          0          0          0          0         68   dretinf.o
       108          0          0          0          0         80   drleqf.o
       460         56          0          0          0        120   dsqrt_noumaal.o
        86          4          0          0          0         84   f2d.o
       430          8          0          0          0        168   faddsub_clz.o
        24          0          0          0          0         68   fcmpi.o
       388         76          0          0          0         96   fdiv.o
       104          4          0          0          0         84   feqf.o
        54          4          0          0          0         84   ffix.o
        62          4          0          0          0         84   ffixu.o
        86          0          0          0          0        136   fflt_clz.o
       104          4          0          0          0         84   fleqf.o
       258          4          0          0          0         84   fmul.o
       140          4          0          0          0         84   fnaninf.o
        10          0          0          0          0         68   fretinf.o
        98          0          0          0          0         68   frleqf.o
         4          0          0          0          0         68   printf1.o
       100          0          0          0          0         68   retnan.o
        92          0          0          0          0         68   scalbn.o
        48          0          0          0          0         68   trapv.o
         0          0          0          0          0          0   usenofp.o
        40          0          0          0          0         68   fpclassify.o
       880         58         56          0          0        264   log.o
       170          0          0          0          0         96   poly.o
         0          0          8          0          0          0   qnan.o
        76          0          0          0          0         84   sqrt.o

    ----------------------------------------------------------------------
     11858        678        240          0         96       7432   Library Totals
        28          0          0          0          0          0   (incl. Padding)

    ----------------------------------------------------------------------

      Code (inc. data)   RO Data    RW Data    ZI Data      Debug   Library Name

      5340        256        176          0         96       3704   c_w.l
      5324        364          0          0          0       3216   fz_ws.l
      1166         58         64          0          0        512   m_ws.l

    ----------------------------------------------------------------------
     11858        678        240          0         96       7432   Library Totals

    ----------------------------------------------------------------------

==============================================================================


      Code (inc. data)   RO Data    RW Data    ZI Data      Debug   

    142198      11460      31674       9832      38968     541584   Grand Totals
    142198      11460      31674       3016      38968     541584   ELF Image Totals (compressed)
    142198      11460      31674       3016          0          0   ROM Totals

==============================================================================

    Total RO  Size (Code + RO Data)               173872 ( 169.80kB)
    Total RW  Size (RW Data + ZI Data)             48800 (  47.66kB)
    Total ROM Size (Code + RO Data + RW Data)     176888 ( 172.74kB)

==============================================================================

