ARM Linker, 5.03 [Build 76] [MDK-ARM Standard]

==============================================================================

Section Cross References

    startup_lpc17xx.o(RESET) refers to startup_lpc17xx.o(STACK) for __initial_sp
    startup_lpc17xx.o(RESET) refers to startup_lpc17xx.o(.text) for Reset_Handler
    startup_lpc17xx.o(RESET) refers to uart.o(.text) for UART0_IRQHandler
    startup_lpc17xx.o(.text) refers to system_lpc17xx.o(.text) for SystemInit
    startup_lpc17xx.o(.text) refers to entry.o(.ARM.Collect$$$$00000000) for __main
    system_lpc17xx.o(.text) refers to system_lpc17xx.o(.data) for SystemCoreClock
    lpc17xx_clkpwr.o(.text) refers to system_lpc17xx.o(.data) for SystemCoreClock
    lpc17xx_uart.o(.text) refers to lpc17xx_clkpwr.o(.text) for CLKPWR_GetPCLK
    lpc17xx_uart.o(.text) refers to uart.o(.text) for check_failed
    main.o(.text) refers to lpc17xx_gpio.o(.text) for GPIO_SetDir
    main.o(.text) refers to uart.o(.text) for UARTSend
    main.o(.text) refers to spi.o(.text) for SPIInit
    main.o(.text) refers to main.o(.data) for menu1
    main.o(.text) refers to zk.o(.constdata) for hzk1616k1
    gps.o(.text) refers to gps.o(.data) for ucCheckSum
    gps.o(.text) refers to gps.o(.bss) for ucGPSDataBuff
    gps.o(.text) refers to uart.o(.bss) for rb
    gps.o(.text) refers to strcmp.o(.text) for strcmp
    gps.o(.text) refers to strcpy.o(.text) for strcpy
    uart.o(.text) refers to lpc17xx_uart.o(.text) for UART_IntConfig
    uart.o(.text) refers to lpc17xx_pinsel.o(.text) for PINSEL_ConfigPin
    uart.o(.text) refers to uart.o(.bss) for rb
    uart.o(.text) refers to uart.o(.data) for TxIntStat
    uart.o(.text) refers to gps.o(.data) for unInBufCntComm1
    spi.o(.text) refers to lpc17xx_pinsel.o(.text) for PINSEL_ConfigPin
    spi.o(.text) refers to lpc17xx_gpio.o(.text) for GPIO_SetDir
    entry.o(.ARM.Collect$$$$00000000) refers (Special) to entry10a.o(.ARM.Collect$$$$0000000D) for __rt_final_cpp
    entry.o(.ARM.Collect$$$$00000000) refers (Special) to entry11a.o(.ARM.Collect$$$$0000000F) for __rt_final_exit
    entry.o(.ARM.Collect$$$$00000000) refers (Special) to entry7b.o(.ARM.Collect$$$$00000008) for _main_clock
    entry.o(.ARM.Collect$$$$00000000) refers (Special) to entry8b.o(.ARM.Collect$$$$0000000A) for _main_cpp_init
    entry.o(.ARM.Collect$$$$00000000) refers (Special) to entry9a.o(.ARM.Collect$$$$0000000B) for _main_init
    entry.o(.ARM.Collect$$$$00000000) refers (Special) to entry5.o(.ARM.Collect$$$$00000004) for _main_scatterload
    entry.o(.ARM.Collect$$$$00000000) refers (Special) to entry2.o(.ARM.Collect$$$$00000001) for _main_stk
    entry2.o(.ARM.Collect$$$$00000001) refers to entry2.o(.ARM.Collect$$$$00002712) for __lit__00000000
    entry2.o(.ARM.Collect$$$$00002712) refers to startup_lpc17xx.o(STACK) for __initial_sp
    entry2.o(__vectab_stack_and_reset_area) refers to startup_lpc17xx.o(STACK) for __initial_sp
    entry2.o(__vectab_stack_and_reset_area) refers to entry.o(.ARM.Collect$$$$00000000) for __main
    entry5.o(.ARM.Collect$$$$00000004) refers to init.o(.text) for __scatterload
    entry9a.o(.ARM.Collect$$$$0000000B) refers to main.o(.text) for main
    entry9b.o(.ARM.Collect$$$$0000000C) refers to main.o(.text) for main
    init.o(.text) refers to entry5.o(.ARM.Collect$$$$00000004) for __main_after_scatterload


==============================================================================

Removing Unused input sections from the image.

    Removing startup_lpc17xx.o(HEAP), (0 bytes).
    Removing core_cm3.o(.emb_text), (32 bytes).
    Removing lpc17xx_nvic.o(.text), (168 bytes).
    Removing main.o(.bss), (50 bytes).
    Removing gps.o(.text), (2520 bytes).
    Removing gps.o(.bss), (380 bytes).

6 unused section(s) (total 3150 bytes) removed from the image.

==============================================================================

Image Symbol Table

    Local Symbols

    Symbol Name                              Value     Ov Type        Size  Object(Section)

    RESET                                    0x00000000   Section      204  startup_lpc17xx.o(RESET)
    ../clib/microlib/init/entry.s            0x00000000   Number         0  entry9b.o ABSOLUTE
    ../clib/microlib/init/entry.s            0x00000000   Number         0  entry9a.o ABSOLUTE
    ../clib/microlib/init/entry.s            0x00000000   Number         0  entry8b.o ABSOLUTE
    ../clib/microlib/init/entry.s            0x00000000   Number         0  entry8a.o ABSOLUTE
    ../clib/microlib/init/entry.s            0x00000000   Number         0  entry7b.o ABSOLUTE
    ../clib/microlib/init/entry.s            0x00000000   Number         0  entry7a.o ABSOLUTE
    ../clib/microlib/init/entry.s            0x00000000   Number         0  entry10a.o ABSOLUTE
    ../clib/microlib/init/entry.s            0x00000000   Number         0  entry5.o ABSOLUTE
    ../clib/microlib/init/entry.s            0x00000000   Number         0  entry2.o ABSOLUTE
    ../clib/microlib/init/entry.s            0x00000000   Number         0  entry.o ABSOLUTE
    ../clib/microlib/init/entry.s            0x00000000   Number         0  entry11b.o ABSOLUTE
    ../clib/microlib/init/entry.s            0x00000000   Number         0  entry11a.o ABSOLUTE
    ../clib/microlib/init/entry.s            0x00000000   Number         0  entry10b.o ABSOLUTE
    ../clib/microlib/string/strcmp.c         0x00000000   Number         0  strcmp.o ABSOLUTE
    ../clib/microlib/string/strcpy.c         0x00000000   Number         0  strcpy.o ABSOLUTE
    ..\Core\CM3\CoreSupport\core_cm3.c       0x00000000   Number         0  core_cm3.o ABSOLUTE
    ..\Core\CM3\DeviceSupport\NXP\LPC17xx\startup\arm\startup_LPC17xx.s 0x00000000   Number         0  startup_lpc17xx.o ABSOLUTE
    ..\Core\CM3\DeviceSupport\NXP\LPC17xx\system_LPC17xx.c 0x00000000   Number         0  system_lpc17xx.o ABSOLUTE
    ..\Drivers\source\debug_frmwrk.c         0x00000000   Number         0  debug_frmwrk.o ABSOLUTE
    ..\Drivers\source\lpc17xx_adc.c          0x00000000   Number         0  lpc17xx_adc.o ABSOLUTE
    ..\Drivers\source\lpc17xx_can.c          0x00000000   Number         0  lpc17xx_can.o ABSOLUTE
    ..\Drivers\source\lpc17xx_clkpwr.c       0x00000000   Number         0  lpc17xx_clkpwr.o ABSOLUTE
    ..\Drivers\source\lpc17xx_dac.c          0x00000000   Number         0  lpc17xx_dac.o ABSOLUTE
    ..\Drivers\source\lpc17xx_emac.c         0x00000000   Number         0  lpc17xx_emac.o ABSOLUTE
    ..\Drivers\source\lpc17xx_exti.c         0x00000000   Number         0  lpc17xx_exti.o ABSOLUTE
    ..\Drivers\source\lpc17xx_gpdma.c        0x00000000   Number         0  lpc17xx_gpdma.o ABSOLUTE
    ..\Drivers\source\lpc17xx_gpio.c         0x00000000   Number         0  lpc17xx_gpio.o ABSOLUTE
    ..\Drivers\source\lpc17xx_i2c.c          0x00000000   Number         0  lpc17xx_i2c.o ABSOLUTE
    ..\Drivers\source\lpc17xx_i2s.c          0x00000000   Number         0  lpc17xx_i2s.o ABSOLUTE
    ..\Drivers\source\lpc17xx_libcfg_default.c 0x00000000   Number         0  lpc17xx_libcfg_default.o ABSOLUTE
    ..\Drivers\source\lpc17xx_mcpwm.c        0x00000000   Number         0  lpc17xx_mcpwm.o ABSOLUTE
    ..\Drivers\source\lpc17xx_nvic.c         0x00000000   Number         0  lpc17xx_nvic.o ABSOLUTE
    ..\Drivers\source\lpc17xx_pinsel.c       0x00000000   Number         0  lpc17xx_pinsel.o ABSOLUTE
    ..\Drivers\source\lpc17xx_pwm.c          0x00000000   Number         0  lpc17xx_pwm.o ABSOLUTE
    ..\Drivers\source\lpc17xx_qei.c          0x00000000   Number         0  lpc17xx_qei.o ABSOLUTE
    ..\Drivers\source\lpc17xx_rit.c          0x00000000   Number         0  lpc17xx_rit.o ABSOLUTE
    ..\Drivers\source\lpc17xx_rtc.c          0x00000000   Number         0  lpc17xx_rtc.o ABSOLUTE
    ..\Drivers\source\lpc17xx_spi.c          0x00000000   Number         0  lpc17xx_spi.o ABSOLUTE
    ..\Drivers\source\lpc17xx_ssp.c          0x00000000   Number         0  lpc17xx_ssp.o ABSOLUTE
    ..\Drivers\source\lpc17xx_systick.c      0x00000000   Number         0  lpc17xx_systick.o ABSOLUTE
    ..\Drivers\source\lpc17xx_timer.c        0x00000000   Number         0  lpc17xx_timer.o ABSOLUTE
    ..\Drivers\source\lpc17xx_uart.c         0x00000000   Number         0  lpc17xx_uart.o ABSOLUTE
    ..\Drivers\source\lpc17xx_wdt.c          0x00000000   Number         0  lpc17xx_wdt.o ABSOLUTE
    ..\\Core\\CM3\\CoreSupport\\core_cm3.c   0x00000000   Number         0  core_cm3.o ABSOLUTE
    ..\app\GPS.C                             0x00000000   Number         0  gps.o ABSOLUTE
    ..\app\SPI.c                             0x00000000   Number         0  spi.o ABSOLUTE
    ..\app\UART.C                            0x00000000   Number         0  uart.o ABSOLUTE
    ..\app\zk.c                              0x00000000   Number         0  zk.o ABSOLUTE
    ..\main.c                                0x00000000   Number         0  main.o ABSOLUTE
    dc.s                                     0x00000000   Number         0  dc.o ABSOLUTE
    handlers.s                               0x00000000   Number         0  handlers.o ABSOLUTE
    init.s                                   0x00000000   Number         0  init.o ABSOLUTE
    .ARM.Collect$$$$00000000                 0x000000cc   Section        0  entry.o(.ARM.Collect$$$$00000000)
    .ARM.Collect$$$$00000001                 0x000000cc   Section        4  entry2.o(.ARM.Collect$$$$00000001)
    .ARM.Collect$$$$00000004                 0x000000d0   Section        4  entry5.o(.ARM.Collect$$$$00000004)
    .ARM.Collect$$$$00000008                 0x000000d4   Section        0  entry7b.o(.ARM.Collect$$$$00000008)
    .ARM.Collect$$$$0000000A                 0x000000d4   Section        0  entry8b.o(.ARM.Collect$$$$0000000A)
    .ARM.Collect$$$$0000000B                 0x000000d4   Section        8  entry9a.o(.ARM.Collect$$$$0000000B)
    .ARM.Collect$$$$0000000D                 0x000000dc   Section        0  entry10a.o(.ARM.Collect$$$$0000000D)
    .ARM.Collect$$$$0000000F                 0x000000dc   Section        0  entry11a.o(.ARM.Collect$$$$0000000F)
    .ARM.Collect$$$$00002712                 0x000000dc   Section        4  entry2.o(.ARM.Collect$$$$00002712)
    __lit__00000000                          0x000000dc   Data           4  entry2.o(.ARM.Collect$$$$00002712)
    .text                                    0x000000e0   Section       36  startup_lpc17xx.o(.text)
    .text                                    0x00000104   Section        0  lpc17xx_clkpwr.o(.text)
    .text                                    0x00000254   Section       36  init.o(.text)
    i.__scatterload_copy                     0x00000278   Section       14  handlers.o(i.__scatterload_copy)
    i.__scatterload_null                     0x00000286   Section        2  handlers.o(i.__scatterload_null)
    i.__scatterload_zeroinit                 0x00000288   Section       14  handlers.o(i.__scatterload_zeroinit)
    .ARM.__at_0x02FC                         0x000002fc   Section        4  startup_lpc17xx.o(.ARM.__at_0x02FC)
    .text                                    0x00000300   Section        0  system_lpc17xx.o(.text)
    .text                                    0x000005a4   Section        0  lpc17xx_gpio.o(.text)
    GPIO_GetPointer                          0x000005a5   Thumb Code    52  lpc17xx_gpio.o(.text)
    FIO_HalfWordGetPointer                   0x000005d9   Thumb Code    52  lpc17xx_gpio.o(.text)
    FIO_ByteGetPointer                       0x0000060d   Thumb Code    52  lpc17xx_gpio.o(.text)
    .text                                    0x000009e4   Section        0  lpc17xx_pinsel.o(.text)
    set_PinFunc                              0x000009e5   Thumb Code    60  lpc17xx_pinsel.o(.text)
    set_ResistorMode                         0x00000a21   Thumb Code    62  lpc17xx_pinsel.o(.text)
    set_OpenDrainMode                        0x00000a5f   Thumb Code    44  lpc17xx_pinsel.o(.text)
    .text                                    0x00000ae4   Section        0  lpc17xx_uart.o(.text)
    uart_set_divisors                        0x00000ae5   Thumb Code   370  lpc17xx_uart.o(.text)
    .text                                    0x00001490   Section        0  main.o(.text)
    .text                                    0x00001580   Section        0  uart.o(.text)
    .text                                    0x00001830   Section        0  spi.o(.text)
    .constdata                               0x00001c70   Section    216576  zk.o(.constdata)
    .data                                    0x10000000   Section        4  system_lpc17xx.o(.data)
    .data                                    0x10000004   Section       29  gps.o(.data)
    .data                                    0x10000024   Section        6  uart.o(.data)
    .bss                                     0x1000002c   Section      528  uart.o(.bss)
    .data                                    0x2007c000   Section      169  main.o(.data)
    STACK                                    0x2007c0b0   Section      512  startup_lpc17xx.o(STACK)

    Global Symbols

    Symbol Name                              Value     Ov Type        Size  Object(Section)

    BuildAttributes$$THM_ISAv4$P$D$K$B$S$PE$A:L22UL41UL21$X:L11$S22US41US21$IEEE1$IW$USESV6$~STKCKD$USESV7$~SHL$OSPACE$EBA8$MICROLIB$REQ8$PRES8$EABIv2 0x00000000   Number         0  anon$$obj.o ABSOLUTE
    __ARM_use_no_argv                        0x00000000   Number         0  main.o ABSOLUTE
    __Vectors                                0x00000000   Data           4  startup_lpc17xx.o(RESET)
    __cpp_initialize__aeabi_                  - Undefined Weak Reference
    __cxa_finalize                            - Undefined Weak Reference
    __decompress                              - Undefined Weak Reference
    _clock_init                               - Undefined Weak Reference
    _microlib_exit                            - Undefined Weak Reference
    __main                                   0x000000cd   Thumb Code     0  entry.o(.ARM.Collect$$$$00000000)
    _main_stk                                0x000000cd   Thumb Code     0  entry2.o(.ARM.Collect$$$$00000001)
    _main_scatterload                        0x000000d1   Thumb Code     0  entry5.o(.ARM.Collect$$$$00000004)
    __main_after_scatterload                 0x000000d5   Thumb Code     0  entry5.o(.ARM.Collect$$$$00000004)
    _main_clock                              0x000000d5   Thumb Code     0  entry7b.o(.ARM.Collect$$$$00000008)
    _main_cpp_init                           0x000000d5   Thumb Code     0  entry8b.o(.ARM.Collect$$$$0000000A)
    _main_init                               0x000000d5   Thumb Code     0  entry9a.o(.ARM.Collect$$$$0000000B)
    __rt_final_cpp                           0x000000dd   Thumb Code     0  entry10a.o(.ARM.Collect$$$$0000000D)
    __rt_final_exit                          0x000000dd   Thumb Code     0  entry11a.o(.ARM.Collect$$$$0000000F)
    Reset_Handler                            0x000000e1   Thumb Code     8  startup_lpc17xx.o(.text)
    NMI_Handler                              0x000000e9   Thumb Code     2  startup_lpc17xx.o(.text)
    HardFault_Handler                        0x000000eb   Thumb Code     2  startup_lpc17xx.o(.text)
    MemManage_Handler                        0x000000ed   Thumb Code     2  startup_lpc17xx.o(.text)
    BusFault_Handler                         0x000000ef   Thumb Code     2  startup_lpc17xx.o(.text)
    UsageFault_Handler                       0x000000f1   Thumb Code     2  startup_lpc17xx.o(.text)
    SVC_Handler                              0x000000f3   Thumb Code     2  startup_lpc17xx.o(.text)
    DebugMon_Handler                         0x000000f5   Thumb Code     2  startup_lpc17xx.o(.text)
    PendSV_Handler                           0x000000f7   Thumb Code     2  startup_lpc17xx.o(.text)
    SysTick_Handler                          0x000000f9   Thumb Code     2  startup_lpc17xx.o(.text)
    ADC_IRQHandler                           0x000000fb   Thumb Code     0  startup_lpc17xx.o(.text)
    BOD_IRQHandler                           0x000000fb   Thumb Code     0  startup_lpc17xx.o(.text)
    CANActivity_IRQHandler                   0x000000fb   Thumb Code     0  startup_lpc17xx.o(.text)
    CAN_IRQHandler                           0x000000fb   Thumb Code     0  startup_lpc17xx.o(.text)
    DMA_IRQHandler                           0x000000fb   Thumb Code     0  startup_lpc17xx.o(.text)
    EINT0_IRQHandler                         0x000000fb   Thumb Code     0  startup_lpc17xx.o(.text)
    EINT1_IRQHandler                         0x000000fb   Thumb Code     0  startup_lpc17xx.o(.text)
    EINT2_IRQHandler                         0x000000fb   Thumb Code     0  startup_lpc17xx.o(.text)
    EINT3_IRQHandler                         0x000000fb   Thumb Code     0  startup_lpc17xx.o(.text)
    ENET_IRQHandler                          0x000000fb   Thumb Code     0  startup_lpc17xx.o(.text)
    I2C0_IRQHandler                          0x000000fb   Thumb Code     0  startup_lpc17xx.o(.text)
    I2C1_IRQHandler                          0x000000fb   Thumb Code     0  startup_lpc17xx.o(.text)
    I2C2_IRQHandler                          0x000000fb   Thumb Code     0  startup_lpc17xx.o(.text)
    I2S_IRQHandler                           0x000000fb   Thumb Code     0  startup_lpc17xx.o(.text)
    MCPWM_IRQHandler                         0x000000fb   Thumb Code     0  startup_lpc17xx.o(.text)
    PLL0_IRQHandler                          0x000000fb   Thumb Code     0  startup_lpc17xx.o(.text)
    PLL1_IRQHandler                          0x000000fb   Thumb Code     0  startup_lpc17xx.o(.text)
    PWM1_IRQHandler                          0x000000fb   Thumb Code     0  startup_lpc17xx.o(.text)
    QEI_IRQHandler                           0x000000fb   Thumb Code     0  startup_lpc17xx.o(.text)
    RIT_IRQHandler                           0x000000fb   Thumb Code     0  startup_lpc17xx.o(.text)
    RTC_IRQHandler                           0x000000fb   Thumb Code     0  startup_lpc17xx.o(.text)
    SPI_IRQHandler                           0x000000fb   Thumb Code     0  startup_lpc17xx.o(.text)
    SSP0_IRQHandler                          0x000000fb   Thumb Code     0  startup_lpc17xx.o(.text)
    SSP1_IRQHandler                          0x000000fb   Thumb Code     0  startup_lpc17xx.o(.text)
    TIMER0_IRQHandler                        0x000000fb   Thumb Code     0  startup_lpc17xx.o(.text)
    TIMER1_IRQHandler                        0x000000fb   Thumb Code     0  startup_lpc17xx.o(.text)
    TIMER2_IRQHandler                        0x000000fb   Thumb Code     0  startup_lpc17xx.o(.text)
    TIMER3_IRQHandler                        0x000000fb   Thumb Code     0  startup_lpc17xx.o(.text)
    UART1_IRQHandler                         0x000000fb   Thumb Code     0  startup_lpc17xx.o(.text)
    UART2_IRQHandler                         0x000000fb   Thumb Code     0  startup_lpc17xx.o(.text)
    UART3_IRQHandler                         0x000000fb   Thumb Code     0  startup_lpc17xx.o(.text)
    USBActivity_IRQHandler                   0x000000fb   Thumb Code     0  startup_lpc17xx.o(.text)
    USB_IRQHandler                           0x000000fb   Thumb Code     0  startup_lpc17xx.o(.text)
    WDT_IRQHandler                           0x000000fb   Thumb Code     0  startup_lpc17xx.o(.text)
    CLKPWR_SetPCLKDiv                        0x00000105   Thumb Code   106  lpc17xx_clkpwr.o(.text)
    CLKPWR_GetPCLKSEL                        0x0000016f   Thumb Code    32  lpc17xx_clkpwr.o(.text)
    CLKPWR_GetPCLK                           0x0000018f   Thumb Code    58  lpc17xx_clkpwr.o(.text)
    CLKPWR_ConfigPPWR                        0x000001c9   Thumb Code    50  lpc17xx_clkpwr.o(.text)
    CLKPWR_Sleep                             0x000001fb   Thumb Code    10  lpc17xx_clkpwr.o(.text)
    CLKPWR_DeepSleep                         0x00000205   Thumb Code    16  lpc17xx_clkpwr.o(.text)
    CLKPWR_PowerDown                         0x00000215   Thumb Code    16  lpc17xx_clkpwr.o(.text)
    CLKPWR_DeepPowerDown                     0x00000225   Thumb Code    16  lpc17xx_clkpwr.o(.text)
    __scatterload                            0x00000255   Thumb Code    28  init.o(.text)
    __scatterload_rt2                        0x00000255   Thumb Code     0  init.o(.text)
    __scatterload_copy                       0x00000279   Thumb Code    14  handlers.o(i.__scatterload_copy)
    __scatterload_null                       0x00000287   Thumb Code     2  handlers.o(i.__scatterload_null)
    __scatterload_zeroinit                   0x00000289   Thumb Code    14  handlers.o(i.__scatterload_zeroinit)
    Region$$Table$$Base                      0x00000298   Number         0  anon$$obj.o(Region$$Table)
    Region$$Table$$Limit                     0x000002d8   Number         0  anon$$obj.o(Region$$Table)
    SystemCoreClockUpdate                    0x00000301   Thumb Code   312  system_lpc17xx.o(.text)
    SystemInit                               0x00000439   Thumb Code   282  system_lpc17xx.o(.text)
    GPIO_SetDir                              0x00000641   Thumb Code    40  lpc17xx_gpio.o(.text)
    GPIO_SetValue                            0x00000669   Thumb Code    20  lpc17xx_gpio.o(.text)
    GPIO_ClearValue                          0x0000067d   Thumb Code    20  lpc17xx_gpio.o(.text)
    GPIO_ReadValue                           0x00000691   Thumb Code    22  lpc17xx_gpio.o(.text)
    GPIO_IntCmd                              0x000006a7   Thumb Code    54  lpc17xx_gpio.o(.text)
    GPIO_GetIntStatus                        0x000006dd   Thumb Code    86  lpc17xx_gpio.o(.text)
    GPIO_ClearInt                            0x00000733   Thumb Code    24  lpc17xx_gpio.o(.text)
    FIO_SetDir                               0x0000074b   Thumb Code    20  lpc17xx_gpio.o(.text)
    FIO_SetValue                             0x0000075f   Thumb Code    16  lpc17xx_gpio.o(.text)
    FIO_ClearValue                           0x0000076f   Thumb Code    16  lpc17xx_gpio.o(.text)
    FIO_ReadValue                            0x0000077f   Thumb Code    12  lpc17xx_gpio.o(.text)
    FIO_IntCmd                               0x0000078b   Thumb Code    20  lpc17xx_gpio.o(.text)
    FIO_GetIntStatus                         0x0000079f   Thumb Code    20  lpc17xx_gpio.o(.text)
    FIO_ClearInt                             0x000007b3   Thumb Code    16  lpc17xx_gpio.o(.text)
    FIO_SetMask                              0x000007c3   Thumb Code    40  lpc17xx_gpio.o(.text)
    FIO_HalfWordSetDir                       0x000007eb   Thumb Code    62  lpc17xx_gpio.o(.text)
    FIO_HalfWordSetMask                      0x00000829   Thumb Code    62  lpc17xx_gpio.o(.text)
    FIO_HalfWordSetValue                     0x00000867   Thumb Code    32  lpc17xx_gpio.o(.text)
    FIO_HalfWordClearValue                   0x00000887   Thumb Code    32  lpc17xx_gpio.o(.text)
    FIO_HalfWordReadValue                    0x000008a7   Thumb Code    30  lpc17xx_gpio.o(.text)
    FIO_ByteSetDir                           0x000008c5   Thumb Code    58  lpc17xx_gpio.o(.text)
    FIO_ByteSetMask                          0x000008ff   Thumb Code    74  lpc17xx_gpio.o(.text)
    FIO_ByteSetValue                         0x00000949   Thumb Code    38  lpc17xx_gpio.o(.text)
    FIO_ByteClearValue                       0x0000096f   Thumb Code    82  lpc17xx_gpio.o(.text)
    FIO_ByteReadValue                        0x000009c1   Thumb Code    36  lpc17xx_gpio.o(.text)
    PINSEL_ConfigTraceFunc                   0x00000a8b   Thumb Code    34  lpc17xx_pinsel.o(.text)
    PINSEL_SetI2C0Pins                       0x00000aad   Thumb Code    16  lpc17xx_pinsel.o(.text)
    PINSEL_ConfigPin                         0x00000abd   Thumb Code    36  lpc17xx_pinsel.o(.text)
    UART_Init                                0x00000c57   Thumb Code   440  lpc17xx_uart.o(.text)
    UART_TxCmd                               0x00000e0f   Thumb Code   128  lpc17xx_uart.o(.text)
    UART_DeInit                              0x00000e8f   Thumb Code    64  lpc17xx_uart.o(.text)
    UART_ConfigStructInit                    0x00000ecf   Thumb Code    74  lpc17xx_uart.o(.text)
    UART_SendByte                            0x00000f19   Thumb Code    58  lpc17xx_uart.o(.text)
    UART_ReceiveByte                         0x00000f53   Thumb Code    56  lpc17xx_uart.o(.text)
    UART_Send                                0x00000f8b   Thumb Code   150  lpc17xx_uart.o(.text)
    UART_Receive                             0x00001021   Thumb Code   122  lpc17xx_uart.o(.text)
    UART_ForceBreak                          0x0000109b   Thumb Code    68  lpc17xx_uart.o(.text)
    UART_IntConfig                           0x000010df   Thumb Code   260  lpc17xx_uart.o(.text)
    UART_GetLineStatus                       0x000011e3   Thumb Code    56  lpc17xx_uart.o(.text)
    UART_GetIntId                            0x0000121b   Thumb Code    52  lpc17xx_uart.o(.text)
    UART_CheckBusy                           0x0000124f   Thumb Code    18  lpc17xx_uart.o(.text)
    UART_FIFOConfig                          0x00001261   Thumb Code   270  lpc17xx_uart.o(.text)
    UART_FIFOConfigStructInit                0x0000136f   Thumb Code    14  lpc17xx_uart.o(.text)
    UART_ABCmd                               0x0000137d   Thumb Code   192  lpc17xx_uart.o(.text)
    UART_ABClearIntPending                   0x0000143d   Thumb Code    66  lpc17xx_uart.o(.text)
    BuzzerIOInit                             0x00001491   Thumb Code    32  main.o(.text)
    SetBuzzer                                0x000014b1   Thumb Code    38  main.o(.text)
    print_menu                               0x000014d7   Thumb Code    60  main.o(.text)
    c_entry                                  0x00001513   Thumb Code    84  main.o(.text)
    main                                     0x00001567   Thumb Code     4  main.o(.text)
    UART_IntErr                              0x00001581   Thumb Code     6  uart.o(.text)
    UART_IntTransmit                         0x00001587   Thumb Code   132  uart.o(.text)
    UART_IntReceive                          0x0000160b   Thumb Code    84  uart.o(.text)
    UART0_IRQHandler                         0x0000165f   Thumb Code    54  uart.o(.text)
    UART0Init                                0x00001695   Thumb Code   182  uart.o(.text)
    UARTReceive                              0x0000174b   Thumb Code    94  uart.o(.text)
    UARTSend                                 0x000017a9   Thumb Code   106  uart.o(.text)
    check_failed                             0x00001813   Thumb Code     4  uart.o(.text)
    SPIInit                                  0x00001831   Thumb Code   160  spi.o(.text)
    DelayAD                                  0x000018d1   Thumb Code    12  spi.o(.text)
    Send_Byte                                0x000018dd   Thumb Code    70  spi.o(.text)
    Get_Byte                                 0x00001923   Thumb Code    64  spi.o(.text)
    SSTF016B_RD                              0x00001963   Thumb Code   102  spi.o(.text)
    SSTF016B_WR                              0x000019c9   Thumb Code   352  spi.o(.text)
    flash_chip_erase                         0x00001b29   Thumb Code   202  spi.o(.text)
    MX25L1602_RdID                           0x00001bf3   Thumb Code   126  spi.o(.text)
    hzk1616k1                                0x00001c70   Data       216576  zk.o(.constdata)
    SystemCoreClock                          0x10000000   Data           4  system_lpc17xx.o(.data)
    unInBufCntComm1                          0x10000004   Data           4  gps.o(.data)
    ucGpsCommandStatus                       0x10000008   Data           1  gps.o(.data)
    ucGPSCommand                             0x10000009   Data           8  gps.o(.data)
    ucGPSBuffCnt                             0x10000011   Data           1  gps.o(.data)
    InHeadComm1                              0x10000014   Data           4  gps.o(.data)
    ucCheckSum                               0x10000018   Data           8  gps.o(.data)
    GPS_Date                                 0x10000020   Data           1  gps.o(.data)
    bufNum                                   0x10000024   Data           4  uart.o(.data)
    begain_flag                              0x10000028   Data           1  uart.o(.data)
    TxIntStat                                0x10000029   Data           1  uart.o(.data)
    rb                                       0x1000002c   Data         528  uart.o(.bss)
    menu1                                    0x2007c000   Data          28  main.o(.data)
    menu2                                    0x2007c01c   Data          98  main.o(.data)
    menu3                                    0x2007c07e   Data          23  main.o(.data)
    menu4                                    0x2007c095   Data          20  main.o(.data)
    __initial_sp                             0x2007c2b0   Data           0  startup_lpc17xx.o(STACK)



==============================================================================

Memory Map of the image

  Image Entry point : 0x000000cd

  Load Region LR_IROM1 (Base: 0x00000000, Size: 0x00036b48, Max: 0x00080000, ABSOLUTE)

    Execution Region ER_IROM1 (Base: 0x00000000, Size: 0x00036a70, Max: 0x00080000, ABSOLUTE)

    Base Addr    Size         Type   Attr      Idx    E Section Name        Object

    0x00000000   0x000000cc   Data   RO            3    RESET               startup_lpc17xx.o
    0x000000cc   0x00000000   Code   RO          461  * .ARM.Collect$$$$00000000  mc_w.l(entry.o)
    0x000000cc   0x00000004   Code   RO          468    .ARM.Collect$$$$00000001  mc_w.l(entry2.o)
    0x000000d0   0x00000004   Code   RO          471    .ARM.Collect$$$$00000004  mc_w.l(entry5.o)
    0x000000d4   0x00000000   Code   RO          473    .ARM.Collect$$$$00000008  mc_w.l(entry7b.o)
    0x000000d4   0x00000000   Code   RO          475    .ARM.Collect$$$$0000000A  mc_w.l(entry8b.o)
    0x000000d4   0x00000008   Code   RO          476    .ARM.Collect$$$$0000000B  mc_w.l(entry9a.o)
    0x000000dc   0x00000000   Code   RO          478    .ARM.Collect$$$$0000000D  mc_w.l(entry10a.o)
    0x000000dc   0x00000000   Code   RO          480    .ARM.Collect$$$$0000000F  mc_w.l(entry11a.o)
    0x000000dc   0x00000004   Code   RO          469    .ARM.Collect$$$$00002712  mc_w.l(entry2.o)
    0x000000e0   0x00000024   Code   RO            5    .text               startup_lpc17xx.o
    0x00000104   0x00000150   Code   RO           99    .text               lpc17xx_clkpwr.o
    0x00000254   0x00000024   Code   RO          482    .text               mc_w.l(init.o)
    0x00000278   0x0000000e   Code   RO          486    i.__scatterload_copy  mc_w.l(handlers.o)
    0x00000286   0x00000002   Code   RO          487    i.__scatterload_null  mc_w.l(handlers.o)
    0x00000288   0x0000000e   Code   RO          488    i.__scatterload_zeroinit  mc_w.l(handlers.o)
    0x00000296   0x00000002   PAD
    0x00000298   0x00000040   Data   RO          484    Region$$Table       anon$$obj.o
    0x000002d8   0x00000024   PAD
    0x000002fc   0x00000004   Code   RO            4    .ARM.__at_0x02FC    startup_lpc17xx.o
    0x00000300   0x000002a4   Code   RO           13    .text               system_lpc17xx.o
    0x000005a4   0x00000440   Code   RO          154    .text               lpc17xx_gpio.o
    0x000009e4   0x00000100   Code   RO          220    .text               lpc17xx_pinsel.o
    0x00000ae4   0x000009ac   Code   RO          304    .text               lpc17xx_uart.o
    0x00001490   0x000000f0   Code   RO          325    .text               main.o
    0x00001580   0x000002b0   Code   RO          394    .text               uart.o
    0x00001830   0x00000440   Code   RO          421    .text               spi.o
    0x00001c70   0x00034e00   Data   RO          449    .constdata          zk.o


    Execution Region RW_IRAM1 (Base: 0x10000000, Size: 0x0000023c, Max: 0x00008000, ABSOLUTE)

    Base Addr    Size         Type   Attr      Idx    E Section Name        Object

    0x10000000   0x00000004   Data   RW           14    .data               system_lpc17xx.o
    0x10000004   0x0000001d   Data   RW          365    .data               gps.o
    0x10000021   0x00000003   PAD
    0x10000024   0x00000006   Data   RW          396    .data               uart.o
    0x1000002a   0x00000002   PAD
    0x1000002c   0x00000210   Zero   RW          395    .bss                uart.o


    Execution Region RW_IRAM2 (Base: 0x2007c000, Size: 0x000002b0, Max: 0x00008000, ABSOLUTE)

    Base Addr    Size         Type   Attr      Idx    E Section Name        Object

    0x2007c000   0x000000a9   Data   RW          327    .data               main.o
    0x2007c0a9   0x00000007   PAD
    0x2007c0b0   0x00000200   Zero   RW            1    STACK               startup_lpc17xx.o


==============================================================================

Image component sizes


      Code (inc. data)   RO Data    RW Data    ZI Data      Debug   Object Name

         0          0          0          0          0      11964   debug_frmwrk.o
         0          0          0         29          0       2592   gps.o
       336         32          0          0          0       1799   lpc17xx_clkpwr.o
      1088         62          0          0          0       9699   lpc17xx_gpio.o
       256          4          0          0          0       2213   lpc17xx_pinsel.o
      2476         98          0          0          0       6830   lpc17xx_uart.o
       240         22          0        169          0       2729   main.o
      1088          0          0          0          0       4011   spi.o
        40         12        204          0        512       1148   startup_lpc17xx.o
       676         82          0          4          0      22561   system_lpc17xx.o
       688         26          0          6        528      20673   uart.o
         0          0     216576          0          0        512   zk.o

    ----------------------------------------------------------------------
      6888        338     216880        216       1044      86731   Object Totals
         0          0         64          0          0          0   (incl. Generated)
         0          0         36          8          4          0   (incl. Padding)

    ----------------------------------------------------------------------

      Code (inc. data)   RO Data    RW Data    ZI Data      Debug   Library Member Name

         0          0          0          0          0          0   entry.o
         0          0          0          0          0          0   entry10a.o
         0          0          0          0          0          0   entry11a.o
         8          4          0          0          0          0   entry2.o
         4          0          0          0          0          0   entry5.o
         0          0          0          0          0          0   entry7b.o
         0          0          0          0          0          0   entry8b.o
         8          4          0          0          0          0   entry9a.o
        30          0          0          0          0          0   handlers.o
        36          8          0          0          0         68   init.o

    ----------------------------------------------------------------------
        88         16          0          0          0         68   Library Totals
         2          0          0          0          0          0   (incl. Padding)

    ----------------------------------------------------------------------

      Code (inc. data)   RO Data    RW Data    ZI Data      Debug   Library Name

        86         16          0          0          0         68   mc_w.l

    ----------------------------------------------------------------------
        88         16          0          0          0         68   Library Totals

    ----------------------------------------------------------------------

==============================================================================


      Code (inc. data)   RO Data    RW Data    ZI Data      Debug   

      6976        354     216880        216       1044      86175   Grand Totals
      6976        354     216880        216       1044      86175   ELF Image Totals
      6976        354     216880        216          0          0   ROM Totals

==============================================================================

    Total RO  Size (Code + RO Data)               223856 ( 218.61kB)
    Total RW  Size (RW Data + ZI Data)              1260 (   1.23kB)
    Total ROM Size (Code + RO Data + RW Data)     224072 ( 218.82kB)

==============================================================================

