<html>
<body>
<pre>
<h1>µVision Build Log</h1>
<h2>Project:</h2>
E:\MoblieHD\originCode\CEXE\EPM2050FirmWare\2016-7-27 v1.180\uCos-II-Mould.uvproj
Project File Date:  12/11/2016

<h2>Output:</h2>
Build target 'LPC1700 FLASH'
compiling FPGA_Contorl.c...
App\FPGA_Contorl.c(1216): warning:  #177-D: variable "err" was declared but never referenced
      uint8 err;
App\FPGA_Contorl.c(1653): warning:  #177-D: function "ReCalculateAverageCnt" was declared but never referenced
  static float ReCalculateAverageCnt(CNT_RECORD * p,float Order,uint8 Record_Num)
App\FPGA_Contorl.c: 2 warnings, 0 errors
linking...
Program Size: Code=142170 RO-data=31678 RW-data=9832 ZI-data=38968  
FromELF: creating hex file...
".\Flash\LPC17xx-uCos-II-Mould.axf" - 0 Error(s), 2 Warning(s).
</pre>
</body>
</html>
