ARM Linker, 5.03 [Build 76] [MDK-ARM Professional]

==============================================================================

Section Cross References

    startup_lpc17xx.o(STACK) refers (Special) to heapauxi.o(.text) for __use_two_region_memory
    startup_lpc17xx.o(HEAP) refers (Special) to heapauxi.o(.text) for __use_two_region_memory
    startup_lpc17xx.o(RESET) refers (Special) to heapauxi.o(.text) for __use_two_region_memory
    startup_lpc17xx.o(RESET) refers to startup_lpc17xx.o(STACK) for __initial_sp
    startup_lpc17xx.o(RESET) refers to startup_lpc17xx.o(.text) for Reset_Handler
    startup_lpc17xx.o(RESET) refers to os_cpu_a.o(.text) for OS_CPU_PendSVHandler
    startup_lpc17xx.o(RESET) refers to os_cpu_c.o(.text) for OS_CPU_SysTickHandler
    startup_lpc17xx.o(RESET) refers to times.o(.text) for TIMER0_IRQHandler
    startup_lpc17xx.o(RESET) refers to porttimer.o(.text) for TIMER3_IRQHandler
    startup_lpc17xx.o(RESET) refers to uarts.o(.text) for UART0_IRQHandler
    startup_lpc17xx.o(RESET) refers to i2c.o(.text) for I2C1_IRQHandler
    startup_lpc17xx.o(RESET) refers to rtc.o(.text) for RTC_IRQHandler
    startup_lpc17xx.o(.ARM.__at_0x02FC) refers (Special) to heapauxi.o(.text) for __use_two_region_memory
    startup_lpc17xx.o(.text) refers (Special) to heapauxi.o(.text) for __use_two_region_memory
    startup_lpc17xx.o(.text) refers to system_lpc17xx.o(.text) for SystemInit
    startup_lpc17xx.o(.text) refers to __main.o(!!!main) for __main
    startup_lpc17xx.o(.text) refers to startup_lpc17xx.o(HEAP) for Heap_Mem
    startup_lpc17xx.o(.text) refers to startup_lpc17xx.o(STACK) for Stack_Mem
    system_lpc17xx.o(.text) refers to system_lpc17xx.o(.data) for SystemCoreClock
    lpc17xx_adc.o(.text) refers to main.o(.text) for check_failed
    lpc17xx_adc.o(.text) refers to lpc17xx_clkpwr.o(.text) for CLKPWR_ConfigPPWR
    lpc17xx_clkpwr.o(.text) refers to system_lpc17xx.o(.data) for SystemCoreClock
    lpc17xx_i2c.o(.text) refers to main.o(.text) for check_failed
    lpc17xx_i2c.o(.text) refers to lpc17xx_clkpwr.o(.text) for CLKPWR_GetPCLK
    lpc17xx_i2c.o(.text) refers to lpc17xx_i2c.o(.bss) for i2cdat
    lpc17xx_i2c.o(.text) refers to lpc17xx_i2c.o(.data) for I2C_MonitorBufferIndex
    lpc17xx_i2s.o(.text) refers to main.o(.text) for check_failed
    lpc17xx_i2s.o(.text) refers to lpc17xx_clkpwr.o(.text) for CLKPWR_ConfigPPWR
    lpc17xx_rtc.o(.text) refers to main.o(.text) for check_failed
    lpc17xx_rtc.o(.text) refers to lpc17xx_clkpwr.o(.text) for CLKPWR_ConfigPPWR
    lpc17xx_timer.o(.text) refers to lpc17xx_clkpwr.o(.text) for CLKPWR_GetPCLK
    lpc17xx_timer.o(.text) refers to lludivv7m.o(.text) for __aeabi_uldivmod
    lpc17xx_timer.o(.text) refers to main.o(.text) for check_failed
    lpc17xx_uart.o(.text) refers to lpc17xx_clkpwr.o(.text) for CLKPWR_GetPCLK
    lpc17xx_uart.o(.text) refers to main.o(.text) for check_failed
    cpu_c.o(.text) refers to cpu_a.o(.text) for CPU_SR_Save
    os_core.o(.text) refers to os_cpu_a.o(.text) for OS_CPU_SR_Save
    os_core.o(.text) refers to os_core.o(.data) for OSIntNesting
    os_core.o(.text) refers to os_core.o(.constdata) for OSUnMapTbl
    os_core.o(.text) refers to os_core.o(.bss) for OSTCBPrioTbl
    os_core.o(.text) refers to os_task.o(.text) for OSTaskStkChk
    os_core.o(.text) refers to os_time.o(.text) for OSTimeDly
    os_core.o(.text) refers to os_cpu_c.o(.text) for OSTaskStatHook
    os_core.o(.text) refers to os_flag.o(.text) for OS_FlagInit
    os_core.o(.text) refers to os_mem.o(.text) for OS_MemInit
    os_core.o(.text) refers to os_q.o(.text) for OS_QInit
    os_core.o(.text) refers to os_tmr.o(.text) for OSTmr_Init
    os_core.o(.text) refers to os_dbg.o(.text) for OSDebugInit
    os_flag.o(.text) refers to os_cpu_a.o(.text) for OS_CPU_SR_Save
    os_flag.o(.text) refers to os_core.o(.text) for OS_Sched
    os_flag.o(.text) refers to os_core.o(.data) for OSIntNesting
    os_flag.o(.text) refers to os_core.o(.bss) for OSFlagTbl
    os_mbox.o(.text) refers to os_cpu_a.o(.text) for OS_CPU_SR_Save
    os_mbox.o(.text) refers to os_core.o(.text) for OS_EventWaitListInit
    os_mbox.o(.text) refers to os_core.o(.data) for OSIntNesting
    os_mem.o(.text) refers to os_cpu_a.o(.text) for OS_CPU_SR_Save
    os_mem.o(.text) refers to os_core.o(.text) for OS_StrLen
    os_mem.o(.text) refers to os_core.o(.data) for OSMemFreeList
    os_mem.o(.text) refers to os_core.o(.bss) for OSMemTbl
    os_mutex.o(.text) refers to os_cpu_a.o(.text) for OS_CPU_SR_Save
    os_mutex.o(.text) refers to os_core.o(.text) for OS_EventWaitListInit
    os_mutex.o(.text) refers to os_core.o(.data) for OSIntNesting
    os_mutex.o(.text) refers to os_core.o(.bss) for OSTCBPrioTbl
    os_q.o(.text) refers to os_cpu_a.o(.text) for OS_CPU_SR_Save
    os_q.o(.text) refers to os_core.o(.text) for OS_EventWaitListInit
    os_q.o(.text) refers to os_core.o(.data) for OSIntNesting
    os_q.o(.text) refers to os_core.o(.bss) for OSQTbl
[...]
    testboard                                0x0001da05   Thumb Code    34  output.o(.text)
    DigitalOutput                            0x0001da27   Thumb Code    66  output.o(.text)
    OutputCONC                               0x0001da69   Thumb Code   490  output.o(.text)
    ReadHistory                              0x0001dc53   Thumb Code   312  output.o(.text)
    ReadHistoryM                             0x0001dd8b   Thumb Code   736  output.o(.text)
    ReadSysRecord                            0x0001e06b   Thumb Code   104  output.o(.text)
    ReadHistorySys                           0x0001e0d3   Thumb Code   206  output.o(.text)
    ReadHistorySysMin                        0x0001e1a1   Thumb Code   344  output.o(.text)
    ReadHistoryDat                           0x0001e2f9   Thumb Code   438  output.o(.text)
    eMBInit                                  0x0001e4c1   Thumb Code   150  mb.o(.text)
    eMBTCPInit                               0x0001e557   Thumb Code    86  mb.o(.text)
    eMBRegisterCB                            0x0001e5ad   Thumb Code   138  mb.o(.text)
    eMBClose                                 0x0001e637   Thumb Code    32  mb.o(.text)
    eMBEnable                                0x0001e657   Thumb Code    32  mb.o(.text)
    eMBDisable                               0x0001e677   Thumb Code    42  mb.o(.text)
    eMBPoll                                  0x0001e6a1   Thumb Code   258  mb.o(.text)
    eMBFuncReadCoils                         0x0001e815   Thumb Code   174  mbfunccoils.o(.text)
    eMBFuncWriteCoil                         0x0001e8c3   Thumb Code   112  mbfunccoils.o(.text)
    eMBFuncWriteMultipleCoils                0x0001e933   Thumb Code   144  mbfunccoils.o(.text)
    eMBFuncReadDiscreteInputs                0x0001e9c3   Thumb Code   172  mbfuncdisc.o(.text)
    eMBFuncWriteHoldingRegister              0x0001ea6f   Thumb Code    66  mbfuncholding.o(.text)
    eMBFuncWriteMultipleHoldingRegister      0x0001eab1   Thumb Code   110  mbfuncholding.o(.text)
    eMBFuncReadHoldingRegister               0x0001eb1f   Thumb Code   140  mbfuncholding.o(.text)
    eMBFuncReadWriteMultipleHoldingRegister  0x0001ebab   Thumb Code   212  mbfuncholding.o(.text)
    eMBFuncReadInputRegister                 0x0001ec7f   Thumb Code   140  mbfuncinput.o(.text)
    eMBSetSlaveID                            0x0001ed0d   Thumb Code   110  mbfuncother.o(.text)
    eMBFuncReportSlaveID                     0x0001ed7b   Thumb Code    30  mbfuncother.o(.text)
    xMBUtilSetBits                           0x0001eda1   Thumb Code   102  mbutils.o(.text)
    xMBUtilGetBits                           0x0001ee07   Thumb Code    42  mbutils.o(.text)
    prveMBError2Exception                    0x0001ee31   Thumb Code    34  mbutils.o(.text)
    eMBTCPDoInit                             0x0001ee79   Thumb Code    20  mbtcp.o(.text)
    eMBTCPStart                              0x0001ee8d   Thumb Code     2  mbtcp.o(.text)
    eMBTCPStop                               0x0001ee8f   Thumb Code     8  mbtcp.o(.text)
    eMBTCPReceive                            0x0001ee97   Thumb Code    72  mbtcp.o(.text)
    eMBTCPSend                               0x0001eedf   Thumb Code    48  mbtcp.o(.text)
    xMBTCPPortInit                           0x0001ef11   Thumb Code     8  porttcp.o(.text)
    vMBTCPPortClose                          0x0001ef19   Thumb Code     2  porttcp.o(.text)
    vMBTCPPortDisable                        0x0001ef1b   Thumb Code     2  porttcp.o(.text)
    xMBTCPPortGetRequest                     0x0001ef1d   Thumb Code    22  porttcp.o(.text)
    xMBTCPPortSendResponse                   0x0001ef33   Thumb Code    32  porttcp.o(.text)
    xMBPortTimersInit                        0x0001ef61   Thumb Code   134  porttimer.o(.text)
    vMBPortTimersEnable                      0x0001efe7   Thumb Code    26  porttimer.o(.text)
    vMBPortTimersDisable                     0x0001f001   Thumb Code    12  porttimer.o(.text)
    TIMERExpiredISR                          0x0001f00d   Thumb Code    10  porttimer.o(.text)
    TIMER3_IRQHandler                        0x0001f017   Thumb Code    28  porttimer.o(.text)
    xMBPortEventInit                         0x0001f045   Thumb Code    10  portevent.o(.text)
    xMBPortEventPost                         0x0001f04f   Thumb Code    16  portevent.o(.text)
    xMBPortEventGet                          0x0001f05f   Thumb Code    26  portevent.o(.text)
    prvvUARTTxReadyISR                       0x0001f081   Thumb Code    10  portserial.o(.text)
    vMBPortSerialEnable                      0x0001f08b   Thumb Code    38  portserial.o(.text)
    vMBPortClose                             0x0001f0b1   Thumb Code    32  portserial.o(.text)
    xMBPortSerialInit                        0x0001f0d1   Thumb Code    80  portserial.o(.text)
    xMBPortSerialPutByte                     0x0001f121   Thumb Code    76  portserial.o(.text)
    xMBPortSerialGetByte                     0x0001f16d   Thumb Code    18  portserial.o(.text)
    prvvUARTRxISR                            0x0001f17f   Thumb Code    10  portserial.o(.text)
    eMBRTUInit                               0x0001f199   Thumb Code    90  mbrtu.o(.text)
    eMBRTUStart                              0x0001f1f3   Thumb Code    30  mbrtu.o(.text)
    eMBRTUStop                               0x0001f211   Thumb Code    24  mbrtu.o(.text)
    eMBRTUReceive                            0x0001f229   Thumb Code    96  mbrtu.o(.text)
    eMBRTUSend                               0x0001f289   Thumb Code   130  mbrtu.o(.text)
    xMBRTUReceiveFSM                         0x0001f30b   Thumb Code   138  mbrtu.o(.text)
    xMBRTUTransmitFSM                        0x0001f395   Thumb Code    92  mbrtu.o(.text)
    xMBRTUTimerT35Expired                    0x0001f3f1   Thumb Code    94  mbrtu.o(.text)
    usMBCRC16                                0x0001f48d   Thumb Code    48  mbcrc.o(.text)
    __aeabi_uldivmod                         0x0001f4c5   Thumb Code     0  lludivv7m.o(.text)
    _ll_udiv                                 0x0001f4c5   Thumb Code   238  lludivv7m.o(.text)
    __aeabi_memcpy                           0x0001f5b3   Thumb Code     0  rt_memcpy_v6.o(.text)
    __rt_memcpy                              0x0001f5b3   Thumb Code   138  rt_memcpy_v6.o(.text)
    _memcpy_lastbytes                        0x0001f619   Thumb Code     0  rt_memcpy_v6.o(.text)
    __aeabi_memcpy4                          0x0001f63d   Thumb Code     0  rt_memcpy_w.o(.text)
    __aeabi_memcpy8                          0x0001f63d   Thumb Code     0  rt_memcpy_w.o(.text)
    __rt_memcpy_w                            0x0001f63d   Thumb Code   100  rt_memcpy_w.o(.text)
    _memcpy_lastbytes_aligned                0x0001f685   Thumb Code     0  rt_memcpy_w.o(.text)
    __aeabi_memclr4                          0x0001f6a1   Thumb Code     0  rt_memclr_w.o(.text)
    __aeabi_memclr8                          0x0001f6a1   Thumb Code     0  rt_memclr_w.o(.text)
    __rt_memclr_w                            0x0001f6a1   Thumb Code    78  rt_memclr_w.o(.text)
    _memset_w                                0x0001f6a5   Thumb Code     0  rt_memclr_w.o(.text)
    strcmp                                   0x0001f6f1   Thumb Code   128  strcmpv7m.o(.text)
    __read_errno                             0x0001f771   Thumb Code    10  _rserrno.o(.text)
    __set_errno                              0x0001f77b   Thumb Code    12  _rserrno.o(.text)
    __aeabi_errno_addr                       0x0001f789   Thumb Code     8  rt_errno_addr_intlibspace.o(.text)
    __errno$intlibspace                      0x0001f789   Thumb Code     0  rt_errno_addr_intlibspace.o(.text)
    __rt_errno_addr$intlibspace              0x0001f789   Thumb Code     0  rt_errno_addr_intlibspace.o(.text)
    __user_libspace                          0x0001f791   Thumb Code     8  libspace.o(.text)
    __user_perproc_libspace                  0x0001f791   Thumb Code     0  libspace.o(.text)
    __user_perthread_libspace                0x0001f791   Thumb Code     0  libspace.o(.text)
    __user_setup_stackheap                   0x0001f799   Thumb Code    74  sys_stackheap_outer.o(.text)
    exit                                     0x0001f7e3   Thumb Code    12  exit.o(.text)
    _sys_exit                                0x0001f7f1   Thumb Code     8  sys_exit.o(.text)
    __kernel_poly                            0x0001f7fd   Thumb Code   170  poly.o(i.__kernel_poly)
    log                                      0x0001f8a9   Thumb Code   822  log.o(i.log)
    sqrt                                     0x0001fc19   Thumb Code    76  sqrt.o(i.sqrt)
    __aeabi_d2f                              0x0001fc65   Thumb Code     0  d2f.o(x$fpl$d2f)
    _d2f                                     0x0001fc65   Thumb Code    98  d2f.o(x$fpl$d2f)
    __aeabi_dadd                             0x0001fcc9   Thumb Code     0  daddsub_clz.o(x$fpl$dadd)
    _dadd                                    0x0001fcc9   Thumb Code   332  daddsub_clz.o(x$fpl$dadd)
    __fpl_dcheck_NaN1                        0x0001fe19   Thumb Code    10  dcheck1.o(x$fpl$dcheck1)
    __fpl_dcmp_Inf                           0x0001fe29   Thumb Code    24  dcmpi.o(x$fpl$dcmpinf)
    __aeabi_ddiv                             0x0001fe41   Thumb Code     0  ddiv.o(x$fpl$ddiv)
    _ddiv                                    0x0001fe41   Thumb Code   552  ddiv.o(x$fpl$ddiv)
    __aeabi_cdcmpeq                          0x000200f1   Thumb Code     0  deqf.o(x$fpl$deqf)
    _dcmpeq                                  0x000200f1   Thumb Code   120  deqf.o(x$fpl$deqf)
    __aeabi_d2iz                             0x00020169   Thumb Code     0  dfix.o(x$fpl$dfix)
    _dfix                                    0x00020169   Thumb Code    94  dfix.o(x$fpl$dfix)
    __aeabi_d2uiz                            0x000201c9   Thumb Code     0  dfixu.o(x$fpl$dfixu)
    _dfixu                                   0x000201c9   Thumb Code    90  dfixu.o(x$fpl$dfixu)
    __aeabi_i2d                              0x00020223   Thumb Code     0  dflt_clz.o(x$fpl$dflt)
    _dflt                                    0x00020223   Thumb Code    46  dflt_clz.o(x$fpl$dflt)
    __aeabi_ui2d                             0x00020251   Thumb Code     0  dflt_clz.o(x$fpl$dfltu)
    _dfltu                                   0x00020251   Thumb Code    38  dflt_clz.o(x$fpl$dfltu)
    __aeabi_cdcmple                          0x00020279   Thumb Code     0  dleqf.o(x$fpl$dleqf)
    _dcmple                                  0x00020279   Thumb Code   120  dleqf.o(x$fpl$dleqf)
    __fpl_dcmple_InfNaN                      0x000202db   Thumb Code     0  dleqf.o(x$fpl$dleqf)
    __aeabi_dmul                             0x000202f1   Thumb Code     0  dmul.o(x$fpl$dmul)
    _dmul                                    0x000202f1   Thumb Code   332  dmul.o(x$fpl$dmul)
    __fpl_dnaninf                            0x00020445   Thumb Code   156  dnaninf.o(x$fpl$dnaninf)
    __fpl_dretinf                            0x000204e1   Thumb Code    12  dretinf.o(x$fpl$dretinf)
    __aeabi_cdrcmple                         0x000204ed   Thumb Code     0  drleqf.o(x$fpl$drleqf)
    _drcmple                                 0x000204ed   Thumb Code   108  drleqf.o(x$fpl$drleqf)
    __aeabi_drsub                            0x00020559   Thumb Code     0  daddsub_clz.o(x$fpl$drsb)
    _drsb                                    0x00020559   Thumb Code    22  daddsub_clz.o(x$fpl$drsb)
    _dsqrt                                   0x00020571   Thumb Code   456  dsqrt_noumaal.o(x$fpl$dsqrt)
    __aeabi_dsub                             0x0002073d   Thumb Code     0  daddsub_clz.o(x$fpl$dsub)
    _dsub                                    0x0002073d   Thumb Code   464  daddsub_clz.o(x$fpl$dsub)
    __aeabi_f2d                              0x00020911   Thumb Code     0  f2d.o(x$fpl$f2d)
    _f2d                                     0x00020911   Thumb Code    86  f2d.o(x$fpl$f2d)
    __aeabi_fadd                             0x00020969   Thumb Code     0  faddsub_clz.o(x$fpl$fadd)
    _fadd                                    0x00020969   Thumb Code   196  faddsub_clz.o(x$fpl$fadd)
    __fpl_fcmp_Inf                           0x00020a2d   Thumb Code    24  fcmpi.o(x$fpl$fcmpinf)
    __aeabi_fdiv                             0x00020a45   Thumb Code     0  fdiv.o(x$fpl$fdiv)
    _fdiv                                    0x00020a45   Thumb Code   384  fdiv.o(x$fpl$fdiv)
    __aeabi_cfcmpeq                          0x00020bc9   Thumb Code     0  feqf.o(x$fpl$feqf)
    _fcmpeq                                  0x00020bc9   Thumb Code   104  feqf.o(x$fpl$feqf)
    __aeabi_f2iz                             0x00020c31   Thumb Code     0  ffix.o(x$fpl$ffix)
    _ffix                                    0x00020c31   Thumb Code    54  ffix.o(x$fpl$ffix)
    __aeabi_f2uiz                            0x00020c69   Thumb Code     0  ffixu.o(x$fpl$ffixu)
    _ffixu                                   0x00020c69   Thumb Code    62  ffixu.o(x$fpl$ffixu)
    __aeabi_i2f                              0x00020ca9   Thumb Code     0  fflt_clz.o(x$fpl$fflt)
    _fflt                                    0x00020ca9   Thumb Code    48  fflt_clz.o(x$fpl$fflt)
    __aeabi_ui2f                             0x00020cd9   Thumb Code     0  fflt_clz.o(x$fpl$ffltu)
    _ffltu                                   0x00020cd9   Thumb Code    38  fflt_clz.o(x$fpl$ffltu)
    __aeabi_cfcmple                          0x00020d01   Thumb Code     0  fleqf.o(x$fpl$fleqf)
    _fcmple                                  0x00020d01   Thumb Code   104  fleqf.o(x$fpl$fleqf)
    __fpl_fcmple_InfNaN                      0x00020d53   Thumb Code     0  fleqf.o(x$fpl$fleqf)
    __aeabi_fmul                             0x00020d69   Thumb Code     0  fmul.o(x$fpl$fmul)
    _fmul                                    0x00020d69   Thumb Code   258  fmul.o(x$fpl$fmul)
    __fpl_fnaninf                            0x00020e6b   Thumb Code   140  fnaninf.o(x$fpl$fnaninf)
    __fpl_fretinf                            0x00020ef7   Thumb Code    10  fretinf.o(x$fpl$fretinf)
    __aeabi_cfrcmple                         0x00020f01   Thumb Code     0  frleqf.o(x$fpl$frleqf)
    _frcmple                                 0x00020f01   Thumb Code    98  frleqf.o(x$fpl$frleqf)
    __aeabi_fsub                             0x00020f65   Thumb Code     0  faddsub_clz.o(x$fpl$fsub)
    _fsub                                    0x00020f65   Thumb Code   234  faddsub_clz.o(x$fpl$fsub)
    __fpl_return_NaN                         0x0002104f   Thumb Code   100  retnan.o(x$fpl$retnan)
    __ARM_scalbn                             0x000210b3   Thumb Code    92  scalbn.o(x$fpl$scalbn)
    __fpl_cmpreturn                          0x0002110f   Thumb Code    48  trapv.o(x$fpl$trapveneer)
    OSUnMapTbl                               0x0002113e   Data         256  os_core.o(.constdata)
    OSDebugEn                                0x00021240   Data           2  os_dbg.o(.constdata)
    OSEndiannessTest                         0x00021244   Data           4  os_dbg.o(.constdata)
    OSEventEn                                0x00021248   Data           2  os_dbg.o(.constdata)
    OSEventMax                               0x0002124a   Data           2  os_dbg.o(.constdata)
    OSEventNameEn                            0x0002124c   Data           2  os_dbg.o(.constdata)
    OSEventSize                              0x0002124e   Data           2  os_dbg.o(.constdata)
    OSEventTblSize                           0x00021250   Data           2  os_dbg.o(.constdata)
    OSEventMultiEn                           0x00021252   Data           2  os_dbg.o(.constdata)
    OSFlagEn                                 0x00021254   Data           2  os_dbg.o(.constdata)
    OSFlagGrpSize                            0x00021256   Data           2  os_dbg.o(.constdata)
    OSFlagNodeSize                           0x00021258   Data           2  os_dbg.o(.constdata)
    OSFlagWidth                              0x0002125a   Data           2  os_dbg.o(.constdata)
    OSFlagMax                                0x0002125c   Data           2  os_dbg.o(.constdata)
    OSFlagNameEn                             0x0002125e   Data           2  os_dbg.o(.constdata)
    OSLowestPrio                             0x00021260   Data           2  os_dbg.o(.constdata)
    OSMboxEn                                 0x00021262   Data           2  os_dbg.o(.constdata)
    OSMemEn                                  0x00021264   Data           2  os_dbg.o(.constdata)
    OSMemMax                                 0x00021266   Data           2  os_dbg.o(.constdata)
    OSMemNameEn                              0x00021268   Data           2  os_dbg.o(.constdata)
    OSMemSize                                0x0002126a   Data           2  os_dbg.o(.constdata)
    OSMemTblSize                             0x0002126c   Data           2  os_dbg.o(.constdata)
    OSMutexEn                                0x0002126e   Data           2  os_dbg.o(.constdata)
    OSPtrSize                                0x00021270   Data           2  os_dbg.o(.constdata)
    OSQEn                                    0x00021272   Data           2  os_dbg.o(.constdata)
    OSQMax                                   0x00021274   Data           2  os_dbg.o(.constdata)
    OSQSize                                  0x00021276   Data           2  os_dbg.o(.constdata)
    OSRdyTblSize                             0x00021278   Data           2  os_dbg.o(.constdata)
    OSSemEn                                  0x0002127a   Data           2  os_dbg.o(.constdata)
    OSStkWidth                               0x0002127c   Data           2  os_dbg.o(.constdata)
    OSTaskCreateEn                           0x0002127e   Data           2  os_dbg.o(.constdata)
    OSTaskCreateExtEn                        0x00021280   Data           2  os_dbg.o(.constdata)
    OSTaskDelEn                              0x00021282   Data           2  os_dbg.o(.constdata)
    OSTaskIdleStkSize                        0x00021284   Data           2  os_dbg.o(.constdata)
    OSTaskProfileEn                          0x00021286   Data           2  os_dbg.o(.constdata)
    OSTaskMax                                0x00021288   Data           2  os_dbg.o(.constdata)
    OSTaskNameEn                             0x0002128a   Data           2  os_dbg.o(.constdata)
    OSTaskStatEn                             0x0002128c   Data           2  os_dbg.o(.constdata)
    OSTaskStatStkSize                        0x0002128e   Data           2  os_dbg.o(.constdata)
    OSTaskStatStkChkEn                       0x00021290   Data           2  os_dbg.o(.constdata)
    OSTaskSwHookEn                           0x00021292   Data           2  os_dbg.o(.constdata)
    OSTCBPrioTblMax                          0x00021294   Data           2  os_dbg.o(.constdata)
    OSTCBSize                                0x00021296   Data           2  os_dbg.o(.constdata)
    OSTicksPerSec                            0x00021298   Data           2  os_dbg.o(.constdata)
    OSTimeTickHookEn                         0x0002129a   Data           2  os_dbg.o(.constdata)
    OSVersionNbr                             0x0002129c   Data           2  os_dbg.o(.constdata)
    OSTmrEn                                  0x0002129e   Data           2  os_dbg.o(.constdata)
    OSTmrCfgMax                              0x000212a0   Data           2  os_dbg.o(.constdata)
    OSTmrCfgNameEn                           0x000212a2   Data           2  os_dbg.o(.constdata)
    OSTmrCfgWheelSize                        0x000212a4   Data           2  os_dbg.o(.constdata)
    OSTmrCfgTicksPerSec                      0x000212a6   Data           2  os_dbg.o(.constdata)
    OSTmrSize                                0x000212a8   Data           2  os_dbg.o(.constdata)
    OSTmrTblSize                             0x000212aa   Data           2  os_dbg.o(.constdata)
    OSTmrWheelSize                           0x000212ac   Data           2  os_dbg.o(.constdata)
    OSTmrWheelTblSize                        0x000212ae   Data           2  os_dbg.o(.constdata)
    OSDataSize                               0x000212b0   Data           2  os_dbg.o(.constdata)
    hzk126k1                                 0x000212b2   Data        1548  zk.o(.constdata)
    hzk2412k1                                0x000218be   Data        4428  zk.o(.constdata)
    hzk168k1                                 0x00022a0a   Data        2048  zk.o(.constdata)
    hzk1212k2                                0x0002320a   Data        3096  zk.o(.constdata)
    hanzi1616                                0x00023e22   Data          32  zk.o(.constdata)
    hanzi2412                                0x00023e42   Data          36  zk.o(.constdata)
    hanzi2424                                0x00023e66   Data         144  zk.o(.constdata)
    hanzi816                                 0x00023ef6   Data          32  zk.o(.constdata)
    pic_240x160                              0x00023f16   Data        4800  picture.o(.constdata)
    pic_240x160_en                           0x000251d6   Data        4800  picture.o(.constdata)
    pic                                      0x00026496   Data        2744  picture.o(.constdata)
    picCell                                  0x00026f4e   Data         400  picture.o(.constdata)
    areaMenu                                 0x00027108   Data          28  menu.o(.constdata)
    prompt_inf                               0x00027124   Data         640  menu.o(.constdata)
    NextPrompt                               0x000273a4   Data        4560  menu.o(.constdata)
    LocPrompt                                0x00028574   Data         200  menu.o(.constdata)
    MenuFormat                               0x0002863c   Data         101  menu.o(.constdata)
    DisDat2                                  0x000286a1   Data         125  menu.o(.constdata)
    SysPro                                   0x00028734   Data         400  keyshow.o(.constdata)
    __mathlib_zero                           0x00028b20   Data           8  qnan.o(.constdata)
    Region$$Table$$Base                      0x00028b28   Number         0  anon$$obj.o(Region$$Table)
    Region$$Table$$Limit                     0x00028b68   Number         0  anon$$obj.o(Region$$Table)
    SystemCoreClock                          0x10000000   Data           4  system_lpc17xx.o(.data)
    Test_Buffer                              0x10000004   Data          50  main.o(.data)
    OSLcdUsedMutex                           0x10000038   Data           4  main.o(.data)
    OSI2CUsedMutex                           0x1000003c   Data           4  main.o(.data)
    OSUart0UsedMutex                         0x10000040   Data           4  main.o(.data)
    OSFlashUsedMutex                         0x10000044   Data           4  main.o(.data)
    WEBxintiao                               0x10000048   Data           4  main.o(.data)
    waitFlg                                  0x1000004c   Data           4  main.o(.data)
    Tx0IntStat                               0x10000050   Data           1  uarts.o(.data)
    Tx1IntStat                               0x10000051   Data           1  uarts.o(.data)
    Tx2IntStat                               0x10000052   Data           1  uarts.o(.data)
    Tx3IntStat                               0x10000053   Data           1  uarts.o(.data)
    complete_M                               0x10000054   Data           1  i2c.o(.data)
    measResult                               0x10000058   Data           4  init.o(.data)
    recordPoint                              0x1000005c   Data           4  init.o(.data)
    SysrecordPoint                           0x10000060   Data           4  init.o(.data)
    keyBuzzerBitFlg                          0x10000064   Data           1  init.o(.data)
    LCDContrast                              0x10000065   Data           1  init.o(.data)
    MotorTime                                0x10000068   Data           4  init.o(.data)
    TimeMeasCount                            0x1000006c   Data           4  init.o(.data)
    TimeKeyCount                             0x10000070   Data           4  init.o(.data)
    TimeDate                                 0x10000074   Data           8  init.o(.data)
    recordOutput                             0x1000007c   Data           4  init.o(.data)
    FujiStartFlg                             0x10000080   Data           1  init.o(.data)
    TimeCount1s                              0x10000084   Data           4  init.o(.data)
    TimeMotoCount                            0x10000088   Data           4  init.o(.data)
    MeaserStartTime                          0x1000008c   Data           8  init.o(.data)
    MeaserEndTime                            0x10000094   Data           8  init.o(.data)
    errtimemax                               0x1000009c   Data           1  fpga_contorl.o(.data)
    errtimemax0                              0x1000009d   Data           1  fpga_contorl.o(.data)
    UseFor                                   0x1000009e   Data           1  fpga_contorl.o(.data)
    UseFor0                                  0x1000009f   Data           1  fpga_contorl.o(.data)
    ACKFlg                                   0x100000a0   Data           1  fpga_contorl.o(.data)
    Parg_k                                   0x100000a4   Data           4  fpga_contorl.o(.data)
    Parg_k0                                  0x100000a8   Data           4  fpga_contorl.o(.data)
    Parg_b                                   0x100000ac   Data           1  fpga_contorl.o(.data)
    Parg_b0                                  0x100000ad   Data           1  fpga_contorl.o(.data)
    Sent_Buffer                              0x100000af   Data          50  fpga_contorl.o(.data)
    TTLOutPut                                0x100000e1   Data           8  fpga_contorl.o(.data)
    ADRangesel                               0x100000e9   Data           1  fpga_contorl.o(.data)
    AvrT                                     0x100000ea   Data           8  fpga_contorl.o(.data)
    AvrP                                     0x100000f2   Data           8  fpga_contorl.o(.data)
    AvrHR                                    0x100000fa   Data           8  fpga_contorl.o(.data)
    ComminiStyle                             0x10000104   Data           4  fpga_contorl.o(.data)
    ComminiStyle0                            0x10000108   Data           4  fpga_contorl.o(.data)
    ErrorDat                                 0x1000010c   Data           4  fpga_contorl.o(.data)
    cheak                                    0x10000110   Data           4  fpga_contorl.o(.data)
    CUpdateFlg                               0x10000114   Data           1  fpga_contorl.o(.data)
    ADBufferDatReadFlg2                      0x10000115   Data           1  fpga_contorl.o(.data)
    ADBufferDatReadFlg                       0x10000116   Data           1  fpga_contorl.o(.data)
    ADRead1                                  0x10000117   Data           1  fpga_contorl.o(.data)
    ADRead2                                  0x10000118   Data           1  fpga_contorl.o(.data)
    TTLReciveFlg                             0x10000119   Data           1  fpga_contorl.o(.data)
    Parg_I                                   0x1000011c   Data           4  fpga_contorl.o(.data)
    Parg_x                                   0x10000120   Data           4  fpga_contorl.o(.data)
    Parg_m                                   0x10000124   Data           4  fpga_contorl.o(.data)
    Parg_v                                   0x10000128   Data           4  fpga_contorl.o(.data)
    Parg_v_gong                              0x1000012c   Data           4  fpga_contorl.o(.data)
    Parg_I0                                  0x10000130   Data           4  fpga_contorl.o(.data)
    Parg_PM25_gong                           0x10000134   Data           4  fpga_contorl.o(.data)
    Parg_PM25                                0x10000138   Data           4  fpga_contorl.o(.data)
    Parg_u                                   0x1000013c   Data           4  fpga_contorl.o(.data)
    Parg_PM25_guangsan                       0x10000140   Data           4  fpga_contorl.o(.data)
    Parg_PM10_guangsan                       0x10000144   Data           4  fpga_contorl.o(.data)
    Parg_TSP_guangsan                        0x10000148   Data           4  fpga_contorl.o(.data)
    kaijiTime                                0x1000014c   Data           1  fpga_contorl.o(.data)
    FilterErrTimes                           0x1000014d   Data           1  fpga_contorl.o(.data)
    DACChanMap                               0x1000014e   Data           1  fpga_contorl.o(.data)
    ADreadErr                                0x1000014f   Data           1  fpga_contorl.o(.data)
    ADreadErr2                               0x10000150   Data           1  fpga_contorl.o(.data)
    ADStatBusyFlg                            0x10000151   Data           1  fpga_contorl.o(.data)
    ADBufferStart1                           0x10000152   Data           1  fpga_contorl.o(.data)
    ADBufferStart2                           0x10000153   Data           1  fpga_contorl.o(.data)
    ReadBegain                               0x10000154   Data           1  fpga_contorl.o(.data)
    ReadBuffer                               0x10000155   Data           1  fpga_contorl.o(.data)
    CheakDat                                 0x10000156   Data           1  fpga_contorl.o(.data)
    ReadNum                                  0x10000158   Data           2  fpga_contorl.o(.data)
    MeasureTs                                0x1000015c   Data           4  fpga_contorl.o(.data)
    MeasureTe                                0x10000160   Data           4  fpga_contorl.o(.data)
    MeasureTsS                               0x10000164   Data           4  fpga_contorl.o(.data)
    MeasureTsE                               0x10000168   Data           4  fpga_contorl.o(.data)
    ADDat2                                   0x1000016c   Data           2  fpga_contorl.o(.data)
    NumOfI                                   0x10000170   Data           4  fpga_contorl.o(.data)
    TTLDat                                   0x10000174   Data           1  fpga_contorl.o(.data)
    StopFlg                                  0x10000175   Data           1  fpga_contorl.o(.data)
    StartKeyFlg                              0x10000176   Data           1  fpga_contorl.o(.data)
    ADBufeerCleanFlg                         0x10000177   Data           1  fpga_contorl.o(.data)
    StatuErrorFlg                            0x10000178   Data           1  fpga_contorl.o(.data)
    TimeType                                 0x10000179   Data           1  fpga_contorl.o(.data)
    MeasureStepFlg                           0x1000017a   Data           1  fpga_contorl.o(.data)
    Vcc_5                                    0x1000017c   Data           4  fpga_contorl.o(.data)
    CountReadFlg                             0x10000180   Data           4  fpga_contorl.o(.data)
    CountReaderr                             0x10000184   Data           4  fpga_contorl.o(.data)
    CountStartFlg                            0x10000188   Data           4  fpga_contorl.o(.data)
    CountTimer                               0x1000018c   Data           4  fpga_contorl.o(.data)
    CountNow                                 0x10000190   Data           4  fpga_contorl.o(.data)
    CountAver                                0x10000194   Data           4  fpga_contorl.o(.data)
    CountTotal                               0x10000198   Data           4  fpga_contorl.o(.data)
    CountTimes                               0x1000019c   Data           4  fpga_contorl.o(.data)
    PaperTime                                0x100001a0   Data           4  fpga_contorl.o(.data)
    PaperOverFlg                             0x100001a4   Data           1  fpga_contorl.o(.data)
    AvrL                                     0x100001a6   Data           8  fpga_contorl.o(.data)
    pdata_T                                  0x100001ae   Data           1  fpga_contorl.o(.data)
    pdata_P                                  0x100001af   Data           1  fpga_contorl.o(.data)
    pdata_L                                  0x100001b0   Data           1  fpga_contorl.o(.data)
    CountCodeSendFlg                         0x100001b1   Data           1  fpga_contorl.o(.data)
    pdata_HR                                 0x100001b2   Data           1  fpga_contorl.o(.data)
    EEORStuationOld                          0x100001b4   Data           2  fpga_contorl.o(.data)
    TV1                                      0x100001b8   Data           4  fpga_contorl.o(.data)
    TV2                                      0x100001bc   Data           4  fpga_contorl.o(.data)
    usDiscreteInputStart                     0x100001c0   Data           2  modbus.o(.data)
    usCoilStart                              0x100001c2   Data           2  modbus.o(.data)
    usRegInputStart                          0x100001c4   Data           2  modbus.o(.data)
    usRegHoldingStart                        0x100001c6   Data           2  modbus.o(.data)
    usDiscreteInputBuf                       0x100001c8   Data           1  modbus.o(.data)
    usCoilBuf                                0x100001c9   Data           1  modbus.o(.data)
    DAStructTable                            0x100001cc   Data          80  measure.o(.data)
    ADStructTable                            0x1000021c   Data         160  measure.o(.data)
    CaliFlg                                  0x10000384   Data           4  measure.o(.data)
    CalParam_avr_U                           0x10000388   Data           4  measure.o(.data)
    CalParam_max_U                           0x1000038c   Data           4  measure.o(.data)
    CalParam_min_U                           0x10000390   Data           4  measure.o(.data)
    CalParam_AARD                            0x10000394   Data           4  measure.o(.data)
    CheParam_avr_U                           0x10000398   Data           4  measure.o(.data)
    CheParam_AARD                            0x1000039c   Data           4  measure.o(.data)
    Gateway_IP                               0x100003a0   Data           4  tcpip.o(.data)
    Sub_Mask                                 0x100003a4   Data           4  tcpip.o(.data)
    Phy_Addr                                 0x100003a8   Data           6  tcpip.o(.data)
    IP_Addr                                  0x100003ae   Data           4  tcpip.o(.data)
    S0_Port                                  0x100003b2   Data           2  tcpip.o(.data)
    S0_DIP                                   0x100003b4   Data           4  tcpip.o(.data)
    S0_DPort                                 0x100003b8   Data           2  tcpip.o(.data)
    S0_State                                 0x100003ba   Data           1  tcpip.o(.data)
    BUF                                      0x100003bb   Data           9  tcpip.o(.data)
    Close_Flg                                0x100003c4   Data           1  tcpip.o(.data)
    S0_Data                                  0x100003c5   Data           1  tcpip.o(.data)
    LastResDataLen                           0x100003c6   Data           2  tcpip.o(.data)
    W5100_Interrupt                          0x100003c8   Data           1  tcpip.o(.data)
    UDP_DIPR                                 0x100003c9   Data           4  tcpip.o(.data)
    UDP_DPORT                                0x100003cd   Data           2  tcpip.o(.data)
    StartWord                                0x100003cf   Data           2  dtu.o(.data)
    MN                                       0x100003d1   Data          20  dtu.o(.data)
    crc                                      0x100003e5   Data           2  dtu.o(.data)
    EndWord                                  0x100003e7   Data           2  dtu.o(.data)
    FunPDUPackHanlde                         0x100003ec   Data          88  mb_mfunction.o(.data)
    FunParRepAndStData                       0x10000444   Data          88  mb_mfunction.o(.data)
    mb_handle_event_ptr                      0x100004a0   Data           4  mbmaster.o(.data)
    mb_reply_event_ptr                       0x100004a4   Data           4  mbmaster.o(.data)
    mb_idle_event_ptr                        0x100004a8   Data           4  mbmaster.o(.data)
    OutPutFlg                                0x100004ac   Data           1  output.o(.data)
    SysrecordReadFlg                         0x100004ad   Data           1  output.o(.data)
    CalParam_I1                              0x100004e0   Data          12  measure.o(.bss)
    CalParam_I2                              0x100004ec   Data          12  measure.o(.bss)
    CalParam_U                               0x100004f8   Data          12  measure.o(.bss)
    CheParam_I1                              0x10000504   Data          40  measure.o(.bss)
    CheParam_I2                              0x1000052c   Data          40  measure.o(.bss)
    CheParam_U                               0x10000554   Data          40  measure.o(.bss)
    DTUSendBuff                              0x1000057c   Data         133  dtu.o(.bss)
    ADUData                                  0x10000604   Data          12  mbcommon.o(.bss)
    ucRTUBuf                                 0x10000610   Data         256  mbrtu.o(.bss)
    __libspace_start                         0x10000710   Data          96  libspace.o(.bss)
    __temporary_stack_top$libspace           0x10000770   Data           0  libspace.o(.bss)
    OSCtxSwCtr                               0x2007c004   Data           4  os_core.o(.data)
    OSEventFreeList                          0x2007c008   Data           4  os_core.o(.data)
    OSFlagFreeList                           0x2007c00c   Data           4  os_core.o(.data)
    OSCPUUsage                               0x2007c010   Data           1  os_core.o(.data)
    OSIdleCtrMax                             0x2007c014   Data           4  os_core.o(.data)
    OSIdleCtrRun                             0x2007c018   Data           4  os_core.o(.data)
    OSStatRdy                                0x2007c01c   Data           1  os_core.o(.data)
    OSIntNesting                             0x2007c01d   Data           1  os_core.o(.data)
    OSLockNesting                            0x2007c01e   Data           1  os_core.o(.data)
    OSPrioCur                                0x2007c01f   Data           1  os_core.o(.data)
    OSPrioHighRdy                            0x2007c020   Data           1  os_core.o(.data)
    OSRdyGrp                                 0x2007c021   Data           1  os_core.o(.data)
    OSRdyTbl                                 0x2007c022   Data           8  os_core.o(.data)
    OSRunning                                0x2007c02a   Data           1  os_core.o(.data)
    OSTaskCtr                                0x2007c02b   Data           1  os_core.o(.data)
    OSIdleCtr                                0x2007c02c   Data           4  os_core.o(.data)
    OSTCBCur                                 0x2007c030   Data           4  os_core.o(.data)
    OSTCBFreeList                            0x2007c034   Data           4  os_core.o(.data)
    OSTCBHighRdy                             0x2007c038   Data           4  os_core.o(.data)
    OSTCBList                                0x2007c03c   Data           4  os_core.o(.data)
    OSTickStepState                          0x2007c040   Data           1  os_core.o(.data)
    OSMemFreeList                            0x2007c044   Data           4  os_core.o(.data)
    OSQFreeList                              0x2007c048   Data           4  os_core.o(.data)
    OSTime                                   0x2007c04c   Data           4  os_core.o(.data)
    OSTmrFree                                0x2007c050   Data           2  os_core.o(.data)
    OSTmrUsed                                0x2007c052   Data           2  os_core.o(.data)
    OSTmrTime                                0x2007c054   Data           4  os_core.o(.data)
    OSTmrSem                                 0x2007c058   Data           4  os_core.o(.data)
    OSTmrSemSignal                           0x2007c05c   Data           4  os_core.o(.data)
    OSTmrFreeList                            0x2007c060   Data           4  os_core.o(.data)
    iCountTime2                              0x2007c068   Data           4  times.o(.data)
    BPtimer                                  0x2007c06c   Data           2  times.o(.data)
    BPcount                                  0x2007c06e   Data           2  times.o(.data)
    BPoffTime                                0x2007c070   Data           2  times.o(.data)
    BPonTime                                 0x2007c072   Data           2  times.o(.data)
    delayMsCnt                               0x2007c074   Data           4  times.o(.data)
    V_for_I_max                              0x2007c078   Data           2  public.o(.data)
    GB_16                                    0x2007c07a   Data          52  zk.o(.data)
    menui                                    0x2007c0b0   Data           1  key.o(.data)
    areaBar                                  0x2007c0b1   Data           4  key.o(.data)
    OnlineFlg                                0x2007c0b5   Data           1  key.o(.data)
    NoBuzzry                                 0x2007c0b6   Data           1  key.o(.data)
    firstlook                                0x2007c0b7   Data           1  key.o(.data)
    keyBuzzerBitFlg1                         0x2007c0b8   Data           1  key.o(.data)
    KeyLockFlg                               0x2007c0b9   Data           1  key.o(.data)
    KeyLockFlg1                              0x2007c0ba   Data           1  key.o(.data)
    LCDContrast1                             0x2007c0bb   Data           1  key.o(.data)
    recordShowFlg                            0x2007c0bc   Data           4  key.o(.data)
    recordShowBlg                            0x2007c0c0   Data           1  key.o(.data)
    measAgainFlg                             0x2007c0c1   Data           1  key.o(.data)
    blankMeasFlg                             0x2007c0c2   Data           1  key.o(.data)
    standardMeasFlg                          0x2007c0c3   Data           1  key.o(.data)
    rangeFlg                                 0x2007c0c4   Data           1  key.o(.data)
    rangeNum                                 0x2007c0c5   Data           1  key.o(.data)
    rangeBlg                                 0x2007c0c6   Data           1  key.o(.data)
    keyFlg                                   0x2007c0c7   Data           1  key.o(.data)
    keyEnterFlg                              0x2007c0c8   Data           1  key.o(.data)
    OffsetFlg                                0x2007c0c9   Data           1  key.o(.data)
    CheckCount                               0x2007c0ca   Data           1  key.o(.data)
    StandardMeasFlg                          0x2007c0cc   Data           4  key.o(.data)
    KeyTimer                                 0x2007c0d0   Data           2  key.o(.data)
    KeyUpRepeat                              0x2007c0d2   Data           1  key.o(.data)
    KeyDownRepeat                            0x2007c0d3   Data           1  key.o(.data)
    KeyLeftRepeat                            0x2007c0d4   Data           1  key.o(.data)
    KeyRightRepeat                           0x2007c0d5   Data           1  key.o(.data)
    KeyDRRepeat                              0x2007c0d6   Data           1  key.o(.data)
    KeyDRWait                                0x2007c0d7   Data           1  key.o(.data)
    sign                                     0x2007c0d8   Data           1  key.o(.data)
    ReturnMenu0Time                          0x2007c0da   Data           2  key.o(.data)
    NePrOffset                               0x2007c0dc   Data           1  key.o(.data)
    button                                   0x2007c0dd   Data           1  key.o(.data)
    SysRecordFlg                             0x2007c0de   Data           1  key.o(.data)
    SysRecordWHflg                           0x2007c0df   Data           1  key.o(.data)
    counterr                                 0x2007c0e0   Data           1  key.o(.data)
    RestErr                                  0x2007c0e1   Data           1  key.o(.data)
    FilterRemain                             0x2007c0e2   Data           2  key.o(.data)
    rRecordFlg                               0x2007c0e4   Data           2  key.o(.data)
    rRecordShowFlg                           0x2007c0e6   Data           2  key.o(.data)
    ConfChange                               0x2007c0e8   Data           1  key.o(.data)
    CaliTimeDate                             0x2007c0ea   Data           8  key.o(.data)
    TimeDateKey                              0x2007c0f2   Data           8  key.o(.data)
    OldAction                                0x2007c0fa   Data           1  key.o(.data)
    CaliParT1                                0x2007c0fc   Data           4  key.o(.data)
    CaliParT3                                0x2007c100   Data           4  key.o(.data)
    CaliParRH                                0x2007c104   Data           4  key.o(.data)
    CaliParP                                 0x2007c108   Data           4  key.o(.data)
    CaliParF1                                0x2007c10c   Data           4  key.o(.data)
    CaliParF2                                0x2007c110   Data           4  key.o(.data)
    CaliParPump                              0x2007c114   Data           4  key.o(.data)
    CaliParT4                                0x2007c118   Data           4  key.o(.data)
    CaliParRH2                               0x2007c11c   Data           4  key.o(.data)
    CaliSetT1                                0x2007c120   Data           4  key.o(.data)
    CaliSetT3                                0x2007c124   Data           4  key.o(.data)
    CaliSetRH                                0x2007c128   Data           4  key.o(.data)
    CaliSetP                                 0x2007c12c   Data           4  key.o(.data)
    CaliSetF1                                0x2007c130   Data           4  key.o(.data)
    CaliSetF2                                0x2007c134   Data           4  key.o(.data)
    CaliSetPump                              0x2007c138   Data           4  key.o(.data)
    CaliSetT4                                0x2007c13c   Data           4  key.o(.data)
    CaliSetRH2                               0x2007c140   Data           4  key.o(.data)
    MenuOffset                               0x2007c144   Data           1  key.o(.data)
    SensorDat                                0x2007c148   Data           4  key.o(.data)
    PumpFlg                                  0x2007c14c   Data           1  lcd.o(.data)
    HeatFlg                                  0x2007c14d   Data           1  lcd.o(.data)
    FlowOfSampOut                            0x2007c150   Data           4  lcd.o(.data)
    FlowOfSampOut2                           0x2007c154   Data           4  lcd.o(.data)
    PowerV1                                  0x2007c158   Data           4  lcd.o(.data)
    PowerV2                                  0x2007c15c   Data           4  lcd.o(.data)
    PowerV3                                  0x2007c160   Data           4  lcd.o(.data)
    PowerV4                                  0x2007c164   Data           4  lcd.o(.data)
    TestTimes                                0x2007c168   Data           4  lcd.o(.data)
    RunStyleFlg                              0x2007c16c   Data           1  lcd.o(.data)
    HeatOn                                   0x2007c16d   Data           1  lcd.o(.data)
    ClampMotor                               0x2007c16e   Data           1  lcd.o(.data)
    ClampMotorFlg                            0x2007c16f   Data           1  lcd.o(.data)
    RunMotor                                 0x2007c170   Data           1  lcd.o(.data)
    MeasureFlg                               0x2007c171   Data           1  lcd.o(.data)
    Humidity                                 0x2007c174   Data           4  lcd.o(.data)
    HumiditySample                           0x2007c178   Data           4  lcd.o(.data)
    CycleOfSampSet                           0x2007c17c   Data           4  lcd.o(.data)
    MaxHeatTemp                              0x2007c180   Data           4  lcd.o(.data)
    MinHeatPower                             0x2007c184   Data           4  lcd.o(.data)
    FlowOfSamp_B                             0x2007c188   Data           4  lcd.o(.data)
    FlowOfSamp_B_Set                         0x2007c18c   Data           4  lcd.o(.data)
    FlowOfSamp                               0x2007c190   Data           4  lcd.o(.data)
    HighV                                    0x2007c194   Data           4  lcd.o(.data)
    CycleOfSamp                              0x2007c198   Data           4  lcd.o(.data)
    BiaoPianTest                             0x2007c19c   Data           4  lcd.o(.data)
    BiaoPian                                 0x2007c1a0   Data           4  lcd.o(.data)
    WenDuT1                                  0x2007c1a4   Data           4  lcd.o(.data)
    WenDuT3                                  0x2007c1a8   Data           4  lcd.o(.data)
    WenDuT2                                  0x2007c1ac   Data           4  lcd.o(.data)
    ShiDu                                    0x2007c1b0   Data           4  lcd.o(.data)
    QiYa                                     0x2007c1b4   Data           4  lcd.o(.data)
    LiuLiangGong                             0x2007c1b8   Data           4  lcd.o(.data)
    BiaoKuangL                               0x2007c1bc   Data           4  lcd.o(.data)
    Pump                                     0x2007c1c0   Data           4  lcd.o(.data)
    Mass                                     0x2007c1c4   Data           4  lcd.o(.data)
    TCQWenDuT4                               0x2007c1c8   Data           4  lcd.o(.data)
    CYCShiDu                                 0x2007c1cc   Data           4  lcd.o(.data)
    MoniTongDao                              0x2007c1d0   Data           4  lcd.o(.data)
    ShuzhiTongDao                            0x2007c1d4   Data           4  lcd.o(.data)
    MoniZhi                                  0x2007c1d8   Data           4  lcd.o(.data)
    ShuzhiZhi                                0x2007c1dc   Data           4  lcd.o(.data)
    DisDat                                   0x2007c1e0   Data           5  lcd.o(.data)
    DatLength                                0x2007c1e5   Data           1  lcd.o(.data)
    MenuId                                   0x2007c1e8   Data           4  menu.o(.data)
    MenuIdBak                                0x2007c1ec   Data           4  menu.o(.data)
    MenuHistory                              0x2007c1f0   Data           4  menu.o(.data)
    language                                 0x2007c1f4   Data           1  menu.o(.data)
    language1                                0x2007c1f5   Data           1  menu.o(.data)
    showFlg                                  0x2007c1f6   Data           1  menu.o(.data)
    DisUnits                                 0x2007c1f7   Data           1  menu.o(.data)
    UserPassword                             0x2007c1f8   Data           4  menu.o(.data)
    KeyUpRun                                 0x2007c1fc   Data           1  menu.o(.data)
    KeyDownRun                               0x2007c1fd   Data           1  menu.o(.data)
    KeyLeftRun                               0x2007c1fe   Data           1  menu.o(.data)
    KeyRightRun                              0x2007c1ff   Data           1  menu.o(.data)
    KeyMenuRun                               0x2007c200   Data           1  menu.o(.data)
    KeyEnterRun                              0x2007c201   Data           1  menu.o(.data)
    KeyDRRun                                 0x2007c202   Data           1  menu.o(.data)
    GetNumSign                               0x2007c203   Data           1  menu.o(.data)
    GetInNum                                 0x2007c204   Data           4  menu.o(.data)
    GetNumMenu                               0x2007c208   Data           4  menu.o(.data)
    areaMiddleEE                             0x2007c20c   Data           4  menu.o(.data)
    areaMiddle                               0x2007c210   Data           4  menu.o(.data)
    MenuTab                                  0x2007c214   Data        6532  menu.o(.data)
    MainMeauFlg                              0x2007db98   Data           4  menu.o(.data)
    RunStuation                              0x2007db9c   Data           1  menu.o(.data)
    WarnStuation                             0x2007db9d   Data           1  menu.o(.data)
    EeorT                                    0x2007db9e   Data           1  menu.o(.data)
    EeorH                                    0x2007db9f   Data           1  menu.o(.data)
    EeorL                                    0x2007dba0   Data           1  menu.o(.data)
    EeorP                                    0x2007dba1   Data           1  menu.o(.data)
    EeorMear                                 0x2007dba2   Data           1  menu.o(.data)
    EeorMenmory                              0x2007dba3   Data           1  menu.o(.data)
    EEORStuation1                            0x2007dba4   Data           2  menu.o(.data)
    TimeOverFlg                              0x2007dba6   Data           1  menu.o(.data)
    CountReadTime                            0x2007dba7   Data           1  menu.o(.data)
    area                                     0x2007dba8   Data           4  menu.o(.data)
    ip                                       0x2007dbac   Data           8  keyshow.o(.data)
    ipdat                                    0x2007dbb4   Data          13  keyshow.o(.data)
    IpArea                                   0x2007dbc1   Data          48  keyshow.o(.data)
    auchCRCLo                                0x2007dbf1   Data         256  mb_rtu.o(.data)
    auchCRCHi                                0x2007dcf1   Data         256  mb_rtu.o(.data)
    PDUData                                  0x2007ddf4   Data           8  mbcommon.o(.data)
    g_10mS_count                             0x2007ddfc   Data           4  mbcommon.o(.data)
    g_TimeEnd                                0x2007de00   Data           1  mbcommon.o(.data)
    T35Flag                                  0x2007de01   Data           1  syshal.o(.data)
    T15Flag                                  0x2007de02   Data           1  syshal.o(.data)
    T10msFlag                                0x2007de03   Data           1  syshal.o(.data)
    T15CountEn                               0x2007de04   Data           1  syshal.o(.data)
    T35CountEn                               0x2007de05   Data           1  syshal.o(.data)
    T10msCountEn                             0x2007de06   Data           1  syshal.o(.data)
    pxMBFrameCBByteReceived                  0x2007deac   Data           4  mb.o(.data)
    pxMBFrameCBTransmitterEmpty              0x2007deb0   Data           4  mb.o(.data)
    pxMBPortCBTimerExpired                   0x2007deb4   Data           4  mb.o(.data)
    pxMBFrameCBReceiveFSMCur                 0x2007deb8   Data           4  mb.o(.data)
    pxMBFrameCBTransmitFSMCur                0x2007debc   Data           4  mb.o(.data)
    OSEventTbl                               0x2007ded0   Data         240  os_core.o(.bss)
    OSFlagTbl                                0x2007dfc0   Data          80  os_core.o(.bss)
    OSTaskStatStk                            0x2007e010   Data         512  os_core.o(.bss)
    OSTaskIdleStk                            0x2007e210   Data         512  os_core.o(.bss)
    OSTCBPrioTbl                             0x2007e410   Data         256  os_core.o(.bss)
    OSTCBTbl                                 0x2007e510   Data        1848  os_core.o(.bss)
    OSMemTbl                                 0x2007ec48   Data         120  os_core.o(.bss)
    OSQTbl                                   0x2007ecc0   Data          96  os_core.o(.bss)
    OSTmrTbl                                 0x2007ed20   Data         640  os_core.o(.bss)
    OSTmrTaskStk                             0x2007efa0   Data         512  os_core.o(.bss)
    OSTmrWheelTbl                            0x2007f1a0   Data          64  os_core.o(.bss)
    rb                                       0x20081000   Data         528  uarts.o(.bss)
    uart1RingBuffer                          0x20081210   Data         528  uarts.o(.bss)
    uart2RingBuffer                          0x20081420   Data         528  uarts.o(.bss)
    uart3RingBuffer                          0x20081630   Data         528  uarts.o(.bss)
    strKey                                   0x20081840   Data          30  key.o(.bss)
    DatForRecord                             0x2008185e   Data          64  key.o(.bss)
    DatForSysRecord                          0x2008189e   Data          11  key.o(.bss)
    rRecord                                  0x200818ac   Data         416  key.o(.bss)
    measRecord                               0x20081a4c   Data          52  key.o(.bss)
    SensorDatS                               0x20081a80   Data          10  key.o(.bss)
    RTCFullTimeData                          0x20081a8c   Data          32  rtc.o(.bss)
    DisBuf                                   0x20081aac   Data        5040  lcd.o(.bss)
    DACChanValue                             0x20082e5c   Data          16  fpga_contorl.o(.bss)
    ADDat                                    0x20082e6c   Data          32  fpga_contorl.o(.bss)
    ADDat_1                                  0x20082e8c   Data          16  fpga_contorl.o(.bss)
    ADDat_2                                  0x20082e9c   Data          16  fpga_contorl.o(.bss)
    PargRealI                                0x20082eac   Data          64  fpga_contorl.o(.bss)
    PargRealTv2                              0x20082eec   Data          64  fpga_contorl.o(.bss)
    PargRealTv1                              0x20082f2c   Data          64  fpga_contorl.o(.bss)
    addat                                    0x20082f6c   Data          64  fpga_contorl.o(.bss)
    CmErrorState                             0x20082fac   Data          16  fpga_contorl.o(.bss)
    usRegInputBuf                            0x20082fbc   Data          32  modbus.o(.bss)
    usRegHoldingBuf                          0x20082fdc   Data        1024  modbus.o(.bss)
    Rx_Buffer                                0x200833dc   Data         256  tcpip.o(.bss)
    Tx_Buffer                                0x200834dc   Data         256  tcpip.o(.bss)
    ADUBuffer                                0x200835dc   Data         256  mbmaster.o(.bss)
    MB_Master                                0x200836dc   Data          24  mbmaster.o(.bss)
    outputstruct1                            0x200836f4   Data          32  output.o(.bss)
    goSysRecor                               0x20083714   Data          12  output.o(.bss)
    inputDat                                 0x20083720   Data          32  output.o(.bss)
    outputDat                                0x20083740   Data          16  output.o(.bss)



==============================================================================

Memory Map of the image

  Image Entry point : 0x000000cd

  Load Region LR_IROM1 (Base: 0x00000000, Size: 0x0002aee8, Max: 0x00040000, ABSOLUTE, COMPRESSED[0x00029624])

    Execution Region ER_IROM1 (Base: 0x00000000, Size: 0x00028b68, Max: 0x00040000, ABSOLUTE)

    Base Addr    Size         Type   Attr      Idx    E Section Name        Object

    0x00000000   0x000000cc   Data   RO            3    RESET               startup_lpc17xx.o
    0x000000cc   0x00000008   Code   RO         2362  * !!!main             c_w.l(__main.o)
    0x000000d4   0x00000034   Code   RO         2647    !!!scatter          c_w.l(__scatter.o)
    0x00000108   0x00000064   Code   RO         2645    !!dclz77c           c_w.l(__dclz77c.o)
    0x0000016c   0x0000001c   Code   RO         2649    !!handler_zi        c_w.l(__scatter_zi.o)
    0x00000188   0x00000002   Code   RO         2517    .ARM.Collect$$libinit$$00000000  c_w.l(libinit.o)
    0x0000018a   0x00000000   Code   RO         2529    .ARM.Collect$$libinit$$00000002  c_w.l(libinit2.o)
    0x0000018a   0x00000000   Code   RO         2532    .ARM.Collect$$libinit$$00000008  c_w.l(libinit2.o)
    0x0000018a   0x00000000   Code   RO         2534    .ARM.Collect$$libinit$$0000000A  c_w.l(libinit2.o)
    0x0000018a   0x00000000   Code   RO         2536    .ARM.Collect$$libinit$$0000000C  c_w.l(libinit2.o)
    0x0000018a   0x00000000   Code   RO         2539    .ARM.Collect$$libinit$$0000000F  c_w.l(libinit2.o)
    0x0000018a   0x00000000   Code   RO         2541    .ARM.Collect$$libinit$$00000011  c_w.l(libinit2.o)
    0x0000018a   0x00000000   Code   RO         2543    .ARM.Collect$$libinit$$00000013  c_w.l(libinit2.o)
    0x0000018a   0x00000000   Code   RO         2545    .ARM.Collect$$libinit$$00000015  c_w.l(libinit2.o)
    0x0000018a   0x00000000   Code   RO         2547    .ARM.Collect$$libinit$$00000017  c_w.l(libinit2.o)
    0x0000018a   0x00000000   Code   RO         2549    .ARM.Collect$$libinit$$00000019  c_w.l(libinit2.o)
    0x0000018a   0x00000000   Code   RO         2551    .ARM.Collect$$libinit$$0000001B  c_w.l(libinit2.o)
    0x0000018a   0x00000000   Code   RO         2553    .ARM.Collect$$libinit$$0000001D  c_w.l(libinit2.o)
    0x0000018a   0x00000000   Code   RO         2555    .ARM.Collect$$libinit$$0000001F  c_w.l(libinit2.o)
    0x0000018a   0x00000000   Code   RO         2557    .ARM.Collect$$libinit$$00000021  c_w.l(libinit2.o)
    0x0000018a   0x00000000   Code   RO         2559    .ARM.Collect$$libinit$$00000023  c_w.l(libinit2.o)
    0x0000018a   0x00000000   Code   RO         2563    .ARM.Collect$$libinit$$0000002A  c_w.l(libinit2.o)
    0x0000018a   0x00000000   Code   RO         2565    .ARM.Collect$$libinit$$0000002C  c_w.l(libinit2.o)
    0x0000018a   0x00000000   Code   RO         2567    .ARM.Collect$$libinit$$0000002E  c_w.l(libinit2.o)
    0x0000018a   0x00000000   Code   RO         2569    .ARM.Collect$$libinit$$00000030  c_w.l(libinit2.o)
    0x0000018a   0x00000002   Code   RO         2570    .ARM.Collect$$libinit$$00000031  c_w.l(libinit2.o)
    0x0000018c   0x00000002   Code   RO         2603    .ARM.Collect$$libshutdown$$00000000  c_w.l(libshutdown.o)
    0x0000018e   0x00000000   Code   RO         2630    .ARM.Collect$$libshutdown$$00000003  c_w.l(libshutdown2.o)
    0x0000018e   0x00000000   Code   RO         2633    .ARM.Collect$$libshutdown$$00000006  c_w.l(libshutdown2.o)
    0x0000018e   0x00000000   Code   RO         2636    .ARM.Collect$$libshutdown$$00000009  c_w.l(libshutdown2.o)
    0x0000018e   0x00000000   Code   RO         2638    .ARM.Collect$$libshutdown$$0000000B  c_w.l(libshutdown2.o)
    0x0000018e   0x00000000   Code   RO         2641    .ARM.Collect$$libshutdown$$0000000E  c_w.l(libshutdown2.o)
    0x0000018e   0x00000002   Code   RO         2642    .ARM.Collect$$libshutdown$$0000000F  c_w.l(libshutdown2.o)
    0x00000190   0x00000000   Code   RO         2450    .ARM.Collect$$rtentry$$00000000  c_w.l(rtentry.o)
    0x00000190   0x00000000   Code   RO         2478    .ARM.Collect$$rtentry$$00000002  c_w.l(rtentry2.o)
    0x00000190   0x00000006   Code   RO         2490    .ARM.Collect$$rtentry$$00000004  c_w.l(rtentry4.o)
    0x00000196   0x00000000   Code   RO         2480    .ARM.Collect$$rtentry$$00000009  c_w.l(rtentry2.o)
    0x00000196   0x00000004   Code   RO         2481    .ARM.Collect$$rtentry$$0000000A  c_w.l(rtentry2.o)
    0x0000019a   0x00000000   Code   RO         2483    .ARM.Collect$$rtentry$$0000000C  c_w.l(rtentry2.o)
    0x0000019a   0x00000008   Code   RO         2484    .ARM.Collect$$rtentry$$0000000D  c_w.l(rtentry2.o)
    0x000001a2   0x00000002   Code   RO         2520    .ARM.Collect$$rtexit$$00000000  c_w.l(rtexit.o)
    0x000001a4   0x00000000   Code   RO         2576    .ARM.Collect$$rtexit$$00000002  c_w.l(rtexit2.o)
    0x000001a4   0x00000004   Code   RO         2577    .ARM.Collect$$rtexit$$00000003  c_w.l(rtexit2.o)
    0x000001a8   0x00000006   Code   RO         2578    .ARM.Collect$$rtexit$$00000004  c_w.l(rtexit2.o)
    0x000001ae   0x00000002   PAD
    0x000001b0   0x0000003c   Code   RO            5    .text               startup_lpc17xx.o
    0x000001ec   0x00000100   Code   RO          311    .text               lpc17xx_pinsel.o
    0x000002ec   0x00000004   Code   RO         2169    .text               port.o
    0x000002f0   0x00000006   Code   RO         2360    .text               c_w.l(heapauxi.o)
    0x000002f6   0x00000002   Code   RO         2592    .text               c_w.l(use_no_semi.o)
    0x000002f8   0x00000000   Code   RO         2594    .text               c_w.l(indicate_semi.o)
    0x000002f8   0x00000000   Code   RO         2473    x$fpl$usenofp       fz_ws.l(usenofp.o)
    0x000002f8   0x00000004   PAD
    0x000002fc   0x00000004   Code   RO            4    .ARM.__at_0x02FC    startup_lpc17xx.o
    0x00000300   0x00000238   Code   RO           24    .text               system_lpc17xx.o
    0x00000538   0x00000150   Code   RO          131    .text               lpc17xx_clkpwr.o
    0x00000688   0x00000440   Code   RO          206    .text               lpc17xx_gpio.o
    0x00000ac8   0x00000b80   Code   RO          225    .text               lpc17xx_i2c.o
    0x00001648   0x000009a4   Code   RO          366    .text               lpc17xx_rtc.o
    0x00001fec   0x0000066c   Code   RO          424    .text               lpc17xx_timer.o
    0x00002658   0x00000dde   Code   RO          443    .text               lpc17xx_uart.o
    0x00003436   0x00000002   PAD
    0x00003438   0x0000002a   Code   RO          492    .text               cpu_a.o
    0x00003462   0x00000002   PAD
    0x00003464   0x00000c78   Code   RO          495    .text               os_core.o
    0x000040dc   0x0000080c   Code   RO          524    .text               os_flag.o
    0x000048e8   0x000003e4   Code   RO          540    .text               os_mbox.o
    0x00004ccc   0x000001d4   Code   RO          552    .text               os_mem.o
    0x00004ea0   0x0000061c   Code   RO          564    .text               os_mutex.o
    0x000054bc   0x000005e4   Code   RO          576    .text               os_q.o
    0x00005aa0   0x000003a8   Code   RO          588    .text               os_sem.o
    0x00005e48   0x00000750   Code   RO          600    .text               os_task.o
    0x00006598   0x000001a0   Code   RO          612    .text               os_time.o
    0x00006738   0x00000640   Code   RO          624    .text               os_tmr.o
    0x00006d78   0x000000a4   Code   RO          636    .text               os_cpu_a.o
    0x00006e1c   0x0000012c   Code   RO          639    .text               os_cpu_c.o
    0x00006f48   0x0000015c   Code   RO          660    .text               os_dbg.o
    0x000070a4   0x00000984   Code   RO          726    .text               main.o
    0x00007a28   0x00000a74   Code   RO          926    .text               uarts.o
    0x0000849c   0x00000364   Code   RO         1033    .text               times.o
    0x00008800   0x000002d0   Code   RO         1060    .text               dio.o
    0x00008ad0   0x00000260   Code   RO         1076    .text               i2c.o
    0x00008d30   0x00000584   Code   RO         1099    .text               public.o
    0x000092b4   0x00000814   Code   RO         1121    .text               init.o
    0x00009ac8   0x00005a14   Code   RO         1161    .text               key.o
    0x0000f4dc   0x00000190   Code   RO         1213    .text               rtc.o
    0x0000f66c   0x000034dc   Code   RO         1239    .text               lcd.o
    0x00012b48   0x00001688   Code   RO         1268    .text               menu.o
    0x000141d0   0x00002854   Code   RO         1296    .text               fpga_contorl.o
    0x00016a24   0x00000ae0   Code   RO         1328    .text               spi.o
    0x00017504   0x00000288   Code   RO         1348    .text               modbus.o
    0x0001778c   0x000023ec   Code   RO         1496    .text               measure.o
    0x00019b78   0x00000914   Code   RO         1519    .text               tcpip.o
    0x0001a48c   0x00000420   Code   RO         1549    .text               store.o
    0x0001a8ac   0x00002278   Code   RO         1565    .text               keyshow.o
    0x0001cb24   0x00000584   Code   RO         1589    .text               dtu.o
    0x0001d0a8   0x00000038   Code   RO         1609    .text               mb_rtu.o
    0x0001d0e0   0x00000174   Code   RO         1736    .text               mbcommon.o
    0x0001d254   0x00000164   Code   RO         1761    .text               osfunfile.o
    0x0001d3b8   0x000002fa   Code   RO         1777    .text               mb_mfunction.o
    0x0001d6b2   0x00000002   PAD
    0x0001d6b4   0x00000254   Code   RO         1796    .text               mbmaster.o
    0x0001d908   0x000000fc   Code   RO         1817    .text               syshal.o
    0x0001da04   0x00000abc   Code   RO         1840    .text               output.o
    0x0001e4c0   0x00000354   Code   RO         1947    .text               mb.o
    0x0001e814   0x000001ae   Code   RO         2001    .text               mbfunccoils.o
    0x0001e9c2   0x000000ac   Code   RO         2024    .text               mbfuncdisc.o
    0x0001ea6e   0x00000210   Code   RO         2040    .text               mbfuncholding.o
    0x0001ec7e   0x0000008c   Code   RO         2056    .text               mbfuncinput.o
    0x0001ed0a   0x00000002   PAD
    0x0001ed0c   0x00000094   Code   RO         2072    .text               mbfuncother.o
    0x0001eda0   0x000000d8   Code   RO         2091    .text               mbutils.o
    0x0001ee78   0x00000096   Code   RO         2107    .text               mbtcp.o
    0x0001ef0e   0x00000002   PAD
    0x0001ef10   0x00000050   Code   RO         2126    .text               porttcp.o
    0x0001ef60   0x000000e4   Code   RO         2149    .text               porttimer.o
    0x0001f044   0x0000003c   Code   RO         2188    .text               portevent.o
    0x0001f080   0x00000118   Code   RO         2288    .text               portserial.o
    0x0001f198   0x000002f4   Code   RO         2305    .text               mbrtu.o
    0x0001f48c   0x00000038   Code   RO         2331    .text               mbcrc.o
    0x0001f4c4   0x000000ee   Code   RO         2350    .text               c_w.l(lludivv7m.o)
    0x0001f5b2   0x0000008a   Code   RO         2352    .text               c_w.l(rt_memcpy_v6.o)
    0x0001f63c   0x00000064   Code   RO         2354    .text               c_w.l(rt_memcpy_w.o)
    0x0001f6a0   0x0000004e   Code   RO         2356    .text               c_w.l(rt_memclr_w.o)
    0x0001f6ee   0x00000002   PAD
    0x0001f6f0   0x00000080   Code   RO         2358    .text               c_w.l(strcmpv7m.o)
    0x0001f770   0x00000016   Code   RO         2455    .text               c_w.l(_rserrno.o)
    0x0001f786   0x00000002   PAD
    0x0001f788   0x00000008   Code   RO         2497    .text               c_w.l(rt_errno_addr_intlibspace.o)
    0x0001f790   0x00000008   Code   RO         2501    .text               c_w.l(libspace.o)
    0x0001f798   0x0000004a   Code   RO         2504    .text               c_w.l(sys_stackheap_outer.o)
    0x0001f7e2   0x0000000c   Code   RO         2506    .text               c_w.l(exit.o)
    0x0001f7ee   0x00000002   PAD
    0x0001f7f0   0x0000000c   Code   RO         2573    .text               c_w.l(sys_exit.o)
    0x0001f7fc   0x000000aa   Code   RO         2474    i.__kernel_poly     m_ws.l(poly.o)
    0x0001f8a6   0x00000002   PAD
    0x0001f8a8   0x00000370   Code   RO         2433    i.log               m_ws.l(log.o)
    0x0001fc18   0x0000004c   Code   RO         2443    i.sqrt              m_ws.l(sqrt.o)
    0x0001fc64   0x00000062   Code   RO         2364    x$fpl$d2f           fz_ws.l(d2f.o)
    0x0001fcc6   0x00000002   PAD
    0x0001fcc8   0x00000150   Code   RO         2366    x$fpl$dadd          fz_ws.l(daddsub_clz.o)
    0x0001fe18   0x00000010   Code   RO         2499    x$fpl$dcheck1       fz_ws.l(dcheck1.o)
    0x0001fe28   0x00000018   Code   RO         2457    x$fpl$dcmpinf       fz_ws.l(dcmpi.o)
    0x0001fe40   0x000002b0   Code   RO         2373    x$fpl$ddiv          fz_ws.l(ddiv.o)
    0x000200f0   0x00000078   Code   RO         2376    x$fpl$deqf          fz_ws.l(deqf.o)
    0x00020168   0x0000005e   Code   RO         2378    x$fpl$dfix          fz_ws.l(dfix.o)
    0x000201c6   0x00000002   PAD
    0x000201c8   0x0000005a   Code   RO         2382    x$fpl$dfixu         fz_ws.l(dfixu.o)
    0x00020222   0x0000002e   Code   RO         2387    x$fpl$dflt          fz_ws.l(dflt_clz.o)
    0x00020250   0x00000026   Code   RO         2386    x$fpl$dfltu         fz_ws.l(dflt_clz.o)
    0x00020276   0x00000002   PAD
    0x00020278   0x00000078   Code   RO         2392    x$fpl$dleqf         fz_ws.l(dleqf.o)
    0x000202f0   0x00000154   Code   RO         2394    x$fpl$dmul          fz_ws.l(dmul.o)
    0x00020444   0x0000009c   Code   RO         2459    x$fpl$dnaninf       fz_ws.l(dnaninf.o)
    0x000204e0   0x0000000c   Code   RO         2461    x$fpl$dretinf       fz_ws.l(dretinf.o)
    0x000204ec   0x0000006c   Code   RO         2396    x$fpl$drleqf        fz_ws.l(drleqf.o)
    0x00020558   0x00000016   Code   RO         2367    x$fpl$drsb          fz_ws.l(daddsub_clz.o)
    0x0002056e   0x00000002   PAD
    0x00020570   0x000001cc   Code   RO         2463    x$fpl$dsqrt         fz_ws.l(dsqrt_noumaal.o)
    0x0002073c   0x000001d4   Code   RO         2368    x$fpl$dsub          fz_ws.l(daddsub_clz.o)
    0x00020910   0x00000056   Code   RO         2398    x$fpl$f2d           fz_ws.l(f2d.o)
    0x00020966   0x00000002   PAD
    0x00020968   0x000000c4   Code   RO         2400    x$fpl$fadd          fz_ws.l(faddsub_clz.o)
    0x00020a2c   0x00000018   Code   RO         2465    x$fpl$fcmpinf       fz_ws.l(fcmpi.o)
    0x00020a44   0x00000184   Code   RO         2407    x$fpl$fdiv          fz_ws.l(fdiv.o)
    0x00020bc8   0x00000068   Code   RO         2410    x$fpl$feqf          fz_ws.l(feqf.o)
    0x00020c30   0x00000036   Code   RO         2412    x$fpl$ffix          fz_ws.l(ffix.o)
    0x00020c66   0x00000002   PAD
    0x00020c68   0x0000003e   Code   RO         2416    x$fpl$ffixu         fz_ws.l(ffixu.o)
    0x00020ca6   0x00000002   PAD
    0x00020ca8   0x00000030   Code   RO         2421    x$fpl$fflt          fz_ws.l(fflt_clz.o)
    0x00020cd8   0x00000026   Code   RO         2420    x$fpl$ffltu         fz_ws.l(fflt_clz.o)
    0x00020cfe   0x00000002   PAD
    0x00020d00   0x00000068   Code   RO         2426    x$fpl$fleqf         fz_ws.l(fleqf.o)
    0x00020d68   0x00000102   Code   RO         2428    x$fpl$fmul          fz_ws.l(fmul.o)
    0x00020e6a   0x0000008c   Code   RO         2467    x$fpl$fnaninf       fz_ws.l(fnaninf.o)
    0x00020ef6   0x0000000a   Code   RO         2469    x$fpl$fretinf       fz_ws.l(fretinf.o)
    0x00020f00   0x00000062   Code   RO         2430    x$fpl$frleqf        fz_ws.l(frleqf.o)
    0x00020f62   0x00000002   PAD
    0x00020f64   0x000000ea   Code   RO         2402    x$fpl$fsub          fz_ws.l(faddsub_clz.o)
    0x0002104e   0x00000064   Code   RO         2518    x$fpl$retnan        fz_ws.l(retnan.o)
    0x000210b2   0x0000005c   Code   RO         2471    x$fpl$scalbn        fz_ws.l(scalbn.o)
    0x0002110e   0x00000030   Code   RO         2571    x$fpl$trapveneer    fz_ws.l(trapv.o)
    0x0002113e   0x00000100   Data   RO          497    .constdata          os_core.o
    0x0002123e   0x00000002   PAD
    0x00021240   0x00000072   Data   RO          661    .constdata          os_dbg.o
    0x000212b2   0x00002c64   Data   RO         1143    .constdata          zk.o
    0x00023f16   0x000031c8   Data   RO         1197    .constdata          picture.o
    0x000270de   0x00000002   PAD
    0x000270e0   0x00000028   Data   RO         1241    .constdata          lcd.o
    0x00027108   0x0000162c   Data   RO         1269    .constdata          menu.o
    0x00028734   0x000001b0   Data   RO         1566    .constdata          keyshow.o
    0x000288e4   0x00000200   Data   RO         2332    .constdata          mbcrc.o
    0x00028ae4   0x00000004   PAD
    0x00028ae8   0x00000038   Data   RO         2434    .constdata          m_ws.l(log.o)
    0x00028b20   0x00000008   Data   RO         2476    .constdata          m_ws.l(qnan.o)
    0x00028b28   0x00000040   Data   RO         2643    Region$$Table       anon$$obj.o


    Execution Region RW_IRAM1 (Base: 0x10000000, Size: 0x00007770, Max: 0x00008000, ABSOLUTE, COMPRESSED[0x00000178])

    Base Addr    Size         Type   Attr      Idx    E Section Name        Object

    0x10000000   0x00000004   Data   RW           25    .data               system_lpc17xx.o
    0x10000004   0x0000004c   Data   RW          728    .data               main.o
    0x10000050   0x00000004   Data   RW          928    .data               uarts.o
    0x10000054   0x00000001   Data   RW         1077    .data               i2c.o
    0x10000055   0x00000003   PAD
    0x10000058   0x00000044   Data   RW         1122    .data               init.o
    0x1000009c   0x00000124   Data   RW         1298    .data               fpga_contorl.o
    0x100001c0   0x0000000a   Data   RW         1350    .data               modbus.o
    0x100001ca   0x00000002   PAD
    0x100001cc   0x000001d4   Data   RW         1498    .data               measure.o
    0x100003a0   0x0000002f   Data   RW         1521    .data               tcpip.o
    0x100003cf   0x0000001a   Data   RW         1591    .data               dtu.o
    0x100003e9   0x00000003   PAD
    0x100003ec   0x000000b0   Data   RW         1778    .data               mb_mfunction.o
    0x1000049c   0x00000010   Data   RW         1798    .data               mbmaster.o
    0x100004ac   0x00000002   Data   RW         1842    .data               output.o
    0x100004ae   0x00000002   Data   RW         2189    .data               portevent.o
    0x100004b0   0x00000030   Zero   RW          226    .bss                lpc17xx_i2c.o
    0x100004e0   0x0000009c   Zero   RW         1497    .bss                measure.o
    0x1000057c   0x00000085   Zero   RW         1590    .bss                dtu.o
    0x10000601   0x00000003   PAD
    0x10000604   0x0000000c   Zero   RW         1737    .bss                mbcommon.o
    0x10000610   0x00000100   Zero   RW         2306    .bss                mbrtu.o
    0x10000710   0x00000060   Zero   RW         2502    .bss                c_w.l(libspace.o)
    0x10000770   0x00007000   Zero   RW            1    STACK               startup_lpc17xx.o


    Execution Region RW_IRAM2 (Base: 0x2007c000, Size: 0x00007770, Max: 0x00008000, ABSOLUTE, COMPRESSED[0x00000944])

    Base Addr    Size         Type   Attr      Idx    E Section Name        Object

    0x2007c000   0x00000004   Data   RW          227    .data               lpc17xx_i2c.o
    0x2007c004   0x00000060   Data   RW          498    .data               os_core.o
    0x2007c064   0x00000002   Data   RW          640    .data               os_cpu_c.o
    0x2007c066   0x00000002   PAD
    0x2007c068   0x00000010   Data   RW         1034    .data               times.o
    0x2007c078   0x00000002   Data   RW         1100    .data               public.o
    0x2007c07a   0x00000034   Data   RW         1144    .data               zk.o
    0x2007c0ae   0x00000002   PAD
    0x2007c0b0   0x0000009c   Data   RW         1163    .data               key.o
    0x2007c14c   0x0000009a   Data   RW         1242    .data               lcd.o
    0x2007c1e6   0x00000002   PAD
    0x2007c1e8   0x000019c4   Data   RW         1270    .data               menu.o
    0x2007dbac   0x00000045   Data   RW         1567    .data               keyshow.o
    0x2007dbf1   0x00000200   Data   RW         1610    .data               mb_rtu.o
    0x2007ddf1   0x00000003   PAD
    0x2007ddf4   0x0000000d   Data   RW         1738    .data               mbcommon.o
    0x2007de01   0x00000006   Data   RW         1818    .data               syshal.o
    0x2007de07   0x00000001   PAD
    0x2007de08   0x000000b8   Data   RW         1948    .data               mb.o
    0x2007dec0   0x00000002   Data   RW         2074    .data               mbfuncother.o
    0x2007dec2   0x00000002   Data   RW         2289    .data               portserial.o
    0x2007dec4   0x0000000c   Data   RW         2307    .data               mbrtu.o
    0x2007ded0   0x00001310   Zero   RW          496    .bss                os_core.o
    0x2007f1e0   0x00001e20   Zero   RW          727    .bss                main.o
    0x20081000   0x00000840   Zero   RW          927    .bss                uarts.o
    0x20081840   0x0000024a   Zero   RW         1162    .bss                key.o
    0x20081a8a   0x00000002   PAD
    0x20081a8c   0x00000020   Zero   RW         1214    .bss                rtc.o
    0x20081aac   0x000013b0   Zero   RW         1240    .bss                lcd.o
    0x20082e5c   0x00000160   Zero   RW         1297    .bss                fpga_contorl.o
    0x20082fbc   0x00000420   Zero   RW         1349    .bss                modbus.o
    0x200833dc   0x00000200   Zero   RW         1520    .bss                tcpip.o
    0x200835dc   0x00000118   Zero   RW         1797    .bss                mbmaster.o
    0x200836f4   0x0000005c   Zero   RW         1841    .bss                output.o
    0x20083750   0x00000020   Zero   RW         2073    .bss                mbfuncother.o
    0x20083770   0x00000000   Zero   RW            2    HEAP                startup_lpc17xx.o


==============================================================================

Image component sizes


      Code (inc. data)   RO Data    RW Data    ZI Data      Debug   Object Name

         0          0          0          0          0       4212   core_cm3.o
        42          0          0          0          0        256   cpu_a.o
         0          0          0          0          0       7516   cpu_c.o
         0          0          0          0          0      28944   debug_frmwrk.o
       720         26          0          0          0       2520   dio.o
      1412         90          0         26        133       1795   dtu.o
     10324       1240          0        292        352      17517   fpga_contorl.o
       608         18          0          1          0      19419   i2c.o
      2068        284          0         68          0       3025   init.o
     23060       2566          0        156        586      20533   key.o
      8824        496        432         69          0       8679   keyshow.o
     13532        866         40        154       5040      23362   lcd.o
       336         32          0          0          0       1735   lpc17xx_clkpwr.o
      1088         62          0          0          0       9487   lpc17xx_gpio.o
      2944        134          0          4         48      27638   lpc17xx_i2c.o
       256          4          0          0          0       2073   lpc17xx_pinsel.o
      2468        112          0          0          0       9079   lpc17xx_rtc.o
      1644         62          0          0          0       8671   lpc17xx_timer.o
      3550         92          0          0          0      10017   lpc17xx_uart.o
      2436        350          0         76       7712      27473   main.o
       852        114          0        184          0       6637   mb.o
       762          0          0        176          0       4721   mb_mfunction.o
        56          8          0        512          0       5928   mb_rtu.o
       372         22          0         13         12       3317   mbcommon.o
        56          8        512          0          0       1008   mbcrc.o
       430          0          0          0          0       3459   mbfunccoils.o
       172          0          0          0          0       1448   mbfuncdisc.o
       528          0          0          0          0       3677   mbfuncholding.o
       140          0          0          0          0       1399   mbfuncinput.o
       148          8          0          2         32       1557   mbfuncother.o
       596         48          0         16        280       2665   mbmaster.o
       756         62          0         12        256       3569   mbrtu.o
       150          0          0          0          0       2023   mbtcp.o
       216         38          0          0          0       1738   mbutils.o
      9196       1096          0        468        156       6647   measure.o
      5768        976       5676       6596          0      10229   menu.o
       648         32          0         10       1056       3609   modbus.o
      3192        232        256         96       4880      20735   os_core.o
       164         32          0          0          0        324   os_cpu_a.o
       300          8          0          2          0      13938   os_cpu_c.o
       348        230        114          0          0       3333   os_dbg.o
      2060         42          0          0          0      16779   os_flag.o
       996         20          0          0          0       4002   os_mbox.o
       468         18          0          0          0       2948   os_mem.o
      1564         50          0          0          0       4350   os_mutex.o
      1508         34          0          0          0       5361   os_q.o
       936         20          0          0          0       3750   os_sem.o
      1872         62          0          0          0       6573   os_task.o
       416         24          0          0          0       1690   os_time.o
      1600        120          0          0          0       5345   os_tmr.o
       356          0          0          0          0       4000   osfunfile.o
      2748        232          0          2         92       9118   output.o
         0          0      12744          0          0        553   picture.o
         4          0          0          0          0        467   port.o
        60          8          0          2          0       1292   portevent.o
       280         16          0          2          0       2108   portserial.o
        80         14          0          0          0       1671   porttcp.o
       228         18          0          0          0      17546   porttimer.o
      1412         20          0          2          0       6378   public.o
       400         62          0          0         32      17350   rtc.o
      2784          0          0          0          0       5620   spi.o
        64         26        204          0      28672       1032   startup_lpc17xx.o
      1056          8          0          0          0       2154   store.o
       252         34          0          6          0       2092   syshal.o
       568         66          0          4          0        921   system_lpc17xx.o
      2324         64          0         47        512      10834   tcpip.o
       868         78          0         16          0       2867   times.o
      2676         76          0          4       2112      31456   uarts.o
         0          0      11364         52          0       2690   zk.o

    ----------------------------------------------------------------------
    127752      10460      31414       9088      51968     506859   Object Totals
         0          0         64          0          0          0   (incl. Generated)
        10          0          8         18          5          0   (incl. Padding)

    ----------------------------------------------------------------------

      Code (inc. data)   RO Data    RW Data    ZI Data      Debug   Library Member Name

       100          0          0          0          0          0   __dclz77c.o
         8          0          0          0          0         68   __main.o
        52          8          0          0          0          0   __scatter.o
        28          0          0          0          0          0   __scatter_zi.o
        22          0          0          0          0        100   _rserrno.o
        12          0          0          0          0         72   exit.o
         6          0          0          0          0        152   heapauxi.o
         0          0          0          0          0          0   indicate_semi.o
         2          0          0          0          0          0   libinit.o
         2          0          0          0          0          0   libinit2.o
         2          0          0          0          0          0   libshutdown.o
         2          0          0          0          0          0   libshutdown2.o
         8          4          0          0         96         68   libspace.o
       238          0          0          0          0        100   lludivv7m.o
         8          4          0          0          0         68   rt_errno_addr_intlibspace.o
        78          0          0          0          0         80   rt_memclr_w.o
       138          0          0          0          0         68   rt_memcpy_v6.o
       100          0          0          0          0         80   rt_memcpy_w.o
         0          0          0          0          0          0   rtentry.o
        12          0          0          0          0          0   rtentry2.o
         6          0          0          0          0          0   rtentry4.o
         2          0          0          0          0          0   rtexit.o
        10          0          0          0          0          0   rtexit2.o
       128          0          0          0          0         68   strcmpv7m.o
        12          4          0          0          0         68   sys_exit.o
        74          0          0          0          0         80   sys_stackheap_outer.o
         2          0          0          0          0         68   use_no_semi.o
        98          4          0          0          0         92   d2f.o
       826         16          0          0          0        348   daddsub_clz.o
        16          4          0          0          0         68   dcheck1.o
        24          0          0          0          0         68   dcmpi.o
       688        140          0          0          0        208   ddiv.o
       120          4          0          0          0         92   deqf.o
        94          4          0          0          0         92   dfix.o
        90          4          0          0          0         92   dfixu.o
        84          0          0          0          0        136   dflt_clz.o
       120          4          0          0          0         92   dleqf.o
       340         12          0          0          0        104   dmul.o
       156          4          0          0          0         92   dnaninf.o
        12          0          0          0          0         68   dretinf.o
       108          0          0          0          0         80   drleqf.o
       460         56          0          0          0        120   dsqrt_noumaal.o
        86          4          0          0          0         84   f2d.o
       430          8          0          0          0        168   faddsub_clz.o
        24          0          0          0          0         68   fcmpi.o
       388         76          0          0          0         96   fdiv.o
       104          4          0          0          0         84   feqf.o
        54          4          0          0          0         84   ffix.o
        62          4          0          0          0         84   ffixu.o
        86          0          0          0          0        136   fflt_clz.o
       104          4          0          0          0         84   fleqf.o
       258          4          0          0          0         84   fmul.o
       140          4          0          0          0         84   fnaninf.o
        10          0          0          0          0         68   fretinf.o
        98          0          0          0          0         68   frleqf.o
       100          0          0          0          0         68   retnan.o
        92          0          0          0          0         68   scalbn.o
        48          0          0          0          0         68   trapv.o
         0          0          0          0          0          0   usenofp.o
       880         58         56          0          0        264   log.o
       170          0          0          0          0         96   poly.o
         0          0          8          0          0          0   qnan.o
        76          0          0          0          0         84   sqrt.o

    ----------------------------------------------------------------------
      7530        442         64          0         96       4732   Library Totals
        32          0          0          0          0          0   (incl. Padding)

    ----------------------------------------------------------------------

      Code (inc. data)   RO Data    RW Data    ZI Data      Debug   Library Name

      1052         20          0          0         96       1140   c_w.l
      5320        364          0          0          0       3148   fz_ws.l
      1126         58         64          0          0        444   m_ws.l

    ----------------------------------------------------------------------
      7530        442         64          0         96       4732   Library Totals

    ----------------------------------------------------------------------

==============================================================================


      Code (inc. data)   RO Data    RW Data    ZI Data      Debug   

    135282      10902      31478       9088      52064     504311   Grand Totals
    135282      10902      31478       2748      52064     504311   ELF Image Totals (compressed)
    135282      10902      31478       2748          0          0   ROM Totals

==============================================================================

    Total RO  Size (Code + RO Data)               166760 ( 162.85kB)
    Total RW  Size (RW Data + ZI Data)             61152 (  59.72kB)
    Total ROM Size (Code + RO Data + RW Data)     169508 ( 165.54kB)

==============================================================================

